<html>
<body>
<pre>
<h1>µVision Build Log</h1>
<h2>Tool Versions:</h2>
IDE-Version: µVision V5.23.0.0
Copyright (C) 2017 ARM Ltd and ARM Germany GmbH. All rights reserved.
License Information: d d, d, LIC=----
 
Tool Versions:
Toolchain:       MDK-Lite  Version: 5.23
Toolchain Path:  C:\Keil_v5\ARM\ARMCC\Bin
C Compiler:      Armcc.exe V5.06 update 4 (build 422)
Assembler:       Armasm.exe V5.06 update 4 (build 422)
Linker/Locator:  ArmLink.exe V5.06 update 4 (build 422)
Library Manager: ArmAr.exe V5.06 update 4 (build 422)
Hex Converter:   FromElf.exe V5.06 update 4 (build 422)
CPU DLL:         SARMCM3.DLL V5.23
Dialog DLL:      DARMCM1.DLL V1.17.0.0
Target DLL:      STLink\ST-LINKIII-KEIL_SWO.dll V2.0.18.0
Dialog DLL:      TARMCM1.DLL V1.12.0.0
 
<h2>Project:</h2>
J:\MotorMonitor\firmware\motorMonitor\testProj.uvprojx
Project File Date:  08/08/2018

<h2>Output:</h2>
*** Using Compiler 'V5.06 update 4 (build 422)', folder: 'C:\Keil_v5\ARM\ARMCC\Bin'
Rebuild target 'motorMonitorPlus'
compiling globals.c...
assembling startup.s...
compiling led.c...
compiling cpuhal.c...
compiling timerHal.c...
compiling stm32l0xx_hal_comp_ex.c...
compiling gpioHal.c...
compiling uartHal.c...
compiling main_fw.c...
main_fw.c(21): warning:  #223-D: function "initSysTick" declared implicitly
  	initSysTick();
main_fw.c: 1 warning, 0 errors
compiling stm32l0xx_hal.c...
compiling stm32l0xx_hal_cryp.c...
compiling stm32l0xx_hal_adc.c...
compiling stm32l0xx_hal_cryp_ex.c...
compiling stm32l0xx_hal_comp.c...
compiling stm32l0xx_hal_adc_ex.c...
compiling spiHal.c...
compiling stm32l0xx_hal_cortex.c...
compiling stm32l0xx_hal_crc.c...
compiling stm32l0xx_hal_crc_ex.c...
compiling stm32l0xx_hal_flash_ramfunc.c...
compiling stm32l0xx_hal_dac_ex.c...
compiling stm32l0xx_hal_gpio.c...
compiling stm32l0xx_hal_flash.c...
compiling stm32l0xx_hal_dac.c...
compiling stm32l0xx_hal_firewall.c...
compiling stm32l0xx_hal_i2c_ex.c...
compiling stm32l0xx_hal_flash_ex.c...
compiling stm32l0xx_hal_i2s.c...
compiling stm32l0xx_hal_i2c.c...
compiling stm32l0xx_hal_dma.c...
compiling stm32l0xx_hal_iwdg.c...
compiling stm32l0xx_hal_msp_template.c...
compiling stm32l0xx_hal_irda.c...
compiling stm32l0xx_hal_pcd_ex.c...
compiling stm32l0xx_hal_lcd.c...
compiling stm32l0xx_hal_lptim.c...
compiling stm32l0xx_hal_pwr_ex.c...
compiling stm32l0xx_hal_pwr.c...
compiling stm32l0xx_hal_pcd.c...
compiling stm32l0xx_hal_rcc_ex.c...
compiling stm32l0xx_hal_rcc.c...
compiling stm32l0xx_hal_smartcard_ex.c...
compiling stm32l0xx_hal_tim_ex.c...
compiling stm32l0xx_hal_rng.c...
compiling stm32l0xx_hal_tsc.c...
compiling stm32l0xx_hal_spi.c...
compiling stm32l0xx_hal_smartcard.c...
compiling stm32l0xx_hal_rtc.c...
compiling stm32l0xx_hal_rtc_ex.c...
compiling stm32l0xx_hal_tim.c...
compiling stm32l0xx_hal_smbus.c...
compiling stm32l0xx_ll_comp.c...
compiling stm32l0xx_ll_dac.c...
compiling stm32l0xx_ll_crs.c...
compiling stm32l0xx_ll_dma.c...
compiling stm32l0xx_ll_crc.c...
compiling stm32l0xx_ll_exti.c...
compiling stm32l0xx_ll_gpio.c...
compiling stm32l0xx_ll_adc.c...
compiling stm32l0xx_ll_i2c.c...
compiling stm32l0xx_ll_lptim.c...
compiling stm32l0xx_ll_pwr.c...
compiling stm32l0xx_ll_lpuart.c...
compiling stm32l0xx_ll_rng.c...
compiling stm32l0xx_ll_rcc.c...
compiling stm32l0xx_ll_rtc.c...
compiling stm32l0xx_ll_spi.c...
compiling stm32l0xx_ll_tim.c...
compiling stm32l0xx_hal_uart_ex.c...
compiling stm32l0xx_ll_usart.c...
compiling stm32l0xx_hal_wwdg.c...
compiling stm32l0xx_hal_usart.c...
compiling stm32l0xx_hal_uart.c...
compiling system_stm32l0xx.c...
compiling stm32l0xx_ll_utils.c...
compiling sampler.c...
compiling MC23A1024.c...
compiling memorySelfTest.c...
compiling adc.c...
compiling zigbee.c...
compiling ldo.c...
compiling menu.c...
linking...
Program Size: Code=3036 RO-data=260 RW-data=16 ZI-data=1800  
".\Objects\testProj.axf" - 0 Error(s), 1 Warning(s).

<h2>Collection of Component include folders:</h2>
  .\RTE\_motorMonitorPlus
  C:\Keil_v5\ARM\PACK\Keil\STM32L0xx_DFP\1.6.0\Device\Include

<h2>Collection of Component Files used:</h2>
Build Time Elapsed:  00:00:11
</pre>
</body>
</html>
