Component: ARM Compiler 5.06 update 4 (build 422) Tool: armlink [4d35d2]

==============================================================================

Section Cross References

    startup.o(STACK) refers (Special) to heapauxi.o(.text) for __use_two_region_memory
    startup.o(HEAP) refers (Special) to heapauxi.o(.text) for __use_two_region_memory
    startup.o(RESET) refers (Special) to heapauxi.o(.text) for __use_two_region_memory
    startup.o(RESET) refers to startup.o(STACK) for __initial_sp
    startup.o(RESET) refers to startup.o(.text) for Reset_Handler
    startup.o(RESET) refers to timerhal.o(i.SysTick_Handler) for SysTick_Handler
    startup.o(RESET) refers to timerhal.o(i.TIM2_IRQHandler) for TIM2_IRQHandler
    startup.o(.text) refers (Special) to heapauxi.o(.text) for __use_two_region_memory
    startup.o(.text) refers to __main.o(!!!main) for __main
    startup.o(.text) refers to startup.o(HEAP) for Heap_Mem
    startup.o(.text) refers to startup.o(STACK) for Stack_Mem
    main_fw.o(i.main) refers to cpuhal.o(i.initRcc4mhz) for initRcc4mhz
    main_fw.o(i.main) refers to timerhal.o(i.timerInit) for timerInit
    main_fw.o(i.main) refers to uarthal.o(i.initUart) for initUart
    main_fw.o(i.main) refers to timerhal.o(i.timerInitTim21) for timerInitTim21
    main_fw.o(i.main) refers to spihal.o(i.initSpis) for initSpis
    main_fw.o(i.main) refers to zigbee.o(i.initZigbeeGpioPins) for initZigbeeGpioPins
    main_fw.o(i.main) refers to ldo.o(i.iniLdoClocksAndPins) for iniLdoClocksAndPins
    main_fw.o(i.main) refers to ldo.o(i.disableSamplingSupply) for disableSamplingSupply
    main_fw.o(i.main) refers to adc.o(i.initAdc) for initAdc
    main_fw.o(i.main) refers to rtos.o(i.kernal) for kernal
    spihal.o(i.deinitSpiGpiosAnalog) refers to stm32l0xx_hal_gpio.o(i.HAL_GPIO_Init) for HAL_GPIO_Init
    spihal.o(i.initSpiGpiosAnalog) refers to stm32l0xx_hal_gpio.o(i.HAL_GPIO_Init) for HAL_GPIO_Init
    spihal.o(i.initSpiGpiosAnalog) refers to stm32l0xx_hal_gpio.o(i.HAL_GPIO_WritePin) for HAL_GPIO_WritePin
    spihal.o(i.initSpiGpiosDigital) refers to stm32l0xx_hal_gpio.o(i.HAL_GPIO_Init) for HAL_GPIO_Init
    spihal.o(i.initSpiGpiosDigital) refers to stm32l0xx_hal_gpio.o(i.HAL_GPIO_WritePin) for HAL_GPIO_WritePin
    spihal.o(i.initSpis) refers to spihal.o(i.initSpiGpiosDigital) for initSpiGpiosDigital
    spihal.o(i.initSpis) refers to spihal.o(i.initSpiGpiosAnalog) for initSpiGpiosAnalog
    spihal.o(i.initSpis) refers to stm32l0xx_hal_spi.o(i.HAL_SPI_Init) for HAL_SPI_Init
    spihal.o(i.initSpis) refers to spihal.o(.bss) for SpiHandleMem
    spihal.o(i.readByteSpiLld) refers to spihal.o(i.writeByteSpiLld) for writeByteSpiLld
    spihal.o(i.readByteSpiLld) refers to spihal.o(.bss) for SpiHandleMem
    spihal.o(i.spiGet) refers to stm32l0xx_hal_spi.o(i.HAL_SPI_Receive) for HAL_SPI_Receive
    spihal.o(i.spiGet) refers to spihal.o(.bss) for SpiHandleAnalog
    spihal.o(i.spiPut) refers to stm32l0xx_hal_spi.o(i.HAL_SPI_Transmit) for HAL_SPI_Transmit
    spihal.o(i.spiPut) refers to spihal.o(.bss) for SpiHandleAnalog
    spihal.o(i.spiPutByte) refers to stm32l0xx_hal_spi.o(i.HAL_SPI_Transmit) for HAL_SPI_Transmit
    spihal.o(i.spiPutByte) refers to spihal.o(.bss) for SpiHandleAnalog
    spihal.o(i.spiPutGet) refers to stm32l0xx_hal_spi.o(i.HAL_SPI_TransmitReceive) for HAL_SPI_TransmitReceive
    spihal.o(i.spiPutGet) refers to spihal.o(.bss) for SpiHandleAnalog
    spihal.o(i.spiWrite) refers to stm32l0xx_hal_spi.o(i.HAL_SPI_Transmit) for HAL_SPI_Transmit
    spihal.o(i.spiWrite) refers to stm32l0xx_hal_gpio.o(i.HAL_GPIO_WritePin) for HAL_GPIO_WritePin
    spihal.o(i.spiWrite) refers to spihal.o(.bss) for SpiHandleMem
    spihal.o(i.writeByteSpiLld) refers to spihal.o(.bss) for SpiHandleMem
    timerhal.o(i.SysTick_Handler) refers to globals.o(.data) for simVoltage
    timerhal.o(i.TIM2_IRQHandler) refers to stm32l0xx_hal_cortex.o(i.HAL_NVIC_ClearPendingIRQ) for HAL_NVIC_ClearPendingIRQ
    timerhal.o(i.TIM2_IRQHandler) refers to timerhal.o(.bss) for timerHandle
    timerhal.o(i.TIM2_IRQHandler) refers to timerhal.o(.data) for generalTimerDone
    timerhal.o(i.sleepWFImultiplesOf1000ms) refers to stm32l0xx_hal_cortex.o(i.HAL_NVIC_ClearPendingIRQ) for HAL_NVIC_ClearPendingIRQ
    timerhal.o(i.sleepWFImultiplesOf1000ms) refers to timerhal.o(.bss) for timerHandle
    timerhal.o(i.sleepWFImultiplesOf1000ms) refers to timerhal.o(.data) for generalTimerDone
    timerhal.o(i.sleepWFImultiplesOf100ms) refers to stm32l0xx_hal_cortex.o(i.HAL_NVIC_ClearPendingIRQ) for HAL_NVIC_ClearPendingIRQ
    timerhal.o(i.sleepWFImultiplesOf100ms) refers to timerhal.o(.bss) for timerHandle
    timerhal.o(i.sleepWFImultiplesOf100ms) refers to timerhal.o(.data) for generalTimerDone
    timerhal.o(i.sleepWFImultiplesOf10ms) refers to stm32l0xx_hal_cortex.o(i.HAL_NVIC_ClearPendingIRQ) for HAL_NVIC_ClearPendingIRQ
    timerhal.o(i.sleepWFImultiplesOf10ms) refers to timerhal.o(.bss) for timerHandle
[...]
    adc\\adc.c                               0x00000000   Number         0  adc.o ABSOLUTE
    adc\adc.c                                0x00000000   Number         0  adc.o ABSOLUTE
    core\RTOS.c                              0x00000000   Number         0  rtos.o ABSOLUTE
    core\\RTOS.c                             0x00000000   Number         0  rtos.o ABSOLUTE
    core\\crc.c                              0x00000000   Number         0  crc.o ABSOLUTE
    core\\sampler.c                          0x00000000   Number         0  sampler.o ABSOLUTE
    core\\sectorLogic.c                      0x00000000   Number         0  sectorlogic.o ABSOLUTE
    core\\sectorTest.c                       0x00000000   Number         0  sectortest.o ABSOLUTE
    core\crc.c                               0x00000000   Number         0  crc.o ABSOLUTE
    core\sampler.c                           0x00000000   Number         0  sampler.o ABSOLUTE
    core\sectorLogic.c                       0x00000000   Number         0  sectorlogic.o ABSOLUTE
    core\sectorTest.c                        0x00000000   Number         0  sectortest.o ABSOLUTE
    dc.s                                     0x00000000   Number         0  dc.o ABSOLUTE
    globals.c                                0x00000000   Number         0  globals.o ABSOLUTE
    hal\\cpuhal.c                            0x00000000   Number         0  cpuhal.o ABSOLUTE
    hal\\gpioHal.c                           0x00000000   Number         0  gpiohal.o ABSOLUTE
    hal\\spiHal.c                            0x00000000   Number         0  spihal.o ABSOLUTE
    hal\\timerHal.c                          0x00000000   Number         0  timerhal.o ABSOLUTE
    hal\\uartHal.c                           0x00000000   Number         0  uarthal.o ABSOLUTE
    hal\cpuhal.c                             0x00000000   Number         0  cpuhal.o ABSOLUTE
    hal\gpioHal.c                            0x00000000   Number         0  gpiohal.o ABSOLUTE
    hal\led.c                                0x00000000   Number         0  led.o ABSOLUTE
    hal\spiHal.c                             0x00000000   Number         0  spihal.o ABSOLUTE
    hal\timerHal.c                           0x00000000   Number         0  timerhal.o ABSOLUTE
    hal\uartHal.c                            0x00000000   Number         0  uarthal.o ABSOLUTE
    main_fw.c                                0x00000000   Number         0  main_fw.o ABSOLUTE
    main_fw.c                                0x00000000   Number         0  main_fw.o ABSOLUTE
    menu\\menu.c                             0x00000000   Number         0  menu.o ABSOLUTE
    menu\menu.c                              0x00000000   Number         0  menu.o ABSOLUTE
    pga.c                                    0x00000000   Number         0  pga.o ABSOLUTE
    pga.c                                    0x00000000   Number         0  pga.o ABSOLUTE
    powerHal\\ldo.c                          0x00000000   Number         0  ldo.o ABSOLUTE
    powerHal\ldo.c                           0x00000000   Number         0  ldo.o ABSOLUTE
    selfTest\\memorySelfTest.c               0x00000000   Number         0  memoryselftest.o ABSOLUTE
    selfTest\memorySelfTest.c                0x00000000   Number         0  memoryselftest.o ABSOLUTE
    startup.s                                0x00000000   Number         0  startup.o ABSOLUTE
    system\\system_stm32l0xx.c               0x00000000   Number         0  system_stm32l0xx.o ABSOLUTE
    system\system_stm32l0xx.c                0x00000000   Number         0  system_stm32l0xx.o ABSOLUTE
    zigbee\\zigbee.c                         0x00000000   Number         0  zigbee.o ABSOLUTE
    zigbee\zigbee.c                          0x00000000   Number         0  zigbee.o ABSOLUTE
    RESET                                    0x08000000   Section      192  startup.o(RESET)
    !!!main                                  0x080000c0   Section        8  __main.o(!!!main)
    !!!scatter                               0x080000c8   Section       60  __scatter.o(!!!scatter)
    !!handler_zi                             0x08000104   Section       28  __scatter_zi.o(!!handler_zi)
    .ARM.Collect$$libinit$$00000000          0x08000120   Section        2  libinit.o(.ARM.Collect$$libinit$$00000000)
    .ARM.Collect$$libinit$$00000002          0x08000122   Section        0  libinit2.o(.ARM.Collect$$libinit$$00000002)
    .ARM.Collect$$libinit$$00000004          0x08000122   Section        0  libinit2.o(.ARM.Collect$$libinit$$00000004)
    .ARM.Collect$$libinit$$0000000A          0x08000122   Section        0  libinit2.o(.ARM.Collect$$libinit$$0000000A)
    .ARM.Collect$$libinit$$0000000C          0x08000122   Section        0  libinit2.o(.ARM.Collect$$libinit$$0000000C)
    .ARM.Collect$$libinit$$0000000E          0x08000122   Section        0  libinit2.o(.ARM.Collect$$libinit$$0000000E)
    .ARM.Collect$$libinit$$00000011          0x08000122   Section        0  libinit2.o(.ARM.Collect$$libinit$$00000011)
    .ARM.Collect$$libinit$$00000013          0x08000122   Section        0  libinit2.o(.ARM.Collect$$libinit$$00000013)
    .ARM.Collect$$libinit$$00000015          0x08000122   Section        0  libinit2.o(.ARM.Collect$$libinit$$00000015)
    .ARM.Collect$$libinit$$00000017          0x08000122   Section        0  libinit2.o(.ARM.Collect$$libinit$$00000017)
    .ARM.Collect$$libinit$$00000019          0x08000122   Section        0  libinit2.o(.ARM.Collect$$libinit$$00000019)
    .ARM.Collect$$libinit$$0000001B          0x08000122   Section        0  libinit2.o(.ARM.Collect$$libinit$$0000001B)
    .ARM.Collect$$libinit$$0000001D          0x08000122   Section        0  libinit2.o(.ARM.Collect$$libinit$$0000001D)
    .ARM.Collect$$libinit$$0000001F          0x08000122   Section        0  libinit2.o(.ARM.Collect$$libinit$$0000001F)
    .ARM.Collect$$libinit$$00000021          0x08000122   Section        0  libinit2.o(.ARM.Collect$$libinit$$00000021)
    .ARM.Collect$$libinit$$00000023          0x08000122   Section        0  libinit2.o(.ARM.Collect$$libinit$$00000023)
    .ARM.Collect$$libinit$$00000025          0x08000122   Section        0  libinit2.o(.ARM.Collect$$libinit$$00000025)
    .ARM.Collect$$libinit$$0000002C          0x08000122   Section        0  libinit2.o(.ARM.Collect$$libinit$$0000002C)
    .ARM.Collect$$libinit$$0000002E          0x08000122   Section        0  libinit2.o(.ARM.Collect$$libinit$$0000002E)
    .ARM.Collect$$libinit$$00000030          0x08000122   Section        0  libinit2.o(.ARM.Collect$$libinit$$00000030)
    .ARM.Collect$$libinit$$00000032          0x08000122   Section        0  libinit2.o(.ARM.Collect$$libinit$$00000032)
    .ARM.Collect$$libinit$$00000033          0x08000122   Section        2  libinit2.o(.ARM.Collect$$libinit$$00000033)
    .ARM.Collect$$libshutdown$$00000000      0x08000124   Section        2  libshutdown.o(.ARM.Collect$$libshutdown$$00000000)
    .ARM.Collect$$libshutdown$$00000002      0x08000126   Section        0  libshutdown2.o(.ARM.Collect$$libshutdown$$00000002)
    .ARM.Collect$$libshutdown$$00000004      0x08000126   Section        0  libshutdown2.o(.ARM.Collect$$libshutdown$$00000004)
    .ARM.Collect$$libshutdown$$00000007      0x08000126   Section        0  libshutdown2.o(.ARM.Collect$$libshutdown$$00000007)
    .ARM.Collect$$libshutdown$$0000000A      0x08000126   Section        0  libshutdown2.o(.ARM.Collect$$libshutdown$$0000000A)
    .ARM.Collect$$libshutdown$$0000000C      0x08000126   Section        0  libshutdown2.o(.ARM.Collect$$libshutdown$$0000000C)
    .ARM.Collect$$libshutdown$$0000000F      0x08000126   Section        0  libshutdown2.o(.ARM.Collect$$libshutdown$$0000000F)
    .ARM.Collect$$libshutdown$$00000010      0x08000126   Section        2  libshutdown2.o(.ARM.Collect$$libshutdown$$00000010)
    .ARM.Collect$$rtentry$$00000000          0x08000128   Section        0  __rtentry.o(.ARM.Collect$$rtentry$$00000000)
    .ARM.Collect$$rtentry$$00000002          0x08000128   Section        0  __rtentry2.o(.ARM.Collect$$rtentry$$00000002)
    .ARM.Collect$$rtentry$$00000004          0x08000128   Section        6  __rtentry4.o(.ARM.Collect$$rtentry$$00000004)
    .ARM.Collect$$rtentry$$00000009          0x0800012e   Section        0  __rtentry2.o(.ARM.Collect$$rtentry$$00000009)
    .ARM.Collect$$rtentry$$0000000A          0x0800012e   Section        4  __rtentry2.o(.ARM.Collect$$rtentry$$0000000A)
    .ARM.Collect$$rtentry$$0000000C          0x08000132   Section        0  __rtentry2.o(.ARM.Collect$$rtentry$$0000000C)
    .ARM.Collect$$rtentry$$0000000D          0x08000132   Section        8  __rtentry2.o(.ARM.Collect$$rtentry$$0000000D)
    .ARM.Collect$$rtexit$$00000000           0x0800013a   Section        2  rtexit.o(.ARM.Collect$$rtexit$$00000000)
    .ARM.Collect$$rtexit$$00000002           0x0800013c   Section        0  rtexit2.o(.ARM.Collect$$rtexit$$00000002)
    .ARM.Collect$$rtexit$$00000003           0x0800013c   Section        4  rtexit2.o(.ARM.Collect$$rtexit$$00000003)
    .ARM.Collect$$rtexit$$00000004           0x08000140   Section        6  rtexit2.o(.ARM.Collect$$rtexit$$00000004)
    .emb_text                                0x08000148   Section       56  rt_memcpy.o(.emb_text)
    .text                                    0x08000180   Section       48  startup.o(.text)
    .text                                    0x080001b0   Section        0  lludiv.o(.text)
    .text                                    0x080002b2   Section        0  rt_memclr.o(.text)
    .text                                    0x080002f2   Section      346  aeabi_sdiv.o(.text)
    .text                                    0x0800044c   Section        0  heapauxi.o(.text)
    .text                                    0x08000452   Section       62  sys_stackheap_outer.o(.text)
    .text                                    0x08000490   Section        0  exit.o(.text)
    .text                                    0x080004a0   Section        8  libspace.o(.text)
    .text                                    0x080004a8   Section        0  sys_exit.o(.text)
    .text                                    0x080004b4   Section        2  use_no_semi.o(.text)
    .text                                    0x080004b6   Section        0  indicate_semi.o(.text)
    .text                                    0x080004b6   Section        0  __dczerorl2.o(.text)
    i.ADC_DelayMicroSecond                   0x0800050c   Section        0  stm32l0xx_hal_adc.o(i.ADC_DelayMicroSecond)
    ADC_DelayMicroSecond                     0x0800050d   Thumb Code    34  stm32l0xx_hal_adc.o(i.ADC_DelayMicroSecond)
    i.ADC_Enable                             0x08000538   Section        0  stm32l0xx_hal_adc.o(i.ADC_Enable)
    ADC_Enable                               0x08000539   Thumb Code   160  stm32l0xx_hal_adc.o(i.ADC_Enable)
    i.HAL_ADCEx_Calibration_Start            0x080005dc   Section        0  stm32l0xx_hal_adc_ex.o(i.HAL_ADCEx_Calibration_Start)
    i.HAL_ADC_ConfigChannel                  0x080006b4   Section        0  stm32l0xx_hal_adc.o(i.HAL_ADC_ConfigChannel)
    i.HAL_ADC_GetValue                       0x080007fc   Section        0  stm32l0xx_hal_adc.o(i.HAL_ADC_GetValue)
    i.HAL_ADC_Init                           0x08000804   Section        0  stm32l0xx_hal_adc.o(i.HAL_ADC_Init)
    i.HAL_ADC_MspInit                        0x08000a38   Section        0  stm32l0xx_hal_adc.o(i.HAL_ADC_MspInit)
    i.HAL_ADC_PollForConversion              0x08000a3a   Section        0  stm32l0xx_hal_adc.o(i.HAL_ADC_PollForConversion)
    i.HAL_ADC_Start                          0x08000b24   Section        0  stm32l0xx_hal_adc.o(i.HAL_ADC_Start)
    i.HAL_GPIO_Init                          0x08000b9c   Section        0  stm32l0xx_hal_gpio.o(i.HAL_GPIO_Init)
    i.HAL_GPIO_WritePin                      0x08000d88   Section        0  stm32l0xx_hal_gpio.o(i.HAL_GPIO_WritePin)
    i.HAL_GetTick                            0x08000d94   Section        0  stm32l0xx_hal.o(i.HAL_GetTick)
    i.HAL_InitTick                           0x08000da0   Section        0  stm32l0xx_hal.o(i.HAL_InitTick)
    i.HAL_NVIC_ClearPendingIRQ               0x08000dc8   Section        0  stm32l0xx_hal_cortex.o(i.HAL_NVIC_ClearPendingIRQ)
    i.HAL_NVIC_EnableIRQ                     0x08000de0   Section        0  stm32l0xx_hal_cortex.o(i.HAL_NVIC_EnableIRQ)
    i.HAL_NVIC_SetPriority                   0x08000df8   Section        0  stm32l0xx_hal_cortex.o(i.HAL_NVIC_SetPriority)
    i.HAL_RCCEx_GetPeriphCLKFreq             0x08000e0c   Section        0  stm32l0xx_hal_rcc_ex.o(i.HAL_RCCEx_GetPeriphCLKFreq)
    i.HAL_RCC_ClockConfig                    0x08001144   Section        0  stm32l0xx_hal_rcc.o(i.HAL_RCC_ClockConfig)
    i.HAL_RCC_GetHCLKFreq                    0x0800133c   Section        0  stm32l0xx_hal_rcc.o(i.HAL_RCC_GetHCLKFreq)
    i.HAL_RCC_GetPCLK1Freq                   0x08001348   Section        0  stm32l0xx_hal_rcc.o(i.HAL_RCC_GetPCLK1Freq)
    i.HAL_RCC_GetPCLK2Freq                   0x0800136c   Section        0  stm32l0xx_hal_rcc.o(i.HAL_RCC_GetPCLK2Freq)
    i.HAL_RCC_GetSysClockFreq                0x08001390   Section        0  stm32l0xx_hal_rcc.o(i.HAL_RCC_GetSysClockFreq)
    i.HAL_RCC_OscConfig                      0x08001474   Section        0  stm32l0xx_hal_rcc.o(i.HAL_RCC_OscConfig)
    i.HAL_SPI_Init                           0x08001b48   Section        0  stm32l0xx_hal_spi.o(i.HAL_SPI_Init)
    i.HAL_SPI_MspInit                        0x08001bd6   Section        0  stm32l0xx_hal_spi.o(i.HAL_SPI_MspInit)
    i.HAL_SPI_Transmit                       0x08001bd8   Section        0  stm32l0xx_hal_spi.o(i.HAL_SPI_Transmit)
    i.HAL_SPI_TransmitReceive                0x08001db2   Section        0  stm32l0xx_hal_spi.o(i.HAL_SPI_TransmitReceive)
    i.HAL_SYSTICK_Config                     0x08002130   Section        0  stm32l0xx_hal_cortex.o(i.HAL_SYSTICK_Config)
    i.HAL_UART_Init                          0x08002168   Section        0  stm32l0xx_hal_uart.o(i.HAL_UART_Init)
    i.HAL_UART_MspInit                       0x080021ea   Section        0  stm32l0xx_hal_uart.o(i.HAL_UART_MspInit)
    i.HAL_UART_Receive                       0x080021ec   Section        0  stm32l0xx_hal_uart.o(i.HAL_UART_Receive)
    i.HAL_UART_Transmit                      0x08002338   Section        0  stm32l0xx_hal_uart.o(i.HAL_UART_Transmit)
    i.NVIC_SetPriority                       0x08002428   Section        0  stm32l0xx_hal_cortex.o(i.NVIC_SetPriority)
    NVIC_SetPriority                         0x08002429   Thumb Code   110  stm32l0xx_hal_cortex.o(i.NVIC_SetPriority)
    i.RCC_SetFlashLatencyFromMSIRange        0x080024a0   Section        0  stm32l0xx_hal_rcc.o(i.RCC_SetFlashLatencyFromMSIRange)
    RCC_SetFlashLatencyFromMSIRange          0x080024a1   Thumb Code   138  stm32l0xx_hal_rcc.o(i.RCC_SetFlashLatencyFromMSIRange)
    i.SPI_WaitOnFlagUntilTimeout             0x08002538   Section        0  stm32l0xx_hal_spi.o(i.SPI_WaitOnFlagUntilTimeout)
    SPI_WaitOnFlagUntilTimeout               0x08002539   Thumb Code   280  stm32l0xx_hal_spi.o(i.SPI_WaitOnFlagUntilTimeout)
    i.SRAM_CS_HIGH                           0x08002650   Section        0  mc23a1024.o(i.SRAM_CS_HIGH)
    i.SRAM_CS_LOW                            0x08002664   Section        0  mc23a1024.o(i.SRAM_CS_LOW)
    i.SysTick_Handler                        0x08002678   Section        0  timerhal.o(i.SysTick_Handler)
    i.TIM2_IRQHandler                        0x08002688   Section        0  timerhal.o(i.TIM2_IRQHandler)
    i.UART_AdvFeatureConfig                  0x080026c0   Section        0  stm32l0xx_hal_uart.o(i.UART_AdvFeatureConfig)
    i.UART_CheckIdleState                    0x080027b0   Section        0  stm32l0xx_hal_uart.o(i.UART_CheckIdleState)
    i.UART_SetConfig                         0x08002824   Section        0  stm32l0xx_hal_uart.o(i.UART_SetConfig)
    i.UART_WaitOnFlagUntilTimeout            0x08002bf4   Section        0  stm32l0xx_hal_uart.o(i.UART_WaitOnFlagUntilTimeout)
    i.UlToStr                                0x08002c64   Section        0  menu.o(i.UlToStr)
    i.ZIGBEE_DOZE                            0x08002c9c   Section        0  zigbee.o(i.ZIGBEE_DOZE)
    i.ZIGBEE_WAKE                            0x08002cb0   Section        0  zigbee.o(i.ZIGBEE_WAKE)
    i.__ARM_common_ll_muluu                  0x08002cc8   Section        0  stm32l0xx_hal_uart.o(i.__ARM_common_ll_muluu)
    i.adcMenu_f                              0x08002cf8   Section        0  menu.o(i.adcMenu_f)
    i.adcUnitTestOnDie                       0x08002d2c   Section        0  adc.o(i.adcUnitTestOnDie)
    i.autoGainSelect                         0x08002d94   Section        0  pga.o(i.autoGainSelect)
    i.blockForInput                          0x08002e18   Section        0  menu.o(i.blockForInput)
    i.blockToAdressTranslate                 0x08002e24   Section        0  mc23a1024.o(i.blockToAdressTranslate)
    i.bufferToZigbee                         0x08002e38   Section        0  sectorlogic.o(i.bufferToZigbee)
    i.bufferToZigbeeShim                     0x08002e54   Section        0  sectorlogic.o(i.bufferToZigbeeShim)
    i.clearScreen                            0x08002e60   Section        0  menu.o(i.clearScreen)
    i.coreTask_f                             0x08002ea0   Section        0  menu.o(i.coreTask_f)
    i.crc16                                  0x08002ed4   Section        0  crc.o(i.crc16)
    i.createTxSectorTask                     0x08002f0c   Section        0  sectorlogic.o(i.createTxSectorTask)
    i.deinitSpiGpiosAnalog                   0x08002f84   Section        0  spihal.o(i.deinitSpiGpiosAnalog)
    i.deinitUartPinsZigbee                   0x08002fd8   Section        0  uarthal.o(i.deinitUartPinsZigbee)
    i.disableSamplingSupply                  0x08003004   Section        0  ldo.o(i.disableSamplingSupply)
    i.enableSamplingSupply                   0x08003020   Section        0  ldo.o(i.enableSamplingSupply)
    i.fillSpiSawTooth                        0x0800303c   Section        0  memoryselftest.o(i.fillSpiSawTooth)
    i.getAdcSample                           0x080030e4   Section        0  adc.o(i.getAdcSample)
    i.getByteSram                            0x08003128   Section        0  mc23a1024.o(i.getByteSram)
    i.getCapVoltage                          0x08003164   Section        0  adc.o(i.getCapVoltage)
    i.getLen                                 0x080031a8   Section        0  menu.o(i.getLen)
    getLen                                   0x080031a9   Thumb Code    20  menu.o(i.getLen)
    i.gpioSetReset                           0x080031bc   Section        0  gpiohal.o(i.gpioSetReset)
    i.hash                                   0x080031e0   Section        0  globals.o(i.hash)
    i.hash16                                 0x08003200   Section        0  globals.o(i.hash16)
    i.helperGetNextGain                      0x08003220   Section        0  pga.o(i.helperGetNextGain)
    helperGetNextGain                        0x08003221   Thumb Code    64  pga.o(i.helperGetNextGain)
    i.iniLdoClocksAndPins                    0x08003260   Section        0  ldo.o(i.iniLdoClocksAndPins)
    i.initAdc                                0x080032b0   Section        0  adc.o(i.initAdc)
    i.initContext                            0x080033b0   Section        0  rtos.o(i.initContext)
    initContext                              0x080033b1   Thumb Code    18  rtos.o(i.initContext)
    i.initFncPtrs                            0x080033cc   Section        0  rtos.o(i.initFncPtrs)
    initFncPtrs                              0x080033cd   Thumb Code    16  rtos.o(i.initFncPtrs)
    i.initRcc32mhz                           0x080033ec   Section        0  cpuhal.o(i.initRcc32mhz)
    i.initRcc4mhz                            0x08003480   Section        0  cpuhal.o(i.initRcc4mhz)
    i.initSpiGpiosAnalog                     0x080034fc   Section        0  spihal.o(i.initSpiGpiosAnalog)
    i.initSpiGpiosDigital                    0x080035cc   Section        0  spihal.o(i.initSpiGpiosDigital)
    i.initSpis                               0x08003698   Section        0  spihal.o(i.initSpis)
    i.initUart                               0x0800375c   Section        0  uarthal.o(i.initUart)
    i.initUartPinsMenu                       0x0800387c   Section        0  uarthal.o(i.initUartPinsMenu)
    i.initUartPinsZigbee                     0x080038b4   Section        0  uarthal.o(i.initUartPinsZigbee)
    i.initZigbeeGpioPins                     0x080038ec   Section        0  zigbee.o(i.initZigbeeGpioPins)
    i.kernal                                 0x0800393c   Section        0  rtos.o(i.kernal)
    i.main                                   0x08003970   Section        0  main_fw.o(i.main)
    i.memToBuffer                            0x080039a0   Section        0  sectorlogic.o(i.memToBuffer)
    i.menuSelect                             0x080039e8   Section        0  menu.o(i.menuSelect)
    menuSelect                               0x080039e9   Thumb Code    54  menu.o(i.menuSelect)
    i.multiSectorSpiMemFill                  0x08003a24   Section        0  sampler.o(i.multiSectorSpiMemFill)
    i.multiSectorSpiMemFillShim              0x08003a60   Section        0  sectorlogic.o(i.multiSectorSpiMemFillShim)
    i.pgaTasks_f                             0x08003a6c   Section        0  menu.o(i.pgaTasks_f)
    i.powerTasks_f                           0x08003aa0   Section        0  menu.o(i.powerTasks_f)
    i.printGain                              0x08003ad4   Section        0  menu.o(i.printGain)
    i.printMenu                              0x08003b1c   Section        0  menu.o(i.printMenu)
    i.printNewLine                           0x08003b64   Section        0  menu.o(i.printNewLine)
    i.printStars                             0x08003b80   Section        0  menu.o(i.printStars)
    i.printState                             0x08003ba0   Section        0  menu.o(i.printState)
    i.putChar                                0x08003c28   Section        0  mc23a1024.o(i.putChar)
    i.readByteSpiLld                         0x08003c38   Section        0  spihal.o(i.readByteSpiLld)
    i.sampleLoop_f                           0x08003c84   Section        0  menu.o(i.sampleLoop_f)
    i.sectorSetCRC                           0x08003c88   Section        0  sectorlogic.o(i.sectorSetCRC)
    i.sectorSetEnergyQaulity                 0x08003ca8   Section        0  sectorlogic.o(i.sectorSetEnergyQaulity)
    i.sectorSetFree                          0x08003cb4   Section        0  sectorlogic.o(i.sectorSetFree)
    i.sectorSetHeader                        0x08003ccc   Section        0  sectorlogic.o(i.sectorSetHeader)
    i.sectorSetPgaGain                       0x08003cfc   Section        0  sectorlogic.o(i.sectorSetPgaGain)
    i.sectorSetSequenceId                    0x08003d08   Section        0  sectorlogic.o(i.sectorSetSequenceId)
    i.sectorSetTerminator                    0x08003d18   Section        0  sectorlogic.o(i.sectorSetTerminator)
    i.sectorTransmitSector                   0x08003d54   Section        0  sectorlogic.o(i.sectorTransmitSector)
    i.sendAllSectors                         0x08003d60   Section        0  sectortest.o(i.sendAllSectors)
    i.sendAllSectorsDontSample               0x08003dcc   Section        0  sectortest.o(i.sendAllSectorsDontSample)
    i.setGainGpa1                            0x08003e20   Section        0  pga.o(i.setGainGpa1)
    i.setGainGpa10                           0x08003e2c   Section        0  pga.o(i.setGainGpa10)
    i.setGainGpa16                           0x08003e38   Section        0  pga.o(i.setGainGpa16)
    i.setGainGpa2                            0x08003e44   Section        0  pga.o(i.setGainGpa2)
    i.setGainGpa32                           0x08003e50   Section        0  pga.o(i.setGainGpa32)
    i.setMode                                0x08003e5c   Section        0  mc23a1024.o(i.setMode)
    i.setPgaGain                             0x08003e76   Section        0  pga.o(i.setPgaGain)
    i.sleepWFImultiplesOf1000ms              0x08003ea8   Section        0  timerhal.o(i.sleepWFImultiplesOf1000ms)
    i.sleepWFImultiplesOf100ms               0x08003f20   Section        0  timerhal.o(i.sleepWFImultiplesOf100ms)
    i.sleepWFImultiplesOf10ms                0x08003fa8   Section        0  timerhal.o(i.sleepWFImultiplesOf10ms)
    i.spiFillPattern                         0x08004030   Section        0  memoryselftest.o(i.spiFillPattern)
    i.spiMemFinalizeSequential               0x080040a4   Section        0  mc23a1024.o(i.spiMemFinalizeSequential)
    i.spiMemPrepSequentialRead               0x080040ac   Section        0  mc23a1024.o(i.spiMemPrepSequentialRead)
    i.spiMemPrepSequentialWrite              0x080040c4   Section        0  mc23a1024.o(i.spiMemPrepSequentialWrite)
    i.spiMem_f                               0x080040dc   Section        0  menu.o(i.spiMem_f)
    i.spiPut                                 0x0800410c   Section        0  spihal.o(i.spiPut)
    i.spiPutByte                             0x08004140   Section        0  spihal.o(i.spiPutByte)
    i.spiPutGet                              0x08004170   Section        0  spihal.o(i.spiPutGet)
    i.spiReadDMASequentialInit               0x080041ac   Section        0  mc23a1024.o(i.spiReadDMASequentialInit)
    i.spiWalkTest                            0x080041d4   Section        0  memoryselftest.o(i.spiWalkTest)
    i.spiWalkTestRegisterSequentialMode      0x08004288   Section        0  memoryselftest.o(i.spiWalkTestRegisterSequentialMode)
    i.spiWrite                               0x080043b4   Section        0  spihal.o(i.spiWrite)
    i.spiWriteDMASequentialFinalize          0x08004400   Section        0  mc23a1024.o(i.spiWriteDMASequentialFinalize)
    i.spiWriteDMASequentialInit              0x08004408   Section        0  mc23a1024.o(i.spiWriteDMASequentialInit)
    i.stateCreateTxBuffer                    0x08004430   Section        0  rtos.o(i.stateCreateTxBuffer)
    i.stateSample                            0x08004470   Section        0  rtos.o(i.stateSample)
    i.stateTrasmit                           0x080044b8   Section        0  rtos.o(i.stateTrasmit)
    i.taskSample                             0x080044fc   Section        0  sampler.o(i.taskSample)
    i.timerDelayUs                           0x08004528   Section        0  timerhal.o(i.timerDelayUs)
    i.timerDelayUsDirty                      0x080045b0   Section        0  timerhal.o(i.timerDelayUsDirty)
    i.timerInit                              0x080045c0   Section        0  timerhal.o(i.timerInit)
    i.timerInitTim21                         0x080045f0   Section        0  timerhal.o(i.timerInitTim21)
    i.timerMenu_f                            0x08004610   Section        0  menu.o(i.timerMenu_f)
    i.uartGetMenu                            0x08004614   Section        0  uarthal.o(i.uartGetMenu)
    i.uartPut                                0x08004630   Section        0  uarthal.o(i.uartPut)
    i.uartPutMenu                            0x0800464c   Section        0  uarthal.o(i.uartPutMenu)
    i.uartPutMenuAutoCount                   0x08004668   Section        0  menu.o(i.uartPutMenuAutoCount)
    i.writeByteSpiLld                        0x08004680   Section        0  spihal.o(i.writeByteSpiLld)
    i.writeByteSram                          0x080046bc   Section        0  mc23a1024.o(i.writeByteSram)
    i.zigbeeMenu_f                           0x080046f0   Section        0  menu.o(i.zigbeeMenu_f)
    i.zigbeeSleep                            0x08004724   Section        0  zigbee.o(i.zigbeeSleep)
    i.zigbeeTestSendIncrementing             0x08004748   Section        0  zigbee.o(i.zigbeeTestSendIncrementing)
    i.zigbeeTransmitTask                     0x08004774   Section        0  sectorlogic.o(i.zigbeeTransmitTask)
    i.zigbeeTransmitTaskDebug                0x0800478c   Section        0  sectorlogic.o(i.zigbeeTransmitTaskDebug)
    i.zigbeeWake                             0x080047b4   Section        0  zigbee.o(i.zigbeeWake)
    i.zigbeeWrite                            0x080047ec   Section        0  zigbee.o(i.zigbeeWrite)
    .constdata                               0x0800482c   Section       33  system_stm32l0xx.o(.constdata)
    .constdata                               0x0800484d   Section       39  menu.o(.constdata)
    .constdata                               0x08004874   Section      512  crc.o(.constdata)
    crc16tab                                 0x08004874   Data         512  crc.o(.constdata)
    .conststring                             0x08004a74   Section     1149  menu.o(.conststring)
    .conststring                             0x08004ef4   Section      213  memoryselftest.o(.conststring)
    .data                                    0x20000000   Section        4  globals.o(.data)
    .data                                    0x20000004   Section        1  timerhal.o(.data)
    generalTimerDone                         0x20000004   Data           1  timerhal.o(.data)
    .data                                    0x20000008   Section        4  stm32l0xx_hal.o(.data)
    .data                                    0x2000000c   Section        4  system_stm32l0xx.o(.data)
    .data                                    0x20000010   Section      632  menu.o(.data)
    statStrArr                               0x20000010   Data          12  menu.o(.data)
    gainStrArr                               0x2000001c   Data          32  menu.o(.data)
    adcMenu                                  0x2000003c   Data          84  menu.o(.data)
    genericMenu                              0x20000090   Data          84  menu.o(.data)
    coreMen                                  0x200000e4   Data          84  menu.o(.data)
    zigBeeMenu                               0x20000138   Data          84  menu.o(.data)
    powerMenu                                0x2000018c   Data          84  menu.o(.data)
    powerMenu                                0x200001e0   Data          84  menu.o(.data)
    mainMenu                                 0x20000234   Data          84  menu.o(.data)
    .data                                    0x20000288   Section       12  adc.o(.data)
    sConfig                                  0x20000288   Data           8  adc.o(.data)
    .data                                    0x20000294   Section      145  sectortest.o(.data)
    strSample                                0x20000294   Data          24  sectortest.o(.data)
    strCreatingAndSendingSector              0x200002ac   Data          55  sectortest.o(.data)
    strDoneAndSendingSector                  0x200002e3   Data          39  sectortest.o(.data)
    strPressAnyKeyToContinue                 0x2000030a   Data          27  sectortest.o(.data)
    .data                                    0x20000325   Section        8  pga.o(.data)
    .bss                                     0x20000330   Section      176  spihal.o(.bss)
    SpiHandleAnalog                          0x20000330   Data          88  spihal.o(.bss)
    SpiHandleMem                             0x20000388   Data          88  spihal.o(.bss)
    .bss                                     0x200003e0   Section      112  timerhal.o(.bss)
    timerHandle                              0x200003e0   Data          56  timerhal.o(.bss)
    timerHandle21                            0x20000418   Data          56  timerhal.o(.bss)
    .bss                                     0x20000450   Section      224  uarthal.o(.bss)
    UartHandleZigbee                         0x20000450   Data         112  uarthal.o(.bss)
    UartHandleMenu                           0x200004c0   Data         112  uarthal.o(.bss)
    .bss                                     0x20000530   Section       76  cpuhal.o(.bss)
    .bss                                     0x2000057c   Section       96  adc.o(.bss)
    AdcHandle                                0x2000057c   Data          96  adc.o(.bss)
    .bss                                     0x200005dc   Section       40  rtos.o(.bss)
    .bss                                     0x20000604   Section     2326  sectorlogic.o(.bss)
    adcSamples                               0x20000604   Data         256  sectorlogic.o(.bss)
    .bss                                     0x20000f1c   Section       96  libspace.o(.bss)
    HEAP                                     0x20000f80   Section      512  startup.o(HEAP)
    Heap_Mem                                 0x20000f80   Data         512  startup.o(HEAP)
    STACK                                    0x20001180   Section     1024  startup.o(STACK)
    Stack_Mem                                0x20001180   Data        1024  startup.o(STACK)
    __initial_sp                             0x20001580   Data           0  startup.o(STACK)

    Global Symbols

    Symbol Name                              Value     Ov Type        Size  Object(Section)

    BuildAttributes$$THM_ISAv3M$S$PE$A:L22$X:L11$S22$IEEE1$IW$USESV6$~STKCKD$USESV7$~SHL$OSPACE$ROPI$EBA8$UX$STANDARDLIB$REQ8$PRES8$EABIv2 0x00000000   Number         0  anon$$obj.o ABSOLUTE
    __ARM_use_no_argv                        0x00000000   Number         0  main_fw.o ABSOLUTE
    __ARM_exceptions_init                     - Undefined Weak Reference
    __alloca_initialize                       - Undefined Weak Reference
    __arm_preinit_                            - Undefined Weak Reference
    __cpp_initialize__aeabi_                  - Undefined Weak Reference
    __cxa_finalize                            - Undefined Weak Reference
    __rt_locale                               - Undefined Weak Reference
    __sigvec_lookup                           - Undefined Weak Reference
    _atexit_init                              - Undefined Weak Reference
    _call_atexit_fns                          - Undefined Weak Reference
    _clock_init                               - Undefined Weak Reference
    _fp_trap_init                             - Undefined Weak Reference
    _fp_trap_shutdown                         - Undefined Weak Reference
    _get_lc_collate                           - Undefined Weak Reference
    _get_lc_ctype                             - Undefined Weak Reference
    _get_lc_monetary                          - Undefined Weak Reference
    _get_lc_numeric                           - Undefined Weak Reference
    _get_lc_time                              - Undefined Weak Reference
    _getenv_init                              - Undefined Weak Reference
    _handle_redirection                       - Undefined Weak Reference
    _init_alloc                               - Undefined Weak Reference
    _init_user_alloc                          - Undefined Weak Reference
    _initio                                   - Undefined Weak Reference
    _rand_init                                - Undefined Weak Reference
    _signal_finish                            - Undefined Weak Reference
    _signal_init                              - Undefined Weak Reference
    _terminate_alloc                          - Undefined Weak Reference
    _terminate_user_alloc                     - Undefined Weak Reference
    _terminateio                              - Undefined Weak Reference
    __Vectors_Size                           0x000000c0   Number         0  startup.o ABSOLUTE
    __Vectors                                0x08000000   Data           4  startup.o(RESET)
    __Vectors_End                            0x080000c0   Data           0  startup.o(RESET)
    __main                                   0x080000c1   Thumb Code     8  __main.o(!!!main)
    __scatterload                            0x080000c9   Thumb Code     0  __scatter.o(!!!scatter)
    __scatterload_rt2                        0x080000c9   Thumb Code    52  __scatter.o(!!!scatter)
    __scatterload_rt2_thumb_only             0x080000c9   Thumb Code     0  __scatter.o(!!!scatter)
    __scatterload_null                       0x080000d9   Thumb Code     0  __scatter.o(!!!scatter)
    __scatterload_zeroinit                   0x08000105   Thumb Code    28  __scatter_zi.o(!!handler_zi)
    __rt_lib_init                            0x08000121   Thumb Code     0  libinit.o(.ARM.Collect$$libinit$$00000000)
    __rt_lib_init_alloca_1                   0x08000123   Thumb Code     0  libinit2.o(.ARM.Collect$$libinit$$0000002E)
    __rt_lib_init_argv_1                     0x08000123   Thumb Code     0  libinit2.o(.ARM.Collect$$libinit$$0000002C)
    __rt_lib_init_atexit_1                   0x08000123   Thumb Code     0  libinit2.o(.ARM.Collect$$libinit$$0000001B)
    __rt_lib_init_clock_1                    0x08000123   Thumb Code     0  libinit2.o(.ARM.Collect$$libinit$$00000021)
    __rt_lib_init_cpp_1                      0x08000123   Thumb Code     0  libinit2.o(.ARM.Collect$$libinit$$00000032)
    __rt_lib_init_exceptions_1               0x08000123   Thumb Code     0  libinit2.o(.ARM.Collect$$libinit$$00000030)
    __rt_lib_init_fp_1                       0x08000123   Thumb Code     0  libinit2.o(.ARM.Collect$$libinit$$00000002)
    __rt_lib_init_fp_trap_1                  0x08000123   Thumb Code     0  libinit2.o(.ARM.Collect$$libinit$$0000001F)
    __rt_lib_init_getenv_1                   0x08000123   Thumb Code     0  libinit2.o(.ARM.Collect$$libinit$$00000023)
    __rt_lib_init_heap_1                     0x08000123   Thumb Code     0  libinit2.o(.ARM.Collect$$libinit$$0000000A)
    __rt_lib_init_lc_collate_1               0x08000123   Thumb Code     0  libinit2.o(.ARM.Collect$$libinit$$00000011)
    __rt_lib_init_lc_ctype_1                 0x08000123   Thumb Code     0  libinit2.o(.ARM.Collect$$libinit$$00000013)
    __rt_lib_init_lc_monetary_1              0x08000123   Thumb Code     0  libinit2.o(.ARM.Collect$$libinit$$00000015)
    __rt_lib_init_lc_numeric_1               0x08000123   Thumb Code     0  libinit2.o(.ARM.Collect$$libinit$$00000017)
    __rt_lib_init_lc_time_1                  0x08000123   Thumb Code     0  libinit2.o(.ARM.Collect$$libinit$$00000019)
    __rt_lib_init_preinit_1                  0x08000123   Thumb Code     0  libinit2.o(.ARM.Collect$$libinit$$00000004)
    __rt_lib_init_rand_1                     0x08000123   Thumb Code     0  libinit2.o(.ARM.Collect$$libinit$$0000000E)
    __rt_lib_init_return                     0x08000123   Thumb Code     0  libinit2.o(.ARM.Collect$$libinit$$00000033)
    __rt_lib_init_signal_1                   0x08000123   Thumb Code     0  libinit2.o(.ARM.Collect$$libinit$$0000001D)
    __rt_lib_init_stdio_1                    0x08000123   Thumb Code     0  libinit2.o(.ARM.Collect$$libinit$$00000025)
    __rt_lib_init_user_alloc_1               0x08000123   Thumb Code     0  libinit2.o(.ARM.Collect$$libinit$$0000000C)
    __rt_lib_shutdown                        0x08000125   Thumb Code     0  libshutdown.o(.ARM.Collect$$libshutdown$$00000000)
    __rt_lib_shutdown_cpp_1                  0x08000127   Thumb Code     0  libshutdown2.o(.ARM.Collect$$libshutdown$$00000002)
    __rt_lib_shutdown_fp_trap_1              0x08000127   Thumb Code     0  libshutdown2.o(.ARM.Collect$$libshutdown$$00000007)
    __rt_lib_shutdown_heap_1                 0x08000127   Thumb Code     0  libshutdown2.o(.ARM.Collect$$libshutdown$$0000000F)
    __rt_lib_shutdown_return                 0x08000127   Thumb Code     0  libshutdown2.o(.ARM.Collect$$libshutdown$$00000010)
    __rt_lib_shutdown_signal_1               0x08000127   Thumb Code     0  libshutdown2.o(.ARM.Collect$$libshutdown$$0000000A)
    __rt_lib_shutdown_stdio_1                0x08000127   Thumb Code     0  libshutdown2.o(.ARM.Collect$$libshutdown$$00000004)
    __rt_lib_shutdown_user_alloc_1           0x08000127   Thumb Code     0  libshutdown2.o(.ARM.Collect$$libshutdown$$0000000C)
    __rt_entry                               0x08000129   Thumb Code     0  __rtentry.o(.ARM.Collect$$rtentry$$00000000)
    __rt_entry_presh_1                       0x08000129   Thumb Code     0  __rtentry2.o(.ARM.Collect$$rtentry$$00000002)
    __rt_entry_sh                            0x08000129   Thumb Code     0  __rtentry4.o(.ARM.Collect$$rtentry$$00000004)
    __rt_entry_li                            0x0800012f   Thumb Code     0  __rtentry2.o(.ARM.Collect$$rtentry$$0000000A)
    __rt_entry_postsh_1                      0x0800012f   Thumb Code     0  __rtentry2.o(.ARM.Collect$$rtentry$$00000009)
    __rt_entry_main                          0x08000133   Thumb Code     0  __rtentry2.o(.ARM.Collect$$rtentry$$0000000D)
    __rt_entry_postli_1                      0x08000133   Thumb Code     0  __rtentry2.o(.ARM.Collect$$rtentry$$0000000C)
    __rt_exit                                0x0800013b   Thumb Code     0  rtexit.o(.ARM.Collect$$rtexit$$00000000)
    __rt_exit_ls                             0x0800013d   Thumb Code     0  rtexit2.o(.ARM.Collect$$rtexit$$00000003)
    __rt_exit_prels_1                        0x0800013d   Thumb Code     0  rtexit2.o(.ARM.Collect$$rtexit$$00000002)
    __rt_exit_exit                           0x08000141   Thumb Code     0  rtexit2.o(.ARM.Collect$$rtexit$$00000004)
    __aeabi_memcpy4                          0x08000149   Thumb Code    56  rt_memcpy.o(.emb_text)
    __aeabi_memcpy8                          0x08000149   Thumb Code     0  rt_memcpy.o(.emb_text)
    Reset_Handler                            0x08000181   Thumb Code     4  startup.o(.text)
    NMI_Handler                              0x08000185   Thumb Code     2  startup.o(.text)
    HardFault_Handler                        0x08000187   Thumb Code     2  startup.o(.text)
    SVC_Handler                              0x08000189   Thumb Code     2  startup.o(.text)
    PendSV_Handler                           0x0800018b   Thumb Code     2  startup.o(.text)
    ADC1_COMP_IRQHandler                     0x0800018f   Thumb Code     0  startup.o(.text)
    DMA1_Channel1_IRQHandler                 0x0800018f   Thumb Code     0  startup.o(.text)
    DMA1_Channel2_3_IRQHandler               0x0800018f   Thumb Code     0  startup.o(.text)
    DMA1_Channel4_5_6_7_IRQHandler           0x0800018f   Thumb Code     0  startup.o(.text)
    EXTI0_1_IRQHandler                       0x0800018f   Thumb Code     0  startup.o(.text)
    EXTI2_3_IRQHandler                       0x0800018f   Thumb Code     0  startup.o(.text)
    EXTI4_15_IRQHandler                      0x0800018f   Thumb Code     0  startup.o(.text)
    FLASH_IRQHandler                         0x0800018f   Thumb Code     0  startup.o(.text)
    I2C1_IRQHandler                          0x0800018f   Thumb Code     0  startup.o(.text)
    I2C2_IRQHandler                          0x0800018f   Thumb Code     0  startup.o(.text)
    LCD_IRQHandler                           0x0800018f   Thumb Code     0  startup.o(.text)
    LPTIM1_IRQHandler                        0x0800018f   Thumb Code     0  startup.o(.text)
    PVD_IRQHandler                           0x0800018f   Thumb Code     0  startup.o(.text)
    RCC_CRS_IRQHandler                       0x0800018f   Thumb Code     0  startup.o(.text)
    RNG_LPUART1_IRQHandler                   0x0800018f   Thumb Code     0  startup.o(.text)
    RTC_IRQHandler                           0x0800018f   Thumb Code     0  startup.o(.text)
    SPI1_IRQHandler                          0x0800018f   Thumb Code     0  startup.o(.text)
    SPI2_IRQHandler                          0x0800018f   Thumb Code     0  startup.o(.text)
    TIM21_IRQHandler                         0x0800018f   Thumb Code     0  startup.o(.text)
    TIM22_IRQHandler                         0x0800018f   Thumb Code     0  startup.o(.text)
    TIM6_DAC_IRQHandler                      0x0800018f   Thumb Code     0  startup.o(.text)
    TSC_IRQHandler                           0x0800018f   Thumb Code     0  startup.o(.text)
    USART1_IRQHandler                        0x0800018f   Thumb Code     0  startup.o(.text)
    USART2_IRQHandler                        0x0800018f   Thumb Code     0  startup.o(.text)
    USB_IRQHandler                           0x0800018f   Thumb Code     0  startup.o(.text)
    WWDG_IRQHandler                          0x0800018f   Thumb Code     0  startup.o(.text)
    __user_initial_stackheap                 0x08000191   Thumb Code     0  startup.o(.text)
    __aeabi_uldivmod                         0x080001b1   Thumb Code   258  lludiv.o(.text)
    _ll_udiv                                 0x080001b1   Thumb Code     0  lludiv.o(.text)
    _memset_w                                0x080002b3   Thumb Code    26  rt_memclr.o(.text)
    _memset                                  0x080002cd   Thumb Code    30  rt_memclr.o(.text)
    __aeabi_memclr                           0x080002eb   Thumb Code     4  rt_memclr.o(.text)
    __rt_memclr                              0x080002eb   Thumb Code     0  rt_memclr.o(.text)
    __aeabi_memclr4                          0x080002ef   Thumb Code     0  rt_memclr.o(.text)
    __aeabi_memclr8                          0x080002ef   Thumb Code     0  rt_memclr.o(.text)
    __rt_memclr_w                            0x080002ef   Thumb Code     4  rt_memclr.o(.text)
    __aeabi_uidiv                            0x080002f3   Thumb Code     0  aeabi_sdiv.o(.text)
    __aeabi_uidivmod                         0x080002f3   Thumb Code    20  aeabi_sdiv.o(.text)
    __aeabi_idiv                             0x08000307   Thumb Code     0  aeabi_sdiv.o(.text)
    __aeabi_idivmod                          0x08000307   Thumb Code   326  aeabi_sdiv.o(.text)
    __use_two_region_memory                  0x0800044d   Thumb Code     2  heapauxi.o(.text)
    __rt_heap_escrow$2region                 0x0800044f   Thumb Code     2  heapauxi.o(.text)
    __rt_heap_expand$2region                 0x08000451   Thumb Code     2  heapauxi.o(.text)
    __user_setup_stackheap                   0x08000453   Thumb Code    62  sys_stackheap_outer.o(.text)
    exit                                     0x08000491   Thumb Code    16  exit.o(.text)
    __user_libspace                          0x080004a1   Thumb Code     8  libspace.o(.text)
    __user_perproc_libspace                  0x080004a1   Thumb Code     0  libspace.o(.text)
    __user_perthread_libspace                0x080004a1   Thumb Code     0  libspace.o(.text)
    _sys_exit                                0x080004a9   Thumb Code     8  sys_exit.o(.text)
    __I$use$semihosting                      0x080004b5   Thumb Code     0  use_no_semi.o(.text)
    __use_no_semihosting_swi                 0x080004b5   Thumb Code     2  use_no_semi.o(.text)
    __decompress                             0x080004b7   Thumb Code     0  __dczerorl2.o(.text)
    __decompress1                            0x080004b7   Thumb Code    86  __dczerorl2.o(.text)
    __semihosting_library_function           0x080004b7   Thumb Code     0  indicate_semi.o(.text)
    HAL_ADCEx_Calibration_Start              0x080005dd   Thumb Code   216  stm32l0xx_hal_adc_ex.o(i.HAL_ADCEx_Calibration_Start)
    HAL_ADC_ConfigChannel                    0x080006b5   Thumb Code   306  stm32l0xx_hal_adc.o(i.HAL_ADC_ConfigChannel)
    HAL_ADC_GetValue                         0x080007fd   Thumb Code     8  stm32l0xx_hal_adc.o(i.HAL_ADC_GetValue)
    HAL_ADC_Init                             0x08000805   Thumb Code   552  stm32l0xx_hal_adc.o(i.HAL_ADC_Init)
    HAL_ADC_MspInit                          0x08000a39   Thumb Code     2  stm32l0xx_hal_adc.o(i.HAL_ADC_MspInit)
    HAL_ADC_PollForConversion                0x08000a3b   Thumb Code   232  stm32l0xx_hal_adc.o(i.HAL_ADC_PollForConversion)
    HAL_ADC_Start                            0x08000b25   Thumb Code   114  stm32l0xx_hal_adc.o(i.HAL_ADC_Start)
    HAL_GPIO_Init                            0x08000b9d   Thumb Code   462  stm32l0xx_hal_gpio.o(i.HAL_GPIO_Init)
    HAL_GPIO_WritePin                        0x08000d89   Thumb Code    12  stm32l0xx_hal_gpio.o(i.HAL_GPIO_WritePin)
    HAL_GetTick                              0x08000d95   Thumb Code     6  stm32l0xx_hal.o(i.HAL_GetTick)
    HAL_InitTick                             0x08000da1   Thumb Code    36  stm32l0xx_hal.o(i.HAL_InitTick)
    HAL_NVIC_ClearPendingIRQ                 0x08000dc9   Thumb Code    18  stm32l0xx_hal_cortex.o(i.HAL_NVIC_ClearPendingIRQ)
    HAL_NVIC_EnableIRQ                       0x08000de1   Thumb Code    18  stm32l0xx_hal_cortex.o(i.HAL_NVIC_EnableIRQ)
    HAL_NVIC_SetPriority                     0x08000df9   Thumb Code    18  stm32l0xx_hal_cortex.o(i.HAL_NVIC_SetPriority)
    HAL_RCCEx_GetPeriphCLKFreq               0x08000e0d   Thumb Code   782  stm32l0xx_hal_rcc_ex.o(i.HAL_RCCEx_GetPeriphCLKFreq)
    HAL_RCC_ClockConfig                      0x08001145   Thumb Code   482  stm32l0xx_hal_rcc.o(i.HAL_RCC_ClockConfig)
    HAL_RCC_GetHCLKFreq                      0x0800133d   Thumb Code     6  stm32l0xx_hal_rcc.o(i.HAL_RCC_GetHCLKFreq)
    HAL_RCC_GetPCLK1Freq                     0x08001349   Thumb Code    26  stm32l0xx_hal_rcc.o(i.HAL_RCC_GetPCLK1Freq)
    HAL_RCC_GetPCLK2Freq                     0x0800136d   Thumb Code    26  stm32l0xx_hal_rcc.o(i.HAL_RCC_GetPCLK2Freq)
    HAL_RCC_GetSysClockFreq                  0x08001391   Thumb Code   206  stm32l0xx_hal_rcc.o(i.HAL_RCC_GetSysClockFreq)
    HAL_RCC_OscConfig                        0x08001475   Thumb Code  1732  stm32l0xx_hal_rcc.o(i.HAL_RCC_OscConfig)
    HAL_SPI_Init                             0x08001b49   Thumb Code   142  stm32l0xx_hal_spi.o(i.HAL_SPI_Init)
    HAL_SPI_MspInit                          0x08001bd7   Thumb Code     2  stm32l0xx_hal_spi.o(i.HAL_SPI_MspInit)
    HAL_SPI_Transmit                         0x08001bd9   Thumb Code   474  stm32l0xx_hal_spi.o(i.HAL_SPI_Transmit)
    HAL_SPI_TransmitReceive                  0x08001db3   Thumb Code   894  stm32l0xx_hal_spi.o(i.HAL_SPI_TransmitReceive)
    HAL_SYSTICK_Config                       0x08002131   Thumb Code    46  stm32l0xx_hal_cortex.o(i.HAL_SYSTICK_Config)
    HAL_UART_Init                            0x08002169   Thumb Code   130  stm32l0xx_hal_uart.o(i.HAL_UART_Init)
    HAL_UART_MspInit                         0x080021eb   Thumb Code     2  stm32l0xx_hal_uart.o(i.HAL_UART_MspInit)
    HAL_UART_Receive                         0x080021ed   Thumb Code   328  stm32l0xx_hal_uart.o(i.HAL_UART_Receive)
    HAL_UART_Transmit                        0x08002339   Thumb Code   240  stm32l0xx_hal_uart.o(i.HAL_UART_Transmit)
    SRAM_CS_HIGH                             0x08002651   Thumb Code    14  mc23a1024.o(i.SRAM_CS_HIGH)
    SRAM_CS_LOW                              0x08002665   Thumb Code    16  mc23a1024.o(i.SRAM_CS_LOW)
    SysTick_Handler                          0x08002679   Thumb Code    12  timerhal.o(i.SysTick_Handler)
    TIM2_IRQHandler                          0x08002689   Thumb Code    48  timerhal.o(i.TIM2_IRQHandler)
    UART_AdvFeatureConfig                    0x080026c1   Thumb Code   240  stm32l0xx_hal_uart.o(i.UART_AdvFeatureConfig)
    UART_CheckIdleState                      0x080027b1   Thumb Code   112  stm32l0xx_hal_uart.o(i.UART_CheckIdleState)
    UART_SetConfig                           0x08002825   Thumb Code   930  stm32l0xx_hal_uart.o(i.UART_SetConfig)
    UART_WaitOnFlagUntilTimeout              0x08002bf5   Thumb Code   112  stm32l0xx_hal_uart.o(i.UART_WaitOnFlagUntilTimeout)
    UlToStr                                  0x08002c65   Thumb Code    54  menu.o(i.UlToStr)
    ZIGBEE_DOZE                              0x08002c9d   Thumb Code    16  zigbee.o(i.ZIGBEE_DOZE)
    ZIGBEE_WAKE                              0x08002cb1   Thumb Code    18  zigbee.o(i.ZIGBEE_WAKE)
    __ARM_common_ll_muluu                    0x08002cc9   Thumb Code    48  stm32l0xx_hal_uart.o(i.__ARM_common_ll_muluu)
    adcMenu_f                                0x08002cf9   Thumb Code    46  menu.o(i.adcMenu_f)
    adcUnitTestOnDie                         0x08002d2d   Thumb Code    74  adc.o(i.adcUnitTestOnDie)
    autoGainSelect                           0x08002d95   Thumb Code   126  pga.o(i.autoGainSelect)
    blockForInput                            0x08002e19   Thumb Code    12  menu.o(i.blockForInput)
    blockToAdressTranslate                   0x08002e25   Thumb Code    16  mc23a1024.o(i.blockToAdressTranslate)
    bufferToZigbee                           0x08002e39   Thumb Code    24  sectorlogic.o(i.bufferToZigbee)
    bufferToZigbeeShim                       0x08002e55   Thumb Code    12  sectorlogic.o(i.bufferToZigbeeShim)
    clearScreen                              0x08002e61   Thumb Code    48  menu.o(i.clearScreen)
    coreTask_f                               0x08002ea1   Thumb Code    46  menu.o(i.coreTask_f)
    crc16                                    0x08002ed5   Thumb Code    50  crc.o(i.crc16)
    createTxSectorTask                       0x08002f0d   Thumb Code   110  sectorlogic.o(i.createTxSectorTask)
    deinitSpiGpiosAnalog                     0x08002f85   Thumb Code    84  spihal.o(i.deinitSpiGpiosAnalog)
    deinitUartPinsZigbee                     0x08002fd9   Thumb Code    40  uarthal.o(i.deinitUartPinsZigbee)
    disableSamplingSupply                    0x08003005   Thumb Code    28  ldo.o(i.disableSamplingSupply)
    enableSamplingSupply                     0x08003021   Thumb Code    26  ldo.o(i.enableSamplingSupply)
    fillSpiSawTooth                          0x0800303d   Thumb Code    68  memoryselftest.o(i.fillSpiSawTooth)
    getAdcSample                             0x080030e5   Thumb Code    56  adc.o(i.getAdcSample)
    getByteSram                              0x08003129   Thumb Code    60  mc23a1024.o(i.getByteSram)
    getCapVoltage                            0x08003165   Thumb Code    56  adc.o(i.getCapVoltage)
    gpioSetReset                             0x080031bd   Thumb Code    34  gpiohal.o(i.gpioSetReset)
    hash                                     0x080031e1   Thumb Code    28  globals.o(i.hash)
    hash16                                   0x08003201   Thumb Code    28  globals.o(i.hash16)
    iniLdoClocksAndPins                      0x08003261   Thumb Code    76  ldo.o(i.iniLdoClocksAndPins)
    initAdc                                  0x080032b1   Thumb Code   234  adc.o(i.initAdc)
    initRcc32mhz                             0x080033ed   Thumb Code   134  cpuhal.o(i.initRcc32mhz)
    initRcc4mhz                              0x08003481   Thumb Code   110  cpuhal.o(i.initRcc4mhz)
    initSpiGpiosAnalog                       0x080034fd   Thumb Code   202  spihal.o(i.initSpiGpiosAnalog)
    initSpiGpiosDigital                      0x080035cd   Thumb Code   194  spihal.o(i.initSpiGpiosDigital)
    initSpis                                 0x08003699   Thumb Code   178  spihal.o(i.initSpis)
    initUart                                 0x0800375d   Thumb Code   266  uarthal.o(i.initUart)
    initUartPinsMenu                         0x0800387d   Thumb Code    56  uarthal.o(i.initUartPinsMenu)
    initUartPinsZigbee                       0x080038b5   Thumb Code    52  uarthal.o(i.initUartPinsZigbee)
    initZigbeeGpioPins                       0x080038ed   Thumb Code    72  zigbee.o(i.initZigbeeGpioPins)
    kernal                                   0x0800393d   Thumb Code    44  rtos.o(i.kernal)
    main                                     0x08003971   Thumb Code    46  main_fw.o(i.main)
    memToBuffer                              0x080039a1   Thumb Code    60  sectorlogic.o(i.memToBuffer)
    multiSectorSpiMemFill                    0x08003a25   Thumb Code    60  sampler.o(i.multiSectorSpiMemFill)
    multiSectorSpiMemFillShim                0x08003a61   Thumb Code    10  sectorlogic.o(i.multiSectorSpiMemFillShim)
    pgaTasks_f                               0x08003a6d   Thumb Code    46  menu.o(i.pgaTasks_f)
    powerTasks_f                             0x08003aa1   Thumb Code    46  menu.o(i.powerTasks_f)
    printGain                                0x08003ad5   Thumb Code    40  menu.o(i.printGain)
    printMenu                                0x08003b1d   Thumb Code    72  menu.o(i.printMenu)
    printNewLine                             0x08003b65   Thumb Code    28  menu.o(i.printNewLine)
    printStars                               0x08003b81   Thumb Code    28  menu.o(i.printStars)
    printState                               0x08003ba1   Thumb Code    76  menu.o(i.printState)
    putChar                                  0x08003c29   Thumb Code    14  mc23a1024.o(i.putChar)
    readByteSpiLld                           0x08003c39   Thumb Code    68  spihal.o(i.readByteSpiLld)
    sampleLoop_f                             0x08003c85   Thumb Code     4  menu.o(i.sampleLoop_f)
    sectorSetCRC                             0x08003c89   Thumb Code    22  sectorlogic.o(i.sectorSetCRC)
    sectorSetEnergyQaulity                   0x08003ca9   Thumb Code     6  sectorlogic.o(i.sectorSetEnergyQaulity)
    sectorSetFree                            0x08003cb5   Thumb Code    18  sectorlogic.o(i.sectorSetFree)
    sectorSetHeader                          0x08003ccd   Thumb Code    44  sectorlogic.o(i.sectorSetHeader)
    sectorSetPgaGain                         0x08003cfd   Thumb Code     6  sectorlogic.o(i.sectorSetPgaGain)
    sectorSetSequenceId                      0x08003d09   Thumb Code    12  sectorlogic.o(i.sectorSetSequenceId)
    sectorSetTerminator                      0x08003d19   Thumb Code    56  sectorlogic.o(i.sectorSetTerminator)
    sectorTransmitSector                     0x08003d55   Thumb Code     6  sectorlogic.o(i.sectorTransmitSector)
    sendAllSectors                           0x08003d61   Thumb Code    90  sectortest.o(i.sendAllSectors)
    sendAllSectorsDontSample                 0x08003dcd   Thumb Code    72  sectortest.o(i.sendAllSectorsDontSample)
    setGainGpa1                              0x08003e21   Thumb Code    12  pga.o(i.setGainGpa1)
    setGainGpa10                             0x08003e2d   Thumb Code    12  pga.o(i.setGainGpa10)
    setGainGpa16                             0x08003e39   Thumb Code    12  pga.o(i.setGainGpa16)
    setGainGpa2                              0x08003e45   Thumb Code    12  pga.o(i.setGainGpa2)
    setGainGpa32                             0x08003e51   Thumb Code    12  pga.o(i.setGainGpa32)
    setMode                                  0x08003e5d   Thumb Code    26  mc23a1024.o(i.setMode)
    setPgaGain                               0x08003e77   Thumb Code    50  pga.o(i.setPgaGain)
    sleepWFImultiplesOf1000ms                0x08003ea9   Thumb Code   112  timerhal.o(i.sleepWFImultiplesOf1000ms)
    sleepWFImultiplesOf100ms                 0x08003f21   Thumb Code   126  timerhal.o(i.sleepWFImultiplesOf100ms)
    sleepWFImultiplesOf10ms                  0x08003fa9   Thumb Code   126  timerhal.o(i.sleepWFImultiplesOf10ms)
    spiFillPattern                           0x08004031   Thumb Code    74  memoryselftest.o(i.spiFillPattern)
    spiMemFinalizeSequential                 0x080040a5   Thumb Code     8  mc23a1024.o(i.spiMemFinalizeSequential)
    spiMemPrepSequentialRead                 0x080040ad   Thumb Code    24  mc23a1024.o(i.spiMemPrepSequentialRead)
    spiMemPrepSequentialWrite                0x080040c5   Thumb Code    24  mc23a1024.o(i.spiMemPrepSequentialWrite)
    spiMem_f                                 0x080040dd   Thumb Code    42  menu.o(i.spiMem_f)
    spiPut                                   0x0800410d   Thumb Code    42  spihal.o(i.spiPut)
    spiPutByte                               0x08004141   Thumb Code    38  spihal.o(i.spiPutByte)
    spiPutGet                                0x08004171   Thumb Code    52  spihal.o(i.spiPutGet)
    spiReadDMASequentialInit                 0x080041ad   Thumb Code    38  mc23a1024.o(i.spiReadDMASequentialInit)
    spiWalkTest                              0x080041d5   Thumb Code   114  memoryselftest.o(i.spiWalkTest)
    spiWalkTestRegisterSequentialMode        0x08004289   Thumb Code   180  memoryselftest.o(i.spiWalkTestRegisterSequentialMode)
    spiWrite                                 0x080043b5   Thumb Code    64  spihal.o(i.spiWrite)
    spiWriteDMASequentialFinalize            0x08004401   Thumb Code     8  mc23a1024.o(i.spiWriteDMASequentialFinalize)
    spiWriteDMASequentialInit                0x08004409   Thumb Code    38  mc23a1024.o(i.spiWriteDMASequentialInit)
    stateCreateTxBuffer                      0x08004431   Thumb Code    54  rtos.o(i.stateCreateTxBuffer)
    stateSample                              0x08004471   Thumb Code    60  rtos.o(i.stateSample)
    stateTrasmit                             0x080044b9   Thumb Code    58  rtos.o(i.stateTrasmit)
    taskSample                               0x080044fd   Thumb Code    42  sampler.o(i.taskSample)
    timerDelayUs                             0x08004529   Thumb Code   120  timerhal.o(i.timerDelayUs)
    timerDelayUsDirty                        0x080045b1   Thumb Code    14  timerhal.o(i.timerDelayUsDirty)
    timerInit                                0x080045c1   Thumb Code    40  timerhal.o(i.timerInit)
    timerInitTim21                           0x080045f1   Thumb Code    20  timerhal.o(i.timerInitTim21)
    timerMenu_f                              0x08004611   Thumb Code     4  menu.o(i.timerMenu_f)
    uartGetMenu                              0x08004615   Thumb Code    22  uarthal.o(i.uartGetMenu)
    uartPut                                  0x08004631   Thumb Code    22  uarthal.o(i.uartPut)
    uartPutMenu                              0x0800464d   Thumb Code    22  uarthal.o(i.uartPutMenu)
    uartPutMenuAutoCount                     0x08004669   Thumb Code    22  menu.o(i.uartPutMenuAutoCount)
    writeByteSpiLld                          0x08004681   Thumb Code    52  spihal.o(i.writeByteSpiLld)
    writeByteSram                            0x080046bd   Thumb Code    52  mc23a1024.o(i.writeByteSram)
    zigbeeMenu_f                             0x080046f1   Thumb Code    46  menu.o(i.zigbeeMenu_f)
    zigbeeSleep                              0x08004725   Thumb Code    32  zigbee.o(i.zigbeeSleep)
    zigbeeTestSendIncrementing               0x08004749   Thumb Code    40  zigbee.o(i.zigbeeTestSendIncrementing)
    zigbeeTransmitTask                       0x08004775   Thumb Code    14  sectorlogic.o(i.zigbeeTransmitTask)
    zigbeeTransmitTaskDebug                  0x0800478d   Thumb Code    36  sectorlogic.o(i.zigbeeTransmitTaskDebug)
    zigbeeWake                               0x080047b5   Thumb Code    50  zigbee.o(i.zigbeeWake)
    zigbeeWrite                              0x080047ed   Thumb Code    50  zigbee.o(i.zigbeeWrite)
    AHBPrescTable                            0x0800482c   Data          16  system_stm32l0xx.o(.constdata)
    APBPrescTable                            0x0800483c   Data           8  system_stm32l0xx.o(.constdata)
    PLLMulTable                              0x08004844   Data           9  system_stm32l0xx.o(.constdata)
    newLine                                  0x0800484d   Data           1  menu.o(.constdata)
    RESQUEST_RESPONSE                        0x0800484e   Data          37  menu.o(.constdata)
    NUMBER_OFFSET_ANSCII                     0x08004873   Data           1  menu.o(.constdata)
    Region$$Table$$Base                      0x08004fcc   Number         0  anon$$obj.o(Region$$Table)
    Region$$Table$$Limit                     0x08004fec   Number         0  anon$$obj.o(Region$$Table)
    simVoltage                               0x20000000   Data           4  globals.o(.data)
    uwTick                                   0x20000008   Data           4  stm32l0xx_hal.o(.data)
    SystemCoreClock                          0x2000000c   Data           4  system_stm32l0xx.o(.data)
    temp                                     0x20000290   Data           4  adc.o(.data)
    gainTranslateMatrix                      0x20000325   Data           8  pga.o(.data)
    rccHandle                                0x20000530   Data          56  cpuhal.o(.bss)
    RCC_ClkInitStruct                        0x20000568   Data          20  cpuhal.o(.bss)
    currentContext                           0x200005dc   Data          28  rtos.o(.bss)
    stateFnPtr                               0x200005f8   Data          12  rtos.o(.bss)
    txUartSector                             0x20000704   Data        2070  sectorlogic.o(.bss)
    __libspace_start                         0x20000f1c   Data          96  libspace.o(.bss)
    __temporary_stack_top$libspace           0x20000f7c   Data           0  libspace.o(.bss)



==============================================================================

Memory Map of the image

  Image Entry point : 0x08000181

  Load Region LR_1 (Base: 0x08000000, Size: 0x0000531c, Max: 0xffffffff, ABSOLUTE, COMPRESSED[0x00005170])

    Execution Region ER_RO (Base: 0x08000000, Size: 0x00004fec, Max: 0xffffffff, ABSOLUTE)

    Base Addr    Size         Type   Attr      Idx    E Section Name        Object

    0x08000000   0x000000c0   Data   RO            3    RESET               startup.o
    0x080000c0   0x00000008   Code   RO         7723  * !!!main             c_p.l(__main.o)
    0x080000c8   0x0000003c   Code   RO         7898    !!!scatter          c_p.l(__scatter.o)
    0x08000104   0x0000001c   Code   RO         7900    !!handler_zi        c_p.l(__scatter_zi.o)
    0x08000120   0x00000002   Code   RO         7765    .ARM.Collect$$libinit$$00000000  c_p.l(libinit.o)
    0x08000122   0x00000000   Code   RO         7779    .ARM.Collect$$libinit$$00000002  c_p.l(libinit2.o)
    0x08000122   0x00000000   Code   RO         7781    .ARM.Collect$$libinit$$00000004  c_p.l(libinit2.o)
    0x08000122   0x00000000   Code   RO         7784    .ARM.Collect$$libinit$$0000000A  c_p.l(libinit2.o)
    0x08000122   0x00000000   Code   RO         7786    .ARM.Collect$$libinit$$0000000C  c_p.l(libinit2.o)
    0x08000122   0x00000000   Code   RO         7788    .ARM.Collect$$libinit$$0000000E  c_p.l(libinit2.o)
    0x08000122   0x00000000   Code   RO         7791    .ARM.Collect$$libinit$$00000011  c_p.l(libinit2.o)
    0x08000122   0x00000000   Code   RO         7793    .ARM.Collect$$libinit$$00000013  c_p.l(libinit2.o)
    0x08000122   0x00000000   Code   RO         7795    .ARM.Collect$$libinit$$00000015  c_p.l(libinit2.o)
    0x08000122   0x00000000   Code   RO         7797    .ARM.Collect$$libinit$$00000017  c_p.l(libinit2.o)
    0x08000122   0x00000000   Code   RO         7799    .ARM.Collect$$libinit$$00000019  c_p.l(libinit2.o)
    0x08000122   0x00000000   Code   RO         7801    .ARM.Collect$$libinit$$0000001B  c_p.l(libinit2.o)
    0x08000122   0x00000000   Code   RO         7803    .ARM.Collect$$libinit$$0000001D  c_p.l(libinit2.o)
    0x08000122   0x00000000   Code   RO         7805    .ARM.Collect$$libinit$$0000001F  c_p.l(libinit2.o)
    0x08000122   0x00000000   Code   RO         7807    .ARM.Collect$$libinit$$00000021  c_p.l(libinit2.o)
    0x08000122   0x00000000   Code   RO         7809    .ARM.Collect$$libinit$$00000023  c_p.l(libinit2.o)
    0x08000122   0x00000000   Code   RO         7811    .ARM.Collect$$libinit$$00000025  c_p.l(libinit2.o)
    0x08000122   0x00000000   Code   RO         7815    .ARM.Collect$$libinit$$0000002C  c_p.l(libinit2.o)
    0x08000122   0x00000000   Code   RO         7817    .ARM.Collect$$libinit$$0000002E  c_p.l(libinit2.o)
    0x08000122   0x00000000   Code   RO         7819    .ARM.Collect$$libinit$$00000030  c_p.l(libinit2.o)
    0x08000122   0x00000000   Code   RO         7821    .ARM.Collect$$libinit$$00000032  c_p.l(libinit2.o)
    0x08000122   0x00000002   Code   RO         7822    .ARM.Collect$$libinit$$00000033  c_p.l(libinit2.o)
    0x08000124   0x00000002   Code   RO         7853    .ARM.Collect$$libshutdown$$00000000  c_p.l(libshutdown.o)
    0x08000126   0x00000000   Code   RO         7879    .ARM.Collect$$libshutdown$$00000002  c_p.l(libshutdown2.o)
    0x08000126   0x00000000   Code   RO         7881    .ARM.Collect$$libshutdown$$00000004  c_p.l(libshutdown2.o)
    0x08000126   0x00000000   Code   RO         7884    .ARM.Collect$$libshutdown$$00000007  c_p.l(libshutdown2.o)
    0x08000126   0x00000000   Code   RO         7887    .ARM.Collect$$libshutdown$$0000000A  c_p.l(libshutdown2.o)
    0x08000126   0x00000000   Code   RO         7889    .ARM.Collect$$libshutdown$$0000000C  c_p.l(libshutdown2.o)
    0x08000126   0x00000000   Code   RO         7892    .ARM.Collect$$libshutdown$$0000000F  c_p.l(libshutdown2.o)
    0x08000126   0x00000002   Code   RO         7893    .ARM.Collect$$libshutdown$$00000010  c_p.l(libshutdown2.o)
    0x08000128   0x00000000   Code   RO         7725    .ARM.Collect$$rtentry$$00000000  c_p.l(__rtentry.o)
    0x08000128   0x00000000   Code   RO         7735    .ARM.Collect$$rtentry$$00000002  c_p.l(__rtentry2.o)
    0x08000128   0x00000006   Code   RO         7747    .ARM.Collect$$rtentry$$00000004  c_p.l(__rtentry4.o)
    0x0800012e   0x00000000   Code   RO         7737    .ARM.Collect$$rtentry$$00000009  c_p.l(__rtentry2.o)
    0x0800012e   0x00000004   Code   RO         7738    .ARM.Collect$$rtentry$$0000000A  c_p.l(__rtentry2.o)
    0x08000132   0x00000000   Code   RO         7740    .ARM.Collect$$rtentry$$0000000C  c_p.l(__rtentry2.o)
    0x08000132   0x00000008   Code   RO         7741    .ARM.Collect$$rtentry$$0000000D  c_p.l(__rtentry2.o)
    0x0800013a   0x00000002   Code   RO         7770    .ARM.Collect$$rtexit$$00000000  c_p.l(rtexit.o)
    0x0800013c   0x00000000   Code   RO         7826    .ARM.Collect$$rtexit$$00000002  c_p.l(rtexit2.o)
    0x0800013c   0x00000004   Code   RO         7827    .ARM.Collect$$rtexit$$00000003  c_p.l(rtexit2.o)
    0x08000140   0x00000006   Code   RO         7828    .ARM.Collect$$rtexit$$00000004  c_p.l(rtexit2.o)
    0x08000146   0x00000002   PAD
    0x08000148   0x00000038   Code   RO         7711    .emb_text           c_p.l(rt_memcpy.o)
    0x08000180   0x00000030   Code   RO            4  * .text               startup.o
    0x080001b0   0x00000102   Code   RO         7709    .text               c_p.l(lludiv.o)
    0x080002b2   0x00000040   Code   RO         7715    .text               c_p.l(rt_memclr.o)
    0x080002f2   0x0000015a   Code   RO         7717    .text               c_p.l(aeabi_sdiv.o)
    0x0800044c   0x00000006   Code   RO         7721    .text               c_p.l(heapauxi.o)
    0x08000452   0x0000003e   Code   RO         7751    .text               c_p.l(sys_stackheap_outer.o)
    0x08000490   0x00000010   Code   RO         7754    .text               c_p.l(exit.o)
    0x080004a0   0x00000008   Code   RO         7766    .text               c_p.l(libspace.o)
    0x080004a8   0x0000000c   Code   RO         7823    .text               c_p.l(sys_exit.o)
    0x080004b4   0x00000002   Code   RO         7842    .text               c_p.l(use_no_semi.o)
    0x080004b6   0x00000000   Code   RO         7844    .text               c_p.l(indicate_semi.o)
    0x080004b6   0x00000056   Code   RO         7896    .text               c_p.l(__dczerorl2.o)
    0x0800050c   0x0000002c   Code   RO          769    i.ADC_DelayMicroSecond  stm32l0xx_hal_adc.o
    0x08000538   0x000000a4   Code   RO          771    i.ADC_Enable        stm32l0xx_hal_adc.o
    0x080005dc   0x000000d8   Code   RO          948    i.HAL_ADCEx_Calibration_Start  stm32l0xx_hal_adc_ex.o
    0x080006b4   0x00000148   Code   RO          773    i.HAL_ADC_ConfigChannel  stm32l0xx_hal_adc.o
    0x080007fc   0x00000008   Code   RO          780    i.HAL_ADC_GetValue  stm32l0xx_hal_adc.o
    0x08000804   0x00000234   Code   RO          782    i.HAL_ADC_Init      stm32l0xx_hal_adc.o
    0x08000a38   0x00000002   Code   RO          785    i.HAL_ADC_MspInit   stm32l0xx_hal_adc.o
    0x08000a3a   0x000000e8   Code   RO          786    i.HAL_ADC_PollForConversion  stm32l0xx_hal_adc.o
    0x08000b22   0x00000002   PAD
    0x08000b24   0x00000078   Code   RO          788    i.HAL_ADC_Start     stm32l0xx_hal_adc.o
    0x08000b9c   0x000001ec   Code   RO         1935    i.HAL_GPIO_Init     stm32l0xx_hal_gpio.o
    0x08000d88   0x0000000c   Code   RO         1939    i.HAL_GPIO_WritePin  stm32l0xx_hal_gpio.o
    0x08000d94   0x0000000c   Code   RO          611    i.HAL_GetTick       stm32l0xx_hal.o
    0x08000da0   0x00000028   Code   RO          614    i.HAL_InitTick      stm32l0xx_hal.o
    0x08000dc8   0x00000018   Code   RO         1109    i.HAL_NVIC_ClearPendingIRQ  stm32l0xx_hal_cortex.o
    0x08000de0   0x00000018   Code   RO         1111    i.HAL_NVIC_EnableIRQ  stm32l0xx_hal_cortex.o
    0x08000df8   0x00000012   Code   RO         1115    i.HAL_NVIC_SetPriority  stm32l0xx_hal_cortex.o
    0x08000e0a   0x00000002   PAD
    0x08000e0c   0x00000338   Code   RO         3893    i.HAL_RCCEx_GetPeriphCLKFreq  stm32l0xx_hal_rcc_ex.o
    0x08001144   0x000001f8   Code   RO         3782    i.HAL_RCC_ClockConfig  stm32l0xx_hal_rcc.o
    0x0800133c   0x0000000c   Code   RO         3786    i.HAL_RCC_GetHCLKFreq  stm32l0xx_hal_rcc.o
    0x08001348   0x00000024   Code   RO         3788    i.HAL_RCC_GetPCLK1Freq  stm32l0xx_hal_rcc.o
    0x0800136c   0x00000024   Code   RO         3789    i.HAL_RCC_GetPCLK2Freq  stm32l0xx_hal_rcc.o
    0x08001390   0x000000e4   Code   RO         3790    i.HAL_RCC_GetSysClockFreq  stm32l0xx_hal_rcc.o
    0x08001474   0x000006d4   Code   RO         3793    i.HAL_RCC_OscConfig  stm32l0xx_hal_rcc.o
    0x08001b48   0x0000008e   Code   RO         4938    i.HAL_SPI_Init      stm32l0xx_hal_spi.o
    0x08001bd6   0x00000002   Code   RO         4940    i.HAL_SPI_MspInit   stm32l0xx_hal_spi.o
    0x08001bd8   0x000001da   Code   RO         4946    i.HAL_SPI_Transmit  stm32l0xx_hal_spi.o
    0x08001db2   0x0000037e   Code   RO         4947    i.HAL_SPI_TransmitReceive  stm32l0xx_hal_spi.o
    0x08002130   0x00000038   Code   RO         1119    i.HAL_SYSTICK_Config  stm32l0xx_hal_cortex.o
    0x08002168   0x00000082   Code   RO         5973    i.HAL_UART_Init     stm32l0xx_hal_uart.o
    0x080021ea   0x00000002   Code   RO         5975    i.HAL_UART_MspInit  stm32l0xx_hal_uart.o
    0x080021ec   0x0000014c   Code   RO         5976    i.HAL_UART_Receive  stm32l0xx_hal_uart.o
    0x08002338   0x000000f0   Code   RO         5981    i.HAL_UART_Transmit  stm32l0xx_hal_uart.o
    0x08002428   0x00000078   Code   RO         1121    i.NVIC_SetPriority  stm32l0xx_hal_cortex.o
    0x080024a0   0x00000098   Code   RO         3794    i.RCC_SetFlashLatencyFromMSIRange  stm32l0xx_hal_rcc.o
    0x08002538   0x00000118   Code   RO         4968    i.SPI_WaitOnFlagUntilTimeout  stm32l0xx_hal_spi.o
    0x08002650   0x00000014   Code   RO         7010    i.SRAM_CS_HIGH      mc23a1024.o
    0x08002664   0x00000014   Code   RO         7011    i.SRAM_CS_LOW       mc23a1024.o
    0x08002678   0x00000010   Code   RO          372    i.SysTick_Handler   timerhal.o
    0x08002688   0x00000038   Code   RO          373    i.TIM2_IRQHandler   timerhal.o
    0x080026c0   0x000000f0   Code   RO         5986    i.UART_AdvFeatureConfig  stm32l0xx_hal_uart.o
    0x080027b0   0x00000074   Code   RO         5987    i.UART_CheckIdleState  stm32l0xx_hal_uart.o
    0x08002824   0x000003d0   Code   RO         6002    i.UART_SetConfig    stm32l0xx_hal_uart.o
    0x08002bf4   0x00000070   Code   RO         6004    i.UART_WaitOnFlagUntilTimeout  stm32l0xx_hal_uart.o
    0x08002c64   0x00000036   Code   RO         6857    i.UlToStr           menu.o
    0x08002c9a   0x00000002   PAD
    0x08002c9c   0x00000014   Code   RO         7245    i.ZIGBEE_DOZE       zigbee.o
    0x08002cb0   0x00000018   Code   RO         7246    i.ZIGBEE_WAKE       zigbee.o
    0x08002cc8   0x00000030   Code   RO         6289    i.__ARM_common_ll_muluu  stm32l0xx_hal_uart.o
    0x08002cf8   0x00000034   Code   RO         6858    i.adcMenu_f         menu.o
    0x08002d2c   0x00000068   Code   RO         7200    i.adcUnitTestOnDie  adc.o
    0x08002d94   0x00000084   Code   RO         7639    i.autoGainSelect    pga.o
    0x08002e18   0x0000000c   Code   RO         6859    i.blockForInput     menu.o
    0x08002e24   0x00000014   Code   RO         7012    i.blockToAdressTranslate  mc23a1024.o
    0x08002e38   0x0000001c   Code   RO         7445    i.bufferToZigbee    sectorlogic.o
    0x08002e54   0x0000000c   Code   RO         7446    i.bufferToZigbeeShim  sectorlogic.o
    0x08002e60   0x00000040   Code   RO         6860    i.clearScreen       menu.o
    0x08002ea0   0x00000034   Code   RO         6861    i.coreTask_f        menu.o
    0x08002ed4   0x00000038   Code   RO         7349    i.crc16             crc.o
    0x08002f0c   0x00000078   Code   RO         7447    i.createTxSectorTask  sectorlogic.o
    0x08002f84   0x00000054   Code   RO          281    i.deinitSpiGpiosAnalog  spihal.o
    0x08002fd8   0x0000002c   Code   RO          490    i.deinitUartPinsZigbee  uarthal.o
    0x08003004   0x0000001c   Code   RO         7604    i.disableSamplingSupply  ldo.o
    0x08003020   0x0000001a   Code   RO         7605    i.enableSamplingSupply  ldo.o
    0x0800303a   0x00000002   PAD
    0x0800303c   0x000000a8   Code   RO         7141    i.fillSpiSawTooth   memoryselftest.o
    0x080030e4   0x00000044   Code   RO         7201    i.getAdcSample      adc.o
    0x08003128   0x0000003c   Code   RO         7015    i.getByteSram       mc23a1024.o
    0x08003164   0x00000044   Code   RO         7202    i.getCapVoltage     adc.o
    0x080031a8   0x00000014   Code   RO         6862    i.getLen            menu.o
    0x080031bc   0x00000022   Code   RO          459    i.gpioSetReset      gpiohal.o
    0x080031de   0x00000002   PAD
    0x080031e0   0x00000020   Code   RO          255    i.hash              globals.o
    0x08003200   0x00000020   Code   RO          256    i.hash16            globals.o
    0x08003220   0x00000040   Code   RO         7640    i.helperGetNextGain  pga.o
    0x08003260   0x00000050   Code   RO         7606    i.iniLdoClocksAndPins  ldo.o
    0x080032b0   0x00000100   Code   RO         7203    i.initAdc           adc.o
    0x080033b0   0x0000001c   Code   RO         7381    i.initContext       rtos.o
    0x080033cc   0x00000020   Code   RO         7382    i.initFncPtrs       rtos.o
    0x080033ec   0x00000094   Code   RO          557    i.initRcc32mhz      cpuhal.o
    0x08003480   0x0000007c   Code   RO          558    i.initRcc4mhz       cpuhal.o
    0x080034fc   0x000000d0   Code   RO          282    i.initSpiGpiosAnalog  spihal.o
    0x080035cc   0x000000cc   Code   RO          283    i.initSpiGpiosDigital  spihal.o
    0x08003698   0x000000c4   Code   RO          284    i.initSpis          spihal.o
    0x0800375c   0x00000120   Code   RO          491    i.initUart          uarthal.o
    0x0800387c   0x00000038   Code   RO          492    i.initUartPinsMenu  uarthal.o
    0x080038b4   0x00000038   Code   RO          493    i.initUartPinsZigbee  uarthal.o
    0x080038ec   0x00000050   Code   RO         7247    i.initZigbeeGpioPins  zigbee.o
    0x0800393c   0x00000034   Code   RO         7383    i.kernal            rtos.o
    0x08003970   0x0000002e   Code   RO           12    i.main              main_fw.o
    0x0800399e   0x00000002   PAD
    0x080039a0   0x00000048   Code   RO         7450    i.memToBuffer       sectorlogic.o
    0x080039e8   0x0000003c   Code   RO         6864    i.menuSelect        menu.o
    0x08003a24   0x0000003c   Code   RO         7313    i.multiSectorSpiMemFill  sampler.o
    0x08003a60   0x0000000a   Code   RO         7452    i.multiSectorSpiMemFillShim  sectorlogic.o
    0x08003a6a   0x00000002   PAD
    0x08003a6c   0x00000034   Code   RO         6865    i.pgaTasks_f        menu.o
    0x08003aa0   0x00000034   Code   RO         6867    i.powerTasks_f      menu.o
    0x08003ad4   0x00000048   Code   RO         6868    i.printGain         menu.o
    0x08003b1c   0x00000048   Code   RO         6869    i.printMenu         menu.o
    0x08003b64   0x0000001c   Code   RO         6870    i.printNewLine      menu.o
    0x08003b80   0x00000020   Code   RO         6871    i.printStars        menu.o
    0x08003ba0   0x00000088   Code   RO         6872    i.printState        menu.o
    0x08003c28   0x0000000e   Code   RO         7019    i.putChar           mc23a1024.o
    0x08003c36   0x00000002   PAD
    0x08003c38   0x0000004c   Code   RO          285    i.readByteSpiLld    spihal.o
    0x08003c84   0x00000004   Code   RO         6873    i.sampleLoop_f      menu.o
    0x08003c88   0x00000020   Code   RO         7453    i.sectorSetCRC      sectorlogic.o
    0x08003ca8   0x0000000c   Code   RO         7455    i.sectorSetEnergyQaulity  sectorlogic.o
    0x08003cb4   0x00000018   Code   RO         7456    i.sectorSetFree     sectorlogic.o
    0x08003ccc   0x00000030   Code   RO         7457    i.sectorSetHeader   sectorlogic.o
    0x08003cfc   0x0000000c   Code   RO         7458    i.sectorSetPgaGain  sectorlogic.o
    0x08003d08   0x00000010   Code   RO         7459    i.sectorSetSequenceId  sectorlogic.o
    0x08003d18   0x0000003c   Code   RO         7460    i.sectorSetTerminator  sectorlogic.o
    0x08003d54   0x0000000c   Code   RO         7461    i.sectorTransmitSector  sectorlogic.o
    0x08003d60   0x0000006c   Code   RO         7576    i.sendAllSectors    sectortest.o
    0x08003dcc   0x00000054   Code   RO         7577    i.sendAllSectorsDontSample  sectortest.o
    0x08003e20   0x0000000c   Code   RO         7641    i.setGainGpa1       pga.o
    0x08003e2c   0x0000000c   Code   RO         7642    i.setGainGpa10      pga.o
    0x08003e38   0x0000000c   Code   RO         7643    i.setGainGpa16      pga.o
    0x08003e44   0x0000000c   Code   RO         7644    i.setGainGpa2       pga.o
    0x08003e50   0x0000000c   Code   RO         7645    i.setGainGpa32      pga.o
    0x08003e5c   0x0000001a   Code   RO         7021    i.setMode           mc23a1024.o
    0x08003e76   0x00000032   Code   RO         7646    i.setPgaGain        pga.o
    0x08003ea8   0x00000078   Code   RO          374    i.sleepWFImultiplesOf1000ms  timerhal.o
    0x08003f20   0x00000088   Code   RO          375    i.sleepWFImultiplesOf100ms  timerhal.o
    0x08003fa8   0x00000088   Code   RO          376    i.sleepWFImultiplesOf10ms  timerhal.o
    0x08004030   0x00000074   Code   RO         7142    i.spiFillPattern    memoryselftest.o
    0x080040a4   0x00000008   Code   RO         7022    i.spiMemFinalizeSequential  mc23a1024.o
    0x080040ac   0x00000018   Code   RO         7023    i.spiMemPrepSequentialRead  mc23a1024.o
    0x080040c4   0x00000018   Code   RO         7024    i.spiMemPrepSequentialWrite  mc23a1024.o
    0x080040dc   0x00000030   Code   RO         6874    i.spiMem_f          menu.o
    0x0800410c   0x00000034   Code   RO          287    i.spiPut            spihal.o
    0x08004140   0x00000030   Code   RO          288    i.spiPutByte        spihal.o
    0x08004170   0x0000003c   Code   RO          289    i.spiPutGet         spihal.o
    0x080041ac   0x00000026   Code   RO         7025    i.spiReadDMASequentialInit  mc23a1024.o
    0x080041d2   0x00000002   PAD
    0x080041d4   0x000000b4   Code   RO         7146    i.spiWalkTest       memoryselftest.o
    0x08004288   0x0000012c   Code   RO         7147    i.spiWalkTestRegisterSequentialMode  memoryselftest.o
    0x080043b4   0x0000004c   Code   RO          290    i.spiWrite          spihal.o
    0x08004400   0x00000008   Code   RO         7026    i.spiWriteDMASequentialFinalize  mc23a1024.o
    0x08004408   0x00000026   Code   RO         7027    i.spiWriteDMASequentialInit  mc23a1024.o
    0x0800442e   0x00000002   PAD
    0x08004430   0x00000040   Code   RO         7384    i.stateCreateTxBuffer  rtos.o
    0x08004470   0x00000048   Code   RO         7385    i.stateSample       rtos.o
    0x080044b8   0x00000044   Code   RO         7386    i.stateTrasmit      rtos.o
    0x080044fc   0x0000002a   Code   RO         7315    i.taskSample        sampler.o
    0x08004526   0x00000002   PAD
    0x08004528   0x00000088   Code   RO          378    i.timerDelayUs      timerhal.o
    0x080045b0   0x0000000e   Code   RO          379    i.timerDelayUsDirty  timerhal.o
    0x080045be   0x00000002   PAD
    0x080045c0   0x00000030   Code   RO          380    i.timerInit         timerhal.o
    0x080045f0   0x00000020   Code   RO          381    i.timerInitTim21    timerhal.o
    0x08004610   0x00000004   Code   RO         6875    i.timerMenu_f       menu.o
    0x08004614   0x0000001c   Code   RO          495    i.uartGetMenu       uarthal.o
    0x08004630   0x0000001c   Code   RO          496    i.uartPut           uarthal.o
    0x0800464c   0x0000001c   Code   RO          497    i.uartPutMenu       uarthal.o
    0x08004668   0x00000016   Code   RO         6876    i.uartPutMenuAutoCount  menu.o
    0x0800467e   0x00000002   PAD
    0x08004680   0x0000003c   Code   RO          291    i.writeByteSpiLld   spihal.o
    0x080046bc   0x00000034   Code   RO         7028    i.writeByteSram     mc23a1024.o
    0x080046f0   0x00000034   Code   RO         6877    i.zigbeeMenu_f      menu.o
    0x08004724   0x00000024   Code   RO         7248    i.zigbeeSleep       zigbee.o
    0x08004748   0x0000002c   Code   RO         7249    i.zigbeeTestSendIncrementing  zigbee.o
    0x08004774   0x00000018   Code   RO         7462    i.zigbeeTransmitTask  sectorlogic.o
    0x0800478c   0x00000028   Code   RO         7463    i.zigbeeTransmitTaskDebug  sectorlogic.o
    0x080047b4   0x00000038   Code   RO         7250    i.zigbeeWake        zigbee.o
    0x080047ec   0x00000040   Code   RO         7251    i.zigbeeWrite       zigbee.o
    0x0800482c   0x00000021   Data   RO         6826    .constdata          system_stm32l0xx.o
    0x0800484d   0x00000027   Data   RO         6878    .constdata          menu.o
    0x08004874   0x00000200   Data   RO         7351    .constdata          crc.o
    0x08004a74   0x0000047d   Data   RO         6879    .conststring        menu.o
    0x08004ef1   0x00000003   PAD
    0x08004ef4   0x000000d5   Data   RO         7148    .conststring        memoryselftest.o
    0x08004fc9   0x00000003   PAD
    0x08004fcc   0x00000020   Data   RO         7894    Region$$Table       anon$$obj.o


    Execution Region ER_RW (Base: 0x20000000, Size: 0x00000330, Max: 0xffffffff, ABSOLUTE, COMPRESSED[0x00000184])

    Base Addr    Size         Type   Attr      Idx    E Section Name        Object

    0x20000000   0x00000004   Data   RW          257    .data               globals.o
    0x20000004   0x00000001   Data   RW          383    .data               timerhal.o
    0x20000005   0x00000003   PAD
    0x20000008   0x00000004   Data   RW          623    .data               stm32l0xx_hal.o
    0x2000000c   0x00000004   Data   RW         6827    .data               system_stm32l0xx.o
    0x20000010   0x00000278   Data   RW         6880    .data               menu.o
    0x20000288   0x0000000c   Data   RW         7205    .data               adc.o
    0x20000294   0x00000091   Data   RW         7578    .data               sectortest.o
    0x20000325   0x00000008   Data   RW         7647    .data               pga.o


    Execution Region ER_ZI (Base: 0x20000330, Size: 0x00001250, Max: 0xffffffff, ABSOLUTE)

    Base Addr    Size         Type   Attr      Idx    E Section Name        Object

    0x20000330   0x000000b0   Zero   RW          292    .bss                spihal.o
    0x200003e0   0x00000070   Zero   RW          382    .bss                timerhal.o
    0x20000450   0x000000e0   Zero   RW          498    .bss                uarthal.o
    0x20000530   0x0000004c   Zero   RW          561    .bss                cpuhal.o
    0x2000057c   0x00000060   Zero   RW         7204    .bss                adc.o
    0x200005dc   0x00000028   Zero   RW         7387    .bss                rtos.o
    0x20000604   0x00000916   Zero   RW         7464    .bss                sectorlogic.o
    0x20000f1a   0x00000002   PAD
    0x20000f1c   0x00000060   Zero   RW         7767    .bss                c_p.l(libspace.o)
    0x20000f7c   0x00000004   PAD
    0x20000f80   0x00000200   Zero   RW            2    HEAP                startup.o
    0x20001180   0x00000400   Zero   RW            1    STACK               startup.o


==============================================================================

Image component sizes


      Code (inc. data)   RO Data    RW Data    ZI Data      Debug   Object Name

       496         76          0         12         96       3015   adc.o
       272         28          0          0         76       1171   cpuhal.o
        56          6        512          0          0       1132   crc.o
        64          8          0          4          0       1329   globals.o
        34          0          0          0          0       1011   gpiohal.o
       134          4          0          0          0       1917   ldo.o
        46          0          0          0          0     350475   main_fw.o
       352         14          0          0          0       7093   mc23a1024.o
       764        328        213          0          0       2801   memoryselftest.o
       888        154       1188        632          0      11772   menu.o
       306          6          0          8          0       4813   pga.o
       316         66          0          0         40       3784   rtos.o
       102          0          0          0          0       1077   sampler.o
       522         86          0          0       2326       8099   sectorlogic.o
       192         30          0        145          0       1944   sectortest.o
      1064         90          0          0        176       7797   spihal.o
        48         22        192          0       1536        584   startup.o
        52         10          0          4          0       1734   stm32l0xx_hal.o
      1462         54          0          0          0       5364   stm32l0xx_hal_adc.o
       216          0          0          0          0       1278   stm32l0xx_hal_adc_ex.o
       242         32          0          0          0      10816   stm32l0xx_hal_cortex.o
       504         30          0          0          0       1960   stm32l0xx_hal_gpio.o
      2716        116          0          0          0       6048   stm32l0xx_hal_rcc.o
       824         42          0          0          0       1217   stm32l0xx_hal_rcc_ex.o
      1792          0          0          0          0       4502   stm32l0xx_hal_spi.o
      2196         54          0          0          0       6595   stm32l0xx_hal_uart.o
         0          0         33          4          0        818   system_stm32l0xx.o
       694         76          0          1        112       4629   timerhal.o
       528         48          0          0        224       5664   uarthal.o
       324         46          0          0          0       4111   zigbee.o

    ----------------------------------------------------------------------
     17232       1426       2176        816       4588     464550   Object Totals
         0          0         32          0          0          0   (incl. Generated)
        26          0          6          6          2          0   (incl. Padding)

    ----------------------------------------------------------------------

      Code (inc. data)   RO Data    RW Data    ZI Data      Debug   Library Member Name

        86          0          0          0          0          0   __dczerorl2.o
         8          0          0          0          0         68   __main.o
         0          0          0          0          0          0   __rtentry.o
        12          0          0          0          0          0   __rtentry2.o
         6          0          0          0          0          0   __rtentry4.o
        60          8          0          0          0          0   __scatter.o
        28          0          0          0          0          0   __scatter_zi.o
       346          0          0          0          0         92   aeabi_sdiv.o
        16          0          0          0          0         68   exit.o
         6          0          0          0          0        136   heapauxi.o
         0          0          0          0          0          0   indicate_semi.o
         2          0          0          0          0          0   libinit.o
         2          0          0          0          0          0   libinit2.o
         2          0          0          0          0          0   libshutdown.o
         2          0          0          0          0          0   libshutdown2.o
         8          4          0          0         96         68   libspace.o
       258          0          0          0          0         88   lludiv.o
        64          0          0          0          0        108   rt_memclr.o
        56          0          0          0          0         68   rt_memcpy.o
         2          0          0          0          0          0   rtexit.o
        10          0          0          0          0          0   rtexit2.o
        12          4          0          0          0         60   sys_exit.o
        62          0          0          0          0         80   sys_stackheap_outer.o
         2          0          0          0          0         68   use_no_semi.o

    ----------------------------------------------------------------------
      1052         16          0          0        100        904   Library Totals
         2          0          0          0          4          0   (incl. Padding)

    ----------------------------------------------------------------------

      Code (inc. data)   RO Data    RW Data    ZI Data      Debug   Library Name

      1050         16          0          0         96        904   c_p.l

    ----------------------------------------------------------------------
      1052         16          0          0        100        904   Library Totals

    ----------------------------------------------------------------------

==============================================================================


      Code (inc. data)   RO Data    RW Data    ZI Data      Debug   

     18284       1442       2176        816       4688     458442   Grand Totals
     18284       1442       2176        388       4688     458442   ELF Image Totals (compressed)
     18284       1442       2176        388          0          0   ROM Totals

==============================================================================

    Total RO  Size (Code + RO Data)                20460 (  19.98kB)
    Total RW  Size (RW Data + ZI Data)              5504 (   5.38kB)
    Total ROM Size (Code + RO Data + RW Data)      20848 (  20.36kB)

==============================================================================

