Component: ARM Compiler 5.06 update 4 (build 422) Tool: armlink [4d35d2]

==============================================================================

Section Cross References

    startup.o(STACK) refers (Special) to heapauxi.o(.text) for __use_two_region_memory
    startup.o(HEAP) refers (Special) to heapauxi.o(.text) for __use_two_region_memory
    startup.o(RESET) refers (Special) to heapauxi.o(.text) for __use_two_region_memory
    startup.o(RESET) refers to startup.o(STACK) for __initial_sp
    startup.o(RESET) refers to startup.o(.text) for Reset_Handler
    startup.o(RESET) refers to timerhal.o(i.SysTick_Handler) for SysTick_Handler
    startup.o(RESET) refers to timerhal.o(i.TIM2_IRQHandler) for TIM2_IRQHandler
    startup.o(.text) refers (Special) to heapauxi.o(.text) for __use_two_region_memory
    startup.o(.text) refers to __main.o(!!!main) for __main
    startup.o(.text) refers to startup.o(HEAP) for Heap_Mem
    startup.o(.text) refers to startup.o(STACK) for Stack_Mem
    main_fw.o(i.main) refers to timerhal.o(i.initTimerRcc) for initTimerRcc
    main_fw.o(i.main) refers to timerhal.o(i.timerInit) for timerInit
    main_fw.o(i.main) refers to uarthal.o(i.initUart) for initUart
    main_fw.o(i.main) refers to timerhal.o(i.timerInitTim21) for timerInitTim21
    main_fw.o(i.main) refers to spihal.o(i.initSpis) for initSpis
    main_fw.o(i.main) refers to ldo.o(i.iniLdoClocksAndPins) for iniLdoClocksAndPins
    main_fw.o(i.main) refers to menu.o(i.mainMenu_f) for mainMenu_f
    spihal.o(i.initSpiGpios) refers to stm32l0xx_hal_gpio.o(i.HAL_GPIO_Init) for HAL_GPIO_Init
    spihal.o(i.initSpiGpios) refers to stm32l0xx_hal_gpio.o(i.HAL_GPIO_WritePin) for HAL_GPIO_WritePin
    spihal.o(i.initSpis) refers to spihal.o(i.initSpiGpios) for initSpiGpios
    spihal.o(i.initSpis) refers to stm32l0xx_hal_spi.o(i.HAL_SPI_Init) for HAL_SPI_Init
    spihal.o(i.initSpis) refers to spihal.o(.bss) for SpiHandleMem
    spihal.o(i.readByteSpiLld) refers to spihal.o(i.writeByteSpiLld) for writeByteSpiLld
    spihal.o(i.readByteSpiLld) refers to spihal.o(.bss) for SpiHandleMem
    spihal.o(i.spiGet) refers to stm32l0xx_hal_spi.o(i.HAL_SPI_Receive) for HAL_SPI_Receive
    spihal.o(i.spiGet) refers to spihal.o(.bss) for SpiHandleADC
    spihal.o(i.spiPut) refers to stm32l0xx_hal_spi.o(i.HAL_SPI_Transmit) for HAL_SPI_Transmit
    spihal.o(i.spiPut) refers to spihal.o(.bss) for SpiHandleADC
    spihal.o(i.spiPutByte) refers to stm32l0xx_hal_spi.o(i.HAL_SPI_Transmit) for HAL_SPI_Transmit
    spihal.o(i.spiPutByte) refers to spihal.o(.bss) for SpiHandleADC
    spihal.o(i.spiPutGet) refers to stm32l0xx_hal_spi.o(i.HAL_SPI_TransmitReceive) for HAL_SPI_TransmitReceive
    spihal.o(i.spiPutGet) refers to spihal.o(.bss) for SpiHandleADC
    spihal.o(i.spiWrite) refers to stm32l0xx_hal_spi.o(i.HAL_SPI_Transmit) for HAL_SPI_Transmit
    spihal.o(i.spiWrite) refers to stm32l0xx_hal_gpio.o(i.HAL_GPIO_WritePin) for HAL_GPIO_WritePin
    spihal.o(i.spiWrite) refers to spihal.o(.bss) for SpiHandleMem
    spihal.o(i.writeByteSpiLld) refers to spihal.o(.bss) for SpiHandleMem
    timerhal.o(i.TIM2_IRQHandler) refers to stm32l0xx_hal_cortex.o(i.HAL_NVIC_ClearPendingIRQ) for HAL_NVIC_ClearPendingIRQ
    timerhal.o(i.TIM2_IRQHandler) refers to timerhal.o(.bss) for timerHandle
    timerhal.o(i.TIM2_IRQHandler) refers to timerhal.o(.data) for generalTimerDone
    timerhal.o(i.initTimerRcc) refers to stm32l0xx_hal_rcc.o(i.HAL_RCC_OscConfig) for HAL_RCC_OscConfig
    timerhal.o(i.initTimerRcc) refers to timerhal.o(.bss) for rccHandle
    timerhal.o(i.sleepWFImultiplesOf1000ms) refers to stm32l0xx_hal_cortex.o(i.HAL_NVIC_ClearPendingIRQ) for HAL_NVIC_ClearPendingIRQ
    timerhal.o(i.sleepWFImultiplesOf1000ms) refers to timerhal.o(.bss) for timerHandle
    timerhal.o(i.sleepWFImultiplesOf1000ms) refers to timerhal.o(.data) for generalTimerDone
    timerhal.o(i.sleepWFImultiplesOf100ms) refers to stm32l0xx_hal_cortex.o(i.HAL_NVIC_ClearPendingIRQ) for HAL_NVIC_ClearPendingIRQ
    timerhal.o(i.sleepWFImultiplesOf100ms) refers to timerhal.o(.bss) for timerHandle
    timerhal.o(i.sleepWFImultiplesOf100ms) refers to timerhal.o(.data) for generalTimerDone
    timerhal.o(i.sleepWFImultiplesOf10ms) refers to stm32l0xx_hal_cortex.o(i.HAL_NVIC_ClearPendingIRQ) for HAL_NVIC_ClearPendingIRQ
    timerhal.o(i.sleepWFImultiplesOf10ms) refers to timerhal.o(.bss) for timerHandle
    timerhal.o(i.sleepWFImultiplesOf10ms) refers to timerhal.o(.data) for generalTimerDone
    timerhal.o(i.timerDelayUs) refers to stm32l0xx_hal_rcc.o(i.HAL_RCC_GetSysClockFreq) for HAL_RCC_GetSysClockFreq
    timerhal.o(i.timerDelayUs) refers to aeabi_sdiv.o(.text) for __aeabi_uidivmod
    timerhal.o(i.timerDelayUs) refers to timerhal.o(.bss) for rccHandle
    timerhal.o(i.timerDelayUsDirty) refers to timerhal.o(.bss) for rccHandle
    timerhal.o(i.timerInit) refers to stm32l0xx_hal_cortex.o(i.HAL_NVIC_SetPriority) for HAL_NVIC_SetPriority
[...]
    Removing stm32l0xx_hal_wwdg.o(i.HAL_WWDG_Init), (46 bytes).
    Removing stm32l0xx_hal_wwdg.o(i.HAL_WWDG_MspInit), (2 bytes).
    Removing stm32l0xx_hal_wwdg.o(i.HAL_WWDG_Refresh), (12 bytes).
    Removing stm32l0xx_ll_utils.o(.rev16_text), (4 bytes).
    Removing stm32l0xx_ll_utils.o(.revsh_text), (4 bytes).
    Removing stm32l0xx_ll_utils.o(i.LL_Init1msTick), (40 bytes).
    Removing stm32l0xx_ll_utils.o(i.LL_PLL_ConfigSystemClock_HSE), (152 bytes).
    Removing stm32l0xx_ll_utils.o(i.LL_PLL_ConfigSystemClock_HSI), (100 bytes).
    Removing stm32l0xx_ll_utils.o(i.LL_PWR_GetRegulVoltageScaling), (16 bytes).
    Removing stm32l0xx_ll_utils.o(i.LL_RCC_HSE_IsReady), (20 bytes).
    Removing stm32l0xx_ll_utils.o(i.LL_RCC_HSI_IsReady), (16 bytes).
    Removing stm32l0xx_ll_utils.o(i.LL_RCC_PLL_ConfigDomain_SYS), (32 bytes).
    Removing stm32l0xx_ll_utils.o(i.LL_RCC_PLL_IsReady), (20 bytes).
    Removing stm32l0xx_ll_utils.o(i.LL_SetSystemCoreClock), (12 bytes).
    Removing stm32l0xx_ll_utils.o(i.LL_mDelay), (48 bytes).
    Removing stm32l0xx_ll_utils.o(i.UTILS_EnablePLLAndSwitchSystem), (208 bytes).
    Removing stm32l0xx_ll_utils.o(i.UTILS_GetPLLOutputFrequency), (44 bytes).
    Removing stm32l0xx_ll_utils.o(i.UTILS_PLL_IsBusy), (18 bytes).
    Removing stm32l0xx_ll_utils.o(i.UTILS_SetFlashLatency), (124 bytes).
    Removing system_stm32l0xx.o(.rev16_text), (4 bytes).
    Removing system_stm32l0xx.o(.revsh_text), (4 bytes).
    Removing system_stm32l0xx.o(i.SystemCoreClockUpdate), (252 bytes).
    Removing system_stm32l0xx.o(i.SystemInit), (104 bytes).
    Removing menu.o(.rev16_text), (4 bytes).
    Removing menu.o(.revsh_text), (4 bytes).
    Removing menu.o(i.UlToStr), (54 bytes).
    Removing menu.o(i.placeholder), (4 bytes).
    Removing mc23a1024.o(.rev16_text), (4 bytes).
    Removing mc23a1024.o(.revsh_text), (4 bytes).
    Removing mc23a1024.o(i.drainFifo), (22 bytes).
    Removing mc23a1024.o(i.getByteBlock), (42 bytes).
    Removing mc23a1024.o(i.getChar), (10 bytes).
    Removing mc23a1024.o(i.getMode), (26 bytes).
    Removing mc23a1024.o(i.putByteBlock), (36 bytes).
    Removing mc23a1024.o(i.quickTestSequential), (64 bytes).
    Removing memoryselftest.o(.rev16_text), (4 bytes).
    Removing memoryselftest.o(.revsh_text), (4 bytes).
    Removing memoryselftest.o(i.spiMemoryVerifyDestSrc), (6 bytes).
    Removing memoryselftest.o(i.spiMemoryWalkTest), (4 bytes).
    Removing memoryselftest.o(i.spiSramToUartUnitTest), (4 bytes).
    Removing adc.o(.rev16_text), (4 bytes).
    Removing adc.o(.revsh_text), (4 bytes).
    Removing adc.o(i.initAdc), (196 bytes).
    Removing adc.o(.data), (8 bytes).
    Removing zigbee.o(.rev16_text), (4 bytes).
    Removing zigbee.o(.revsh_text), (4 bytes).
    Removing sampler.o(.rev16_text), (4 bytes).
    Removing sampler.o(.revsh_text), (4 bytes).
    Removing sampler.o(i.memToBufferShim), (12 bytes).
    Removing ldo.o(.rev16_text), (4 bytes).
    Removing ldo.o(.revsh_text), (4 bytes).
    Removing stm32l0xx_hal_tim.o(i.__ARM_common_switch8), (28 bytes).

1059 unused section(s) (total 90908 bytes) removed from the image.

==============================================================================

Image Symbol Table

    Local Symbols

    Symbol Name                              Value     Ov Type        Size  Object(Section)

    ../clib/../cmprslib/zerorunl2.c          0x00000000   Number         0  __dczerorl2.o ABSOLUTE
    ../clib/angel/boardlib.s                 0x00000000   Number         0  boardinit3.o ABSOLUTE
    ../clib/angel/boardlib.s                 0x00000000   Number         0  boardinit1.o ABSOLUTE
    ../clib/angel/boardlib.s                 0x00000000   Number         0  boardinit2.o ABSOLUTE
    ../clib/angel/boardlib.s                 0x00000000   Number         0  boardshut.o ABSOLUTE
    ../clib/angel/handlers.s                 0x00000000   Number         0  __scatter_zi.o ABSOLUTE
    ../clib/angel/kernel.s                   0x00000000   Number         0  __rtentry.o ABSOLUTE
    ../clib/angel/kernel.s                   0x00000000   Number         0  rtexit2.o ABSOLUTE
    ../clib/angel/kernel.s                   0x00000000   Number         0  rtexit.o ABSOLUTE
    ../clib/angel/kernel.s                   0x00000000   Number         0  __rtentry4.o ABSOLUTE
    ../clib/angel/kernel.s                   0x00000000   Number         0  __rtentry2.o ABSOLUTE
    ../clib/angel/rt.s                       0x00000000   Number         0  rt_raise.o ABSOLUTE
    ../clib/angel/rt.s                       0x00000000   Number         0  aeabi_ldiv0_sigfpe.o ABSOLUTE
    ../clib/angel/rt.s                       0x00000000   Number         0  aeabi_ldiv0.o ABSOLUTE
    ../clib/angel/rt.s                       0x00000000   Number         0  aeabi_idiv0.o ABSOLUTE
    ../clib/angel/rt.s                       0x00000000   Number         0  aeabi_idiv0_sigfpe.o ABSOLUTE
    ../clib/angel/rt.s                       0x00000000   Number         0  rt_div0.o ABSOLUTE
    ../clib/angel/scatterp.s                 0x00000000   Number         0  __scatter.o ABSOLUTE
    ../clib/angel/startup.s                  0x00000000   Number         0  __main.o ABSOLUTE
    ../clib/angel/sys.s                      0x00000000   Number         0  libspace.o ABSOLUTE
    ../clib/angel/sys.s                      0x00000000   Number         0  sys_stackheap_outer.o ABSOLUTE
    ../clib/angel/sys.s                      0x00000000   Number         0  use_no_semi.o ABSOLUTE
    ../clib/angel/sys.s                      0x00000000   Number         0  indicate_semi.o ABSOLUTE
    ../clib/angel/sys.s                      0x00000000   Number         0  tempstk.o ABSOLUTE
    ../clib/angel/sysapp.c                   0x00000000   Number         0  sys_command.o ABSOLUTE
    ../clib/angel/sysapp.c                   0x00000000   Number         0  sys_wrch.o ABSOLUTE
    ../clib/angel/sysapp.c                   0x00000000   Number         0  sys_exit.o ABSOLUTE
    ../clib/armsys.c                         0x00000000   Number         0  argv_veneer.o ABSOLUTE
    ../clib/armsys.c                         0x00000000   Number         0  no_argv.o ABSOLUTE
    ../clib/armsys.c                         0x00000000   Number         0  _get_argv_nomalloc.o ABSOLUTE
    ../clib/division.c                       0x00000000   Number         0  lludiv.o ABSOLUTE
    ../clib/division.s                       0x00000000   Number         0  aeabi_sdiv_div0.o ABSOLUTE
    ../clib/division.s                       0x00000000   Number         0  aeabi_sdiv.o ABSOLUTE
    ../clib/heapalloc.c                      0x00000000   Number         0  hrguard.o ABSOLUTE
    ../clib/heapaux.c                        0x00000000   Number         0  heapauxi.o ABSOLUTE
    ../clib/libinit.s                        0x00000000   Number         0  libinit2.o ABSOLUTE
    ../clib/libinit.s                        0x00000000   Number         0  libshutdown2.o ABSOLUTE
    ../clib/libinit.s                        0x00000000   Number         0  libinit.o ABSOLUTE
    ../clib/libinit.s                        0x00000000   Number         0  libshutdown.o ABSOLUTE
    ../clib/memcpset.c                       0x00000000   Number         0  rt_memcpy.o ABSOLUTE
    ../clib/memcpset.c                       0x00000000   Number         0  rt_memcpy.o ABSOLUTE
    ../clib/memcpset.c                       0x00000000   Number         0  rt_memclr.o ABSOLUTE
    ../clib/signal.c                         0x00000000   Number         0  defsig_cppl_inner.o ABSOLUTE
    ../clib/signal.c                         0x00000000   Number         0  defsig_fpe_inner.o ABSOLUTE
    ../clib/signal.c                         0x00000000   Number         0  defsig_fpe_outer.o ABSOLUTE
    ../clib/signal.c                         0x00000000   Number         0  defsig_segv_inner.o ABSOLUTE
    ../clib/signal.c                         0x00000000   Number         0  defsig_abrt_inner.o ABSOLUTE
    ../clib/signal.c                         0x00000000   Number         0  defsig_pvfn_inner.o ABSOLUTE
    ../clib/signal.c                         0x00000000   Number         0  defsig_stak_inner.o ABSOLUTE
    ../clib/signal.c                         0x00000000   Number         0  defsig_rtmem_formal.o ABSOLUTE
    ../clib/signal.c                         0x00000000   Number         0  defsig_rtmem_outer.o ABSOLUTE
    ../clib/signal.c                         0x00000000   Number         0  defsig_rtmem_inner.o ABSOLUTE
    ../clib/signal.c                         0x00000000   Number         0  defsig_rtred_inner.o ABSOLUTE
    ../clib/signal.c                         0x00000000   Number         0  defsig_exit.o ABSOLUTE
    ../clib/signal.c                         0x00000000   Number         0  defsig_general.o ABSOLUTE
    ../clib/signal.c                         0x00000000   Number         0  defsig_other.o ABSOLUTE
    ../clib/signal.c                         0x00000000   Number         0  __raise.o ABSOLUTE
    ../clib/signal.c                         0x00000000   Number         0  defsig_fpe_formal.o ABSOLUTE
    ../clib/signal.s                         0x00000000   Number         0  defsig.o ABSOLUTE
    ../clib/stdlib.c                         0x00000000   Number         0  exit.o ABSOLUTE
    ../fplib/cfplib/fpinit.c                 0x00000000   Number         0  fpinit.o ABSOLUTE
    SRAM\MC23A1024.c                         0x00000000   Number         0  mc23a1024.o ABSOLUTE
    SRAM\\MC23A1024.c                        0x00000000   Number         0  mc23a1024.o ABSOLUTE
    Src\\stm32l0xx_hal.c                     0x00000000   Number         0  stm32l0xx_hal.o ABSOLUTE
    Src\\stm32l0xx_hal_adc.c                 0x00000000   Number         0  stm32l0xx_hal_adc.o ABSOLUTE
    Src\\stm32l0xx_hal_adc_ex.c              0x00000000   Number         0  stm32l0xx_hal_adc_ex.o ABSOLUTE
    Src\\stm32l0xx_hal_comp.c                0x00000000   Number         0  stm32l0xx_hal_comp.o ABSOLUTE
    Src\\stm32l0xx_hal_comp_ex.c             0x00000000   Number         0  stm32l0xx_hal_comp_ex.o ABSOLUTE
    Src\\stm32l0xx_hal_cortex.c              0x00000000   Number         0  stm32l0xx_hal_cortex.o ABSOLUTE
    Src\\stm32l0xx_hal_crc.c                 0x00000000   Number         0  stm32l0xx_hal_crc.o ABSOLUTE
    Src\\stm32l0xx_hal_crc_ex.c              0x00000000   Number         0  stm32l0xx_hal_crc_ex.o ABSOLUTE
    Src\\stm32l0xx_hal_dac.c                 0x00000000   Number         0  stm32l0xx_hal_dac.o ABSOLUTE
    Src\\stm32l0xx_hal_dac_ex.c              0x00000000   Number         0  stm32l0xx_hal_dac_ex.o ABSOLUTE
    Src\\stm32l0xx_hal_dma.c                 0x00000000   Number         0  stm32l0xx_hal_dma.o ABSOLUTE
    Src\\stm32l0xx_hal_firewall.c            0x00000000   Number         0  stm32l0xx_hal_firewall.o ABSOLUTE
    Src\\stm32l0xx_hal_flash.c               0x00000000   Number         0  stm32l0xx_hal_flash.o ABSOLUTE
    Src\\stm32l0xx_hal_flash_ex.c            0x00000000   Number         0  stm32l0xx_hal_flash_ex.o ABSOLUTE
    Src\\stm32l0xx_hal_flash_ramfunc.c       0x00000000   Number         0  stm32l0xx_hal_flash_ramfunc.o ABSOLUTE
    Src\\stm32l0xx_hal_gpio.c                0x00000000   Number         0  stm32l0xx_hal_gpio.o ABSOLUTE
    Src\\stm32l0xx_hal_i2c.c                 0x00000000   Number         0  stm32l0xx_hal_i2c.o ABSOLUTE
    Src\\stm32l0xx_hal_i2c_ex.c              0x00000000   Number         0  stm32l0xx_hal_i2c_ex.o ABSOLUTE
    Src\\stm32l0xx_hal_i2s.c                 0x00000000   Number         0  stm32l0xx_hal_i2s.o ABSOLUTE
    Src\\stm32l0xx_hal_irda.c                0x00000000   Number         0  stm32l0xx_hal_irda.o ABSOLUTE
    Src\\stm32l0xx_hal_iwdg.c                0x00000000   Number         0  stm32l0xx_hal_iwdg.o ABSOLUTE
    Src\\stm32l0xx_hal_lcd.c                 0x00000000   Number         0  stm32l0xx_hal_lcd.o ABSOLUTE
    Src\\stm32l0xx_hal_lptim.c               0x00000000   Number         0  stm32l0xx_hal_lptim.o ABSOLUTE
    Src\\stm32l0xx_hal_msp_template.c        0x00000000   Number         0  stm32l0xx_hal_msp_template.o ABSOLUTE
    Src\\stm32l0xx_hal_pcd.c                 0x00000000   Number         0  stm32l0xx_hal_pcd.o ABSOLUTE
    Src\\stm32l0xx_hal_pcd_ex.c              0x00000000   Number         0  stm32l0xx_hal_pcd_ex.o ABSOLUTE
    Src\\stm32l0xx_hal_pwr.c                 0x00000000   Number         0  stm32l0xx_hal_pwr.o ABSOLUTE
    Src\\stm32l0xx_hal_pwr_ex.c              0x00000000   Number         0  stm32l0xx_hal_pwr_ex.o ABSOLUTE
    Src\\stm32l0xx_hal_rcc.c                 0x00000000   Number         0  stm32l0xx_hal_rcc.o ABSOLUTE
    Src\\stm32l0xx_hal_rcc_ex.c              0x00000000   Number         0  stm32l0xx_hal_rcc_ex.o ABSOLUTE
    Src\\stm32l0xx_hal_rng.c                 0x00000000   Number         0  stm32l0xx_hal_rng.o ABSOLUTE
    Src\\stm32l0xx_hal_rtc.c                 0x00000000   Number         0  stm32l0xx_hal_rtc.o ABSOLUTE
    Src\\stm32l0xx_hal_rtc_ex.c              0x00000000   Number         0  stm32l0xx_hal_rtc_ex.o ABSOLUTE
    Src\\stm32l0xx_hal_smartcard.c           0x00000000   Number         0  stm32l0xx_hal_smartcard.o ABSOLUTE
    Src\\stm32l0xx_hal_smartcard_ex.c        0x00000000   Number         0  stm32l0xx_hal_smartcard_ex.o ABSOLUTE
    Src\\stm32l0xx_hal_smbus.c               0x00000000   Number         0  stm32l0xx_hal_smbus.o ABSOLUTE
    Src\\stm32l0xx_hal_spi.c                 0x00000000   Number         0  stm32l0xx_hal_spi.o ABSOLUTE
    Src\\stm32l0xx_hal_tim.c                 0x00000000   Number         0  stm32l0xx_hal_tim.o ABSOLUTE
    Src\\stm32l0xx_hal_tim_ex.c              0x00000000   Number         0  stm32l0xx_hal_tim_ex.o ABSOLUTE
    Src\\stm32l0xx_hal_tsc.c                 0x00000000   Number         0  stm32l0xx_hal_tsc.o ABSOLUTE
    Src\\stm32l0xx_hal_uart.c                0x00000000   Number         0  stm32l0xx_hal_uart.o ABSOLUTE
    Src\\stm32l0xx_hal_uart_ex.c             0x00000000   Number         0  stm32l0xx_hal_uart_ex.o ABSOLUTE
    Src\\stm32l0xx_hal_usart.c               0x00000000   Number         0  stm32l0xx_hal_usart.o ABSOLUTE
    Src\\stm32l0xx_hal_wwdg.c                0x00000000   Number         0  stm32l0xx_hal_wwdg.o ABSOLUTE
    Src\\stm32l0xx_ll_utils.c                0x00000000   Number         0  stm32l0xx_ll_utils.o ABSOLUTE
    Src\stm32l0xx_hal.c                      0x00000000   Number         0  stm32l0xx_hal.o ABSOLUTE
    Src\stm32l0xx_hal_adc.c                  0x00000000   Number         0  stm32l0xx_hal_adc.o ABSOLUTE
    Src\stm32l0xx_hal_adc_ex.c               0x00000000   Number         0  stm32l0xx_hal_adc_ex.o ABSOLUTE
    Src\stm32l0xx_hal_comp.c                 0x00000000   Number         0  stm32l0xx_hal_comp.o ABSOLUTE
    Src\stm32l0xx_hal_comp_ex.c              0x00000000   Number         0  stm32l0xx_hal_comp_ex.o ABSOLUTE
    Src\stm32l0xx_hal_cortex.c               0x00000000   Number         0  stm32l0xx_hal_cortex.o ABSOLUTE
    Src\stm32l0xx_hal_crc.c                  0x00000000   Number         0  stm32l0xx_hal_crc.o ABSOLUTE
    Src\stm32l0xx_hal_crc_ex.c               0x00000000   Number         0  stm32l0xx_hal_crc_ex.o ABSOLUTE
    Src\stm32l0xx_hal_cryp.c                 0x00000000   Number         0  stm32l0xx_hal_cryp.o ABSOLUTE
    Src\stm32l0xx_hal_cryp_ex.c              0x00000000   Number         0  stm32l0xx_hal_cryp_ex.o ABSOLUTE
    Src\stm32l0xx_hal_dac.c                  0x00000000   Number         0  stm32l0xx_hal_dac.o ABSOLUTE
    Src\stm32l0xx_hal_dac_ex.c               0x00000000   Number         0  stm32l0xx_hal_dac_ex.o ABSOLUTE
    Src\stm32l0xx_hal_dma.c                  0x00000000   Number         0  stm32l0xx_hal_dma.o ABSOLUTE
    Src\stm32l0xx_hal_firewall.c             0x00000000   Number         0  stm32l0xx_hal_firewall.o ABSOLUTE
    Src\stm32l0xx_hal_flash.c                0x00000000   Number         0  stm32l0xx_hal_flash.o ABSOLUTE
    Src\stm32l0xx_hal_flash_ex.c             0x00000000   Number         0  stm32l0xx_hal_flash_ex.o ABSOLUTE
    Src\stm32l0xx_hal_flash_ramfunc.c        0x00000000   Number         0  stm32l0xx_hal_flash_ramfunc.o ABSOLUTE
    Src\stm32l0xx_hal_gpio.c                 0x00000000   Number         0  stm32l0xx_hal_gpio.o ABSOLUTE
    Src\stm32l0xx_hal_i2c.c                  0x00000000   Number         0  stm32l0xx_hal_i2c.o ABSOLUTE
    Src\stm32l0xx_hal_i2c_ex.c               0x00000000   Number         0  stm32l0xx_hal_i2c_ex.o ABSOLUTE
    Src\stm32l0xx_hal_i2s.c                  0x00000000   Number         0  stm32l0xx_hal_i2s.o ABSOLUTE
    Src\stm32l0xx_hal_irda.c                 0x00000000   Number         0  stm32l0xx_hal_irda.o ABSOLUTE
    Src\stm32l0xx_hal_iwdg.c                 0x00000000   Number         0  stm32l0xx_hal_iwdg.o ABSOLUTE
    Src\stm32l0xx_hal_lcd.c                  0x00000000   Number         0  stm32l0xx_hal_lcd.o ABSOLUTE
    Src\stm32l0xx_hal_lptim.c                0x00000000   Number         0  stm32l0xx_hal_lptim.o ABSOLUTE
    Src\stm32l0xx_hal_msp_template.c         0x00000000   Number         0  stm32l0xx_hal_msp_template.o ABSOLUTE
    Src\stm32l0xx_hal_pcd.c                  0x00000000   Number         0  stm32l0xx_hal_pcd.o ABSOLUTE
    Src\stm32l0xx_hal_pcd_ex.c               0x00000000   Number         0  stm32l0xx_hal_pcd_ex.o ABSOLUTE
    Src\stm32l0xx_hal_pwr.c                  0x00000000   Number         0  stm32l0xx_hal_pwr.o ABSOLUTE
    Src\stm32l0xx_hal_pwr_ex.c               0x00000000   Number         0  stm32l0xx_hal_pwr_ex.o ABSOLUTE
    Src\stm32l0xx_hal_rcc.c                  0x00000000   Number         0  stm32l0xx_hal_rcc.o ABSOLUTE
    Src\stm32l0xx_hal_rcc_ex.c               0x00000000   Number         0  stm32l0xx_hal_rcc_ex.o ABSOLUTE
    Src\stm32l0xx_hal_rng.c                  0x00000000   Number         0  stm32l0xx_hal_rng.o ABSOLUTE
    Src\stm32l0xx_hal_rtc.c                  0x00000000   Number         0  stm32l0xx_hal_rtc.o ABSOLUTE
    Src\stm32l0xx_hal_rtc_ex.c               0x00000000   Number         0  stm32l0xx_hal_rtc_ex.o ABSOLUTE
    Src\stm32l0xx_hal_smartcard.c            0x00000000   Number         0  stm32l0xx_hal_smartcard.o ABSOLUTE
    Src\stm32l0xx_hal_smartcard_ex.c         0x00000000   Number         0  stm32l0xx_hal_smartcard_ex.o ABSOLUTE
    Src\stm32l0xx_hal_smbus.c                0x00000000   Number         0  stm32l0xx_hal_smbus.o ABSOLUTE
    Src\stm32l0xx_hal_spi.c                  0x00000000   Number         0  stm32l0xx_hal_spi.o ABSOLUTE
    Src\stm32l0xx_hal_tim.c                  0x00000000   Number         0  stm32l0xx_hal_tim.o ABSOLUTE
    Src\stm32l0xx_hal_tim_ex.c               0x00000000   Number         0  stm32l0xx_hal_tim_ex.o ABSOLUTE
    Src\stm32l0xx_hal_tsc.c                  0x00000000   Number         0  stm32l0xx_hal_tsc.o ABSOLUTE
    Src\stm32l0xx_hal_uart.c                 0x00000000   Number         0  stm32l0xx_hal_uart.o ABSOLUTE
    Src\stm32l0xx_hal_uart_ex.c              0x00000000   Number         0  stm32l0xx_hal_uart_ex.o ABSOLUTE
    Src\stm32l0xx_hal_usart.c                0x00000000   Number         0  stm32l0xx_hal_usart.o ABSOLUTE
    Src\stm32l0xx_hal_wwdg.c                 0x00000000   Number         0  stm32l0xx_hal_wwdg.o ABSOLUTE
    Src\stm32l0xx_ll_adc.c                   0x00000000   Number         0  stm32l0xx_ll_adc.o ABSOLUTE
    Src\stm32l0xx_ll_comp.c                  0x00000000   Number         0  stm32l0xx_ll_comp.o ABSOLUTE
    Src\stm32l0xx_ll_crc.c                   0x00000000   Number         0  stm32l0xx_ll_crc.o ABSOLUTE
    Src\stm32l0xx_ll_crs.c                   0x00000000   Number         0  stm32l0xx_ll_crs.o ABSOLUTE
    Src\stm32l0xx_ll_dac.c                   0x00000000   Number         0  stm32l0xx_ll_dac.o ABSOLUTE
    Src\stm32l0xx_ll_dma.c                   0x00000000   Number         0  stm32l0xx_ll_dma.o ABSOLUTE
    Src\stm32l0xx_ll_exti.c                  0x00000000   Number         0  stm32l0xx_ll_exti.o ABSOLUTE
    Src\stm32l0xx_ll_gpio.c                  0x00000000   Number         0  stm32l0xx_ll_gpio.o ABSOLUTE
    Src\stm32l0xx_ll_i2c.c                   0x00000000   Number         0  stm32l0xx_ll_i2c.o ABSOLUTE
    Src\stm32l0xx_ll_lptim.c                 0x00000000   Number         0  stm32l0xx_ll_lptim.o ABSOLUTE
    Src\stm32l0xx_ll_lpuart.c                0x00000000   Number         0  stm32l0xx_ll_lpuart.o ABSOLUTE
    Src\stm32l0xx_ll_pwr.c                   0x00000000   Number         0  stm32l0xx_ll_pwr.o ABSOLUTE
    Src\stm32l0xx_ll_rcc.c                   0x00000000   Number         0  stm32l0xx_ll_rcc.o ABSOLUTE
    Src\stm32l0xx_ll_rng.c                   0x00000000   Number         0  stm32l0xx_ll_rng.o ABSOLUTE
    Src\stm32l0xx_ll_rtc.c                   0x00000000   Number         0  stm32l0xx_ll_rtc.o ABSOLUTE
    Src\stm32l0xx_ll_spi.c                   0x00000000   Number         0  stm32l0xx_ll_spi.o ABSOLUTE
    Src\stm32l0xx_ll_tim.c                   0x00000000   Number         0  stm32l0xx_ll_tim.o ABSOLUTE
    Src\stm32l0xx_ll_usart.c                 0x00000000   Number         0  stm32l0xx_ll_usart.o ABSOLUTE
    Src\stm32l0xx_ll_utils.c                 0x00000000   Number         0  stm32l0xx_ll_utils.o ABSOLUTE
    adc\\adc.c                               0x00000000   Number         0  adc.o ABSOLUTE
    adc\adc.c                                0x00000000   Number         0  adc.o ABSOLUTE
    core\\sampler.c                          0x00000000   Number         0  sampler.o ABSOLUTE
    core\sampler.c                           0x00000000   Number         0  sampler.o ABSOLUTE
    dc.s                                     0x00000000   Number         0  dc.o ABSOLUTE
    hal\\gpioHal.c                           0x00000000   Number         0  gpiohal.o ABSOLUTE
    hal\\spiHal.c                            0x00000000   Number         0  spihal.o ABSOLUTE
    hal\\timerHal.c                          0x00000000   Number         0  timerhal.o ABSOLUTE
    hal\\uartHal.c                           0x00000000   Number         0  uarthal.o ABSOLUTE
    hal\gpioHal.c                            0x00000000   Number         0  gpiohal.o ABSOLUTE
    hal\led.c                                0x00000000   Number         0  led.o ABSOLUTE
    hal\spiHal.c                             0x00000000   Number         0  spihal.o ABSOLUTE
    hal\timerHal.c                           0x00000000   Number         0  timerhal.o ABSOLUTE
    hal\uartHal.c                            0x00000000   Number         0  uarthal.o ABSOLUTE
    main_fw.c                                0x00000000   Number         0  main_fw.o ABSOLUTE
    main_fw.c                                0x00000000   Number         0  main_fw.o ABSOLUTE
    menu\\menu.c                             0x00000000   Number         0  menu.o ABSOLUTE
    menu\menu.c                              0x00000000   Number         0  menu.o ABSOLUTE
    powerHal\\ldo.c                          0x00000000   Number         0  ldo.o ABSOLUTE
    powerHal\ldo.c                           0x00000000   Number         0  ldo.o ABSOLUTE
    selfTest\\memorySelfTest.c               0x00000000   Number         0  memoryselftest.o ABSOLUTE
    selfTest\memorySelfTest.c                0x00000000   Number         0  memoryselftest.o ABSOLUTE
    startup.s                                0x00000000   Number         0  startup.o ABSOLUTE
    system\\system_stm32l0xx.c               0x00000000   Number         0  system_stm32l0xx.o ABSOLUTE
    system\system_stm32l0xx.c                0x00000000   Number         0  system_stm32l0xx.o ABSOLUTE
    zigbee\\zigbee.c                         0x00000000   Number         0  zigbee.o ABSOLUTE
    zigbee\zigbee.c                          0x00000000   Number         0  zigbee.o ABSOLUTE
    RESET                                    0x08000000   Section      192  startup.o(RESET)
    !!!main                                  0x080000c0   Section        8  __main.o(!!!main)
    !!!scatter                               0x080000c8   Section       60  __scatter.o(!!!scatter)
    !!handler_zi                             0x08000104   Section       28  __scatter_zi.o(!!handler_zi)
    .ARM.Collect$$libinit$$00000000          0x08000120   Section        2  libinit.o(.ARM.Collect$$libinit$$00000000)
    .ARM.Collect$$libinit$$00000002          0x08000122   Section        0  libinit2.o(.ARM.Collect$$libinit$$00000002)
    .ARM.Collect$$libinit$$00000004          0x08000122   Section        0  libinit2.o(.ARM.Collect$$libinit$$00000004)
    .ARM.Collect$$libinit$$0000000A          0x08000122   Section        0  libinit2.o(.ARM.Collect$$libinit$$0000000A)
    .ARM.Collect$$libinit$$0000000C          0x08000122   Section        0  libinit2.o(.ARM.Collect$$libinit$$0000000C)
    .ARM.Collect$$libinit$$0000000E          0x08000122   Section        0  libinit2.o(.ARM.Collect$$libinit$$0000000E)
    .ARM.Collect$$libinit$$00000011          0x08000122   Section        0  libinit2.o(.ARM.Collect$$libinit$$00000011)
    .ARM.Collect$$libinit$$00000013          0x08000122   Section        0  libinit2.o(.ARM.Collect$$libinit$$00000013)
    .ARM.Collect$$libinit$$00000015          0x08000122   Section        0  libinit2.o(.ARM.Collect$$libinit$$00000015)
    .ARM.Collect$$libinit$$00000017          0x08000122   Section        0  libinit2.o(.ARM.Collect$$libinit$$00000017)
    .ARM.Collect$$libinit$$00000019          0x08000122   Section        0  libinit2.o(.ARM.Collect$$libinit$$00000019)
    .ARM.Collect$$libinit$$0000001B          0x08000122   Section        0  libinit2.o(.ARM.Collect$$libinit$$0000001B)
    .ARM.Collect$$libinit$$0000001D          0x08000122   Section        0  libinit2.o(.ARM.Collect$$libinit$$0000001D)
    .ARM.Collect$$libinit$$0000001F          0x08000122   Section        0  libinit2.o(.ARM.Collect$$libinit$$0000001F)
    .ARM.Collect$$libinit$$00000021          0x08000122   Section        0  libinit2.o(.ARM.Collect$$libinit$$00000021)
    .ARM.Collect$$libinit$$00000023          0x08000122   Section        0  libinit2.o(.ARM.Collect$$libinit$$00000023)
    .ARM.Collect$$libinit$$00000025          0x08000122   Section        0  libinit2.o(.ARM.Collect$$libinit$$00000025)
    .ARM.Collect$$libinit$$0000002C          0x08000122   Section        0  libinit2.o(.ARM.Collect$$libinit$$0000002C)
    .ARM.Collect$$libinit$$0000002E          0x08000122   Section        0  libinit2.o(.ARM.Collect$$libinit$$0000002E)
    .ARM.Collect$$libinit$$00000030          0x08000122   Section        0  libinit2.o(.ARM.Collect$$libinit$$00000030)
    .ARM.Collect$$libinit$$00000032          0x08000122   Section        0  libinit2.o(.ARM.Collect$$libinit$$00000032)
    .ARM.Collect$$libinit$$00000033          0x08000122   Section        2  libinit2.o(.ARM.Collect$$libinit$$00000033)
    .ARM.Collect$$libshutdown$$00000000      0x08000124   Section        2  libshutdown.o(.ARM.Collect$$libshutdown$$00000000)
    .ARM.Collect$$libshutdown$$00000002      0x08000126   Section        0  libshutdown2.o(.ARM.Collect$$libshutdown$$00000002)
    .ARM.Collect$$libshutdown$$00000004      0x08000126   Section        0  libshutdown2.o(.ARM.Collect$$libshutdown$$00000004)
    .ARM.Collect$$libshutdown$$00000007      0x08000126   Section        0  libshutdown2.o(.ARM.Collect$$libshutdown$$00000007)
    .ARM.Collect$$libshutdown$$0000000A      0x08000126   Section        0  libshutdown2.o(.ARM.Collect$$libshutdown$$0000000A)
    .ARM.Collect$$libshutdown$$0000000C      0x08000126   Section        0  libshutdown2.o(.ARM.Collect$$libshutdown$$0000000C)
    .ARM.Collect$$libshutdown$$0000000F      0x08000126   Section        0  libshutdown2.o(.ARM.Collect$$libshutdown$$0000000F)
    .ARM.Collect$$libshutdown$$00000010      0x08000126   Section        2  libshutdown2.o(.ARM.Collect$$libshutdown$$00000010)
    .ARM.Collect$$rtentry$$00000000          0x08000128   Section        0  __rtentry.o(.ARM.Collect$$rtentry$$00000000)
    .ARM.Collect$$rtentry$$00000002          0x08000128   Section        0  __rtentry2.o(.ARM.Collect$$rtentry$$00000002)
    .ARM.Collect$$rtentry$$00000004          0x08000128   Section        6  __rtentry4.o(.ARM.Collect$$rtentry$$00000004)
    .ARM.Collect$$rtentry$$00000009          0x0800012e   Section        0  __rtentry2.o(.ARM.Collect$$rtentry$$00000009)
    .ARM.Collect$$rtentry$$0000000A          0x0800012e   Section        4  __rtentry2.o(.ARM.Collect$$rtentry$$0000000A)
    .ARM.Collect$$rtentry$$0000000C          0x08000132   Section        0  __rtentry2.o(.ARM.Collect$$rtentry$$0000000C)
    .ARM.Collect$$rtentry$$0000000D          0x08000132   Section        8  __rtentry2.o(.ARM.Collect$$rtentry$$0000000D)
    .ARM.Collect$$rtexit$$00000000           0x0800013a   Section        2  rtexit.o(.ARM.Collect$$rtexit$$00000000)
    .ARM.Collect$$rtexit$$00000002           0x0800013c   Section        0  rtexit2.o(.ARM.Collect$$rtexit$$00000002)
    .ARM.Collect$$rtexit$$00000003           0x0800013c   Section        4  rtexit2.o(.ARM.Collect$$rtexit$$00000003)
    .ARM.Collect$$rtexit$$00000004           0x08000140   Section        6  rtexit2.o(.ARM.Collect$$rtexit$$00000004)
    .emb_text                                0x08000148   Section       56  rt_memcpy.o(.emb_text)
    .text                                    0x08000180   Section       48  startup.o(.text)
    .text                                    0x080001b0   Section        0  lludiv.o(.text)
    .text                                    0x080002b2   Section      346  aeabi_sdiv.o(.text)
    .text                                    0x0800040c   Section        0  heapauxi.o(.text)
    .text                                    0x08000412   Section       62  sys_stackheap_outer.o(.text)
    .text                                    0x08000450   Section        0  exit.o(.text)
    .text                                    0x08000460   Section        8  libspace.o(.text)
    .text                                    0x08000468   Section        0  sys_exit.o(.text)
    .text                                    0x08000474   Section        2  use_no_semi.o(.text)
    .text                                    0x08000476   Section        0  indicate_semi.o(.text)
    .text                                    0x08000476   Section        0  __dczerorl2.o(.text)
    i.HAL_ADC_GetValue                       0x080004cc   Section        0  stm32l0xx_hal_adc.o(i.HAL_ADC_GetValue)
    i.HAL_ADC_PollForConversion              0x080004d4   Section        0  stm32l0xx_hal_adc.o(i.HAL_ADC_PollForConversion)
    i.HAL_DMA_Init                           0x080005bc   Section        0  stm32l0xx_hal_dma.o(i.HAL_DMA_Init)
    i.HAL_GPIO_Init                          0x0800074c   Section        0  stm32l0xx_hal_gpio.o(i.HAL_GPIO_Init)
    i.HAL_GPIO_WritePin                      0x08000938   Section        0  stm32l0xx_hal_gpio.o(i.HAL_GPIO_WritePin)
    i.HAL_GetTick                            0x08000944   Section        0  stm32l0xx_hal.o(i.HAL_GetTick)
    i.HAL_InitTick                           0x08000950   Section        0  stm32l0xx_hal.o(i.HAL_InitTick)
    i.HAL_NVIC_ClearPendingIRQ               0x08000978   Section        0  stm32l0xx_hal_cortex.o(i.HAL_NVIC_ClearPendingIRQ)
    i.HAL_NVIC_EnableIRQ                     0x08000990   Section        0  stm32l0xx_hal_cortex.o(i.HAL_NVIC_EnableIRQ)
    i.HAL_NVIC_SetPriority                   0x080009a8   Section        0  stm32l0xx_hal_cortex.o(i.HAL_NVIC_SetPriority)
    i.HAL_RCCEx_GetPeriphCLKFreq             0x080009bc   Section        0  stm32l0xx_hal_rcc_ex.o(i.HAL_RCCEx_GetPeriphCLKFreq)
    i.HAL_RCC_GetHCLKFreq                    0x08000cf4   Section        0  stm32l0xx_hal_rcc.o(i.HAL_RCC_GetHCLKFreq)
    i.HAL_RCC_GetPCLK1Freq                   0x08000d00   Section        0  stm32l0xx_hal_rcc.o(i.HAL_RCC_GetPCLK1Freq)
    i.HAL_RCC_GetPCLK2Freq                   0x08000d24   Section        0  stm32l0xx_hal_rcc.o(i.HAL_RCC_GetPCLK2Freq)
    i.HAL_RCC_GetSysClockFreq                0x08000d48   Section        0  stm32l0xx_hal_rcc.o(i.HAL_RCC_GetSysClockFreq)
    i.HAL_RCC_OscConfig                      0x08000e2c   Section        0  stm32l0xx_hal_rcc.o(i.HAL_RCC_OscConfig)
    i.HAL_SPI_Init                           0x08001500   Section        0  stm32l0xx_hal_spi.o(i.HAL_SPI_Init)
    i.HAL_SPI_MspInit                        0x0800158e   Section        0  stm32l0xx_hal_spi.o(i.HAL_SPI_MspInit)
    i.HAL_SPI_Transmit                       0x08001590   Section        0  stm32l0xx_hal_spi.o(i.HAL_SPI_Transmit)
    i.HAL_SPI_TransmitReceive                0x0800176a   Section        0  stm32l0xx_hal_spi.o(i.HAL_SPI_TransmitReceive)
    i.HAL_SYSTICK_Config                     0x08001ae8   Section        0  stm32l0xx_hal_cortex.o(i.HAL_SYSTICK_Config)
    i.HAL_UART_Init                          0x08001b20   Section        0  stm32l0xx_hal_uart.o(i.HAL_UART_Init)
    i.HAL_UART_MspInit                       0x08001ba2   Section        0  stm32l0xx_hal_uart.o(i.HAL_UART_MspInit)
    i.HAL_UART_Receive                       0x08001ba4   Section        0  stm32l0xx_hal_uart.o(i.HAL_UART_Receive)
    i.HAL_UART_Transmit                      0x08001cf0   Section        0  stm32l0xx_hal_uart.o(i.HAL_UART_Transmit)
    i.NVIC_SetPriority                       0x08001de0   Section        0  stm32l0xx_hal_cortex.o(i.NVIC_SetPriority)
    NVIC_SetPriority                         0x08001de1   Thumb Code   110  stm32l0xx_hal_cortex.o(i.NVIC_SetPriority)
    i.RCC_SetFlashLatencyFromMSIRange        0x08001e58   Section        0  stm32l0xx_hal_rcc.o(i.RCC_SetFlashLatencyFromMSIRange)
    RCC_SetFlashLatencyFromMSIRange          0x08001e59   Thumb Code   138  stm32l0xx_hal_rcc.o(i.RCC_SetFlashLatencyFromMSIRange)
    i.SPI_WaitOnFlagUntilTimeout             0x08001ef0   Section        0  stm32l0xx_hal_spi.o(i.SPI_WaitOnFlagUntilTimeout)
    SPI_WaitOnFlagUntilTimeout               0x08001ef1   Thumb Code   280  stm32l0xx_hal_spi.o(i.SPI_WaitOnFlagUntilTimeout)
    i.SRAM_CS_HIGH                           0x08002008   Section        0  mc23a1024.o(i.SRAM_CS_HIGH)
    i.SRAM_CS_LOW                            0x0800201c   Section        0  mc23a1024.o(i.SRAM_CS_LOW)
    i.SysTick_Handler                        0x08002030   Section        0  timerhal.o(i.SysTick_Handler)
    i.TIM2_IRQHandler                        0x08002034   Section        0  timerhal.o(i.TIM2_IRQHandler)
    i.UART_AdvFeatureConfig                  0x0800206c   Section        0  stm32l0xx_hal_uart.o(i.UART_AdvFeatureConfig)
    i.UART_CheckIdleState                    0x0800215c   Section        0  stm32l0xx_hal_uart.o(i.UART_CheckIdleState)
    i.UART_SetConfig                         0x080021d0   Section        0  stm32l0xx_hal_uart.o(i.UART_SetConfig)
    i.UART_WaitOnFlagUntilTimeout            0x080025a0   Section        0  stm32l0xx_hal_uart.o(i.UART_WaitOnFlagUntilTimeout)
    i.ZIGBEE_DOZE                            0x08002610   Section        0  zigbee.o(i.ZIGBEE_DOZE)
    i.ZIGBEE_WAKE                            0x08002624   Section        0  zigbee.o(i.ZIGBEE_WAKE)
    i.__ARM_common_ll_muluu                  0x0800263c   Section        0  stm32l0xx_hal_uart.o(i.__ARM_common_ll_muluu)
    i.adcMenu_f                              0x0800266c   Section        0  menu.o(i.adcMenu_f)
    i.blockForInput                          0x08002670   Section        0  menu.o(i.blockForInput)
    i.blockToAdressTranslate                 0x0800267c   Section        0  mc23a1024.o(i.blockToAdressTranslate)
    i.bufferToZigbee                         0x08002690   Section        0  sampler.o(i.bufferToZigbee)
    i.bufferToZigbeeShim                     0x080026ac   Section        0  sampler.o(i.bufferToZigbeeShim)
    i.clearScreen                            0x080026b8   Section        0  menu.o(i.clearScreen)
    i.coreTask_f                             0x080026f8   Section        0  menu.o(i.coreTask_f)
    i.disableSamplingSupply                  0x0800272c   Section        0  ldo.o(i.disableSamplingSupply)
    i.enableSamplingSupply                   0x0800273e   Section        0  ldo.o(i.enableSamplingSupply)
    i.fillBlock                              0x08002750   Section        0  sampler.o(i.fillBlock)
    i.fillBlockMenuShim                      0x08002794   Section        0  sampler.o(i.fillBlockMenuShim)
    i.fillSpiSawTooth                        0x080027a0   Section        0  memoryselftest.o(i.fillSpiSawTooth)
    i.getAdcSample                           0x08002848   Section        0  adc.o(i.getAdcSample)
    i.getByteSram                            0x08002864   Section        0  mc23a1024.o(i.getByteSram)
    i.getLen                                 0x080028a0   Section        0  menu.o(i.getLen)
    getLen                                   0x080028a1   Thumb Code    20  menu.o(i.getLen)
    i.gpioSetReset                           0x080028b4   Section        0  gpiohal.o(i.gpioSetReset)
    i.hash                                   0x080028d8   Section        0  memoryselftest.o(i.hash)
    i.iniLdoClocksAndPins                    0x080028f8   Section        0  ldo.o(i.iniLdoClocksAndPins)
    i.initSpiGpios                           0x08002948   Section        0  spihal.o(i.initSpiGpios)
    initSpiGpios                             0x08002949   Thumb Code   194  spihal.o(i.initSpiGpios)
    i.initSpis                               0x08002a14   Section        0  spihal.o(i.initSpis)
    i.initTimerRcc                           0x08002a74   Section        0  timerhal.o(i.initTimerRcc)
    i.initUart                               0x08002a94   Section        0  uarthal.o(i.initUart)
    i.initUartClocksAndPins                  0x08002b24   Section        0  uarthal.o(i.initUartClocksAndPins)
    i.main                                   0x08002cfc   Section        0  main_fw.o(i.main)
    i.mainMenu_f                             0x08002d20   Section        0  menu.o(i.mainMenu_f)
    i.memToBuffer                            0x08002d4c   Section        0  sampler.o(i.memToBuffer)
    i.menuSelect                             0x08002d88   Section        0  menu.o(i.menuSelect)
    menuSelect                               0x08002d89   Thumb Code    54  menu.o(i.menuSelect)
    i.multiSectorSpiMemFill                  0x08002dc4   Section        0  sampler.o(i.multiSectorSpiMemFill)
    i.multiSectorSpiMemFillShim              0x08002e04   Section        0  sampler.o(i.multiSectorSpiMemFillShim)
    i.printMenu                              0x08002e18   Section        0  menu.o(i.printMenu)
    i.printNewLine                           0x08002e60   Section        0  menu.o(i.printNewLine)
    i.printStars                             0x08002e7c   Section        0  menu.o(i.printStars)
    printStars                               0x08002e7d   Thumb Code    28  menu.o(i.printStars)
    i.putChar                                0x08002e9c   Section        0  mc23a1024.o(i.putChar)
    i.readByteSpiLld                         0x08002eac   Section        0  spihal.o(i.readByteSpiLld)
    i.sampleLoop_f                           0x08002ef8   Section        0  menu.o(i.sampleLoop_f)
    i.setMode                                0x08002efc   Section        0  mc23a1024.o(i.setMode)
    i.sleepWFImultiplesOf1000ms              0x08002f18   Section        0  timerhal.o(i.sleepWFImultiplesOf1000ms)
    i.spiMemFinalizeSequential               0x08002f90   Section        0  mc23a1024.o(i.spiMemFinalizeSequential)
    i.spiMemPrepSequentialRead               0x08002f98   Section        0  mc23a1024.o(i.spiMemPrepSequentialRead)
    i.spiMemPrepSequentialWrite              0x08002fb0   Section        0  mc23a1024.o(i.spiMemPrepSequentialWrite)
    i.spiMem_f                               0x08002fc8   Section        0  menu.o(i.spiMem_f)
    i.spiPut                                 0x08002ff8   Section        0  spihal.o(i.spiPut)
    i.spiPutByte                             0x0800302c   Section        0  spihal.o(i.spiPutByte)
    i.spiPutGet                              0x0800305c   Section        0  spihal.o(i.spiPutGet)
    i.spiReadDMASequentialInit               0x08003098   Section        0  mc23a1024.o(i.spiReadDMASequentialInit)
    i.spiWalkTest                            0x080030c0   Section        0  memoryselftest.o(i.spiWalkTest)
    i.spiWalkTestRegisterSequentialMode      0x08003174   Section        0  memoryselftest.o(i.spiWalkTestRegisterSequentialMode)
    i.spiWriteDMASequentialFinalize          0x08003238   Section        0  mc23a1024.o(i.spiWriteDMASequentialFinalize)
    i.spiWriteDMASequentialInit              0x08003240   Section        0  mc23a1024.o(i.spiWriteDMASequentialInit)
    i.streamAllSPiZigbee                     0x08003268   Section        0  sampler.o(i.streamAllSPiZigbee)
    i.timerDelayUs                           0x08003294   Section        0  timerhal.o(i.timerDelayUs)
    i.timerDelayUsDirty                      0x0800331c   Section        0  timerhal.o(i.timerDelayUsDirty)
    i.timerInit                              0x08003344   Section        0  timerhal.o(i.timerInit)
    i.timerInitTim21                         0x08003374   Section        0  timerhal.o(i.timerInitTim21)
    i.timerMenu_f                            0x08003394   Section        0  menu.o(i.timerMenu_f)
    i.uartGetMenu                            0x08003398   Section        0  uarthal.o(i.uartGetMenu)
    i.uartPut                                0x080033b4   Section        0  uarthal.o(i.uartPut)
    i.uartPutMenu                            0x080033d0   Section        0  uarthal.o(i.uartPutMenu)
    i.uartPutMenuAutoCount                   0x080033ec   Section        0  menu.o(i.uartPutMenuAutoCount)
    i.writeByteSpiLld                        0x08003404   Section        0  spihal.o(i.writeByteSpiLld)
    i.writeByteSram                          0x08003440   Section        0  mc23a1024.o(i.writeByteSram)
    i.zigbeeMenu_f                           0x08003474   Section        0  menu.o(i.zigbeeMenu_f)
    i.zigbeeTestSendIncrementing             0x080034a8   Section        0  zigbee.o(i.zigbeeTestSendIncrementing)
    i.zigbeeWrite                            0x080034ec   Section        0  zigbee.o(i.zigbeeWrite)
    .constdata                               0x08003510   Section       33  system_stm32l0xx.o(.constdata)
    .constdata                               0x08003531   Section       39  menu.o(.constdata)
    .conststring                             0x08003558   Section      477  menu.o(.conststring)
    .conststring                             0x08003738   Section      144  memoryselftest.o(.conststring)
    .data                                    0x20000000   Section        1  timerhal.o(.data)
    generalTimerDone                         0x20000000   Data           1  timerhal.o(.data)
    .data                                    0x20000004   Section        4  stm32l0xx_hal.o(.data)
    .data                                    0x20000008   Section        4  system_stm32l0xx.o(.data)
    .data                                    0x2000000c   Section      336  menu.o(.data)
    genericMenu                              0x2000000c   Data          84  menu.o(.data)
    coreMen                                  0x20000060   Data          84  menu.o(.data)
    zigBeeMenu                               0x200000b4   Data          84  menu.o(.data)
    mainMenu                                 0x20000108   Data          84  menu.o(.data)
    .bss                                     0x2000015c   Section      176  spihal.o(.bss)
    SpiHandleADC                             0x2000015c   Data          88  spihal.o(.bss)
    SpiHandleMem                             0x200001b4   Data          88  spihal.o(.bss)
    .bss                                     0x2000020c   Section      168  timerhal.o(.bss)
    rccHandle                                0x2000020c   Data          56  timerhal.o(.bss)
    timerHandle                              0x20000244   Data          56  timerhal.o(.bss)
    timerHandle21                            0x2000027c   Data          56  timerhal.o(.bss)
    .bss                                     0x200002b4   Section      352  uarthal.o(.bss)
    UartHandleZigbee                         0x200002b4   Data         112  uarthal.o(.bss)
    UartHandleMenu                           0x20000324   Data         112  uarthal.o(.bss)
    hdma_tx                                  0x20000394   Data          64  uarthal.o(.bss)
    hdma_rx                                  0x200003d4   Data          64  uarthal.o(.bss)
    .bss                                     0x20000414   Section       96  adc.o(.bss)
    AdcHandle                                0x20000414   Data          96  adc.o(.bss)
    .bss                                     0x20000474   Section      512  sampler.o(.bss)
    adcSamples                               0x20000474   Data         256  sampler.o(.bss)
    txUartBlock                              0x20000574   Data         256  sampler.o(.bss)
    .bss                                     0x20000674   Section       96  libspace.o(.bss)
    HEAP                                     0x200006d8   Section      512  startup.o(HEAP)
    Heap_Mem                                 0x200006d8   Data         512  startup.o(HEAP)
    STACK                                    0x200008d8   Section     1024  startup.o(STACK)
    Stack_Mem                                0x200008d8   Data        1024  startup.o(STACK)
    __initial_sp                             0x20000cd8   Data           0  startup.o(STACK)

    Global Symbols

    Symbol Name                              Value     Ov Type        Size  Object(Section)

    BuildAttributes$$THM_ISAv3M$S$PE$A:L22$X:L11$S22$IEEE1$IW$USESV6$~STKCKD$USESV7$~SHL$OSPACE$ROPI$EBA8$UX$STANDARDLIB$REQ8$PRES8$EABIv2 0x00000000   Number         0  anon$$obj.o ABSOLUTE
    __ARM_use_no_argv                        0x00000000   Number         0  main_fw.o ABSOLUTE
    __ARM_exceptions_init                     - Undefined Weak Reference
    __alloca_initialize                       - Undefined Weak Reference
    __arm_preinit_                            - Undefined Weak Reference
    __cpp_initialize__aeabi_                  - Undefined Weak Reference
    __cxa_finalize                            - Undefined Weak Reference
    __rt_locale                               - Undefined Weak Reference
    __sigvec_lookup                           - Undefined Weak Reference
    _atexit_init                              - Undefined Weak Reference
    _call_atexit_fns                          - Undefined Weak Reference
    _clock_init                               - Undefined Weak Reference
    _fp_trap_init                             - Undefined Weak Reference
    _fp_trap_shutdown                         - Undefined Weak Reference
    _get_lc_collate                           - Undefined Weak Reference
    _get_lc_ctype                             - Undefined Weak Reference
    _get_lc_monetary                          - Undefined Weak Reference
    _get_lc_numeric                           - Undefined Weak Reference
    _get_lc_time                              - Undefined Weak Reference
    _getenv_init                              - Undefined Weak Reference
    _handle_redirection                       - Undefined Weak Reference
    _init_alloc                               - Undefined Weak Reference
    _init_user_alloc                          - Undefined Weak Reference
    _initio                                   - Undefined Weak Reference
    _rand_init                                - Undefined Weak Reference
    _signal_finish                            - Undefined Weak Reference
    _signal_init                              - Undefined Weak Reference
    _terminate_alloc                          - Undefined Weak Reference
    _terminate_user_alloc                     - Undefined Weak Reference
    _terminateio                              - Undefined Weak Reference
    __Vectors_Size                           0x000000c0   Number         0  startup.o ABSOLUTE
    __Vectors                                0x08000000   Data           4  startup.o(RESET)
    __Vectors_End                            0x080000c0   Data           0  startup.o(RESET)
    __main                                   0x080000c1   Thumb Code     8  __main.o(!!!main)
    __scatterload                            0x080000c9   Thumb Code     0  __scatter.o(!!!scatter)
    __scatterload_rt2                        0x080000c9   Thumb Code    52  __scatter.o(!!!scatter)
    __scatterload_rt2_thumb_only             0x080000c9   Thumb Code     0  __scatter.o(!!!scatter)
    __scatterload_null                       0x080000d9   Thumb Code     0  __scatter.o(!!!scatter)
    __scatterload_zeroinit                   0x08000105   Thumb Code    28  __scatter_zi.o(!!handler_zi)
    __rt_lib_init                            0x08000121   Thumb Code     0  libinit.o(.ARM.Collect$$libinit$$00000000)
    __rt_lib_init_alloca_1                   0x08000123   Thumb Code     0  libinit2.o(.ARM.Collect$$libinit$$0000002E)
    __rt_lib_init_argv_1                     0x08000123   Thumb Code     0  libinit2.o(.ARM.Collect$$libinit$$0000002C)
    __rt_lib_init_atexit_1                   0x08000123   Thumb Code     0  libinit2.o(.ARM.Collect$$libinit$$0000001B)
    __rt_lib_init_clock_1                    0x08000123   Thumb Code     0  libinit2.o(.ARM.Collect$$libinit$$00000021)
    __rt_lib_init_cpp_1                      0x08000123   Thumb Code     0  libinit2.o(.ARM.Collect$$libinit$$00000032)
    __rt_lib_init_exceptions_1               0x08000123   Thumb Code     0  libinit2.o(.ARM.Collect$$libinit$$00000030)
    __rt_lib_init_fp_1                       0x08000123   Thumb Code     0  libinit2.o(.ARM.Collect$$libinit$$00000002)
    __rt_lib_init_fp_trap_1                  0x08000123   Thumb Code     0  libinit2.o(.ARM.Collect$$libinit$$0000001F)
    __rt_lib_init_getenv_1                   0x08000123   Thumb Code     0  libinit2.o(.ARM.Collect$$libinit$$00000023)
    __rt_lib_init_heap_1                     0x08000123   Thumb Code     0  libinit2.o(.ARM.Collect$$libinit$$0000000A)
    __rt_lib_init_lc_collate_1               0x08000123   Thumb Code     0  libinit2.o(.ARM.Collect$$libinit$$00000011)
    __rt_lib_init_lc_ctype_1                 0x08000123   Thumb Code     0  libinit2.o(.ARM.Collect$$libinit$$00000013)
    __rt_lib_init_lc_monetary_1              0x08000123   Thumb Code     0  libinit2.o(.ARM.Collect$$libinit$$00000015)
    __rt_lib_init_lc_numeric_1               0x08000123   Thumb Code     0  libinit2.o(.ARM.Collect$$libinit$$00000017)
    __rt_lib_init_lc_time_1                  0x08000123   Thumb Code     0  libinit2.o(.ARM.Collect$$libinit$$00000019)
    __rt_lib_init_preinit_1                  0x08000123   Thumb Code     0  libinit2.o(.ARM.Collect$$libinit$$00000004)
    __rt_lib_init_rand_1                     0x08000123   Thumb Code     0  libinit2.o(.ARM.Collect$$libinit$$0000000E)
    __rt_lib_init_return                     0x08000123   Thumb Code     0  libinit2.o(.ARM.Collect$$libinit$$00000033)
    __rt_lib_init_signal_1                   0x08000123   Thumb Code     0  libinit2.o(.ARM.Collect$$libinit$$0000001D)
    __rt_lib_init_stdio_1                    0x08000123   Thumb Code     0  libinit2.o(.ARM.Collect$$libinit$$00000025)
    __rt_lib_init_user_alloc_1               0x08000123   Thumb Code     0  libinit2.o(.ARM.Collect$$libinit$$0000000C)
    __rt_lib_shutdown                        0x08000125   Thumb Code     0  libshutdown.o(.ARM.Collect$$libshutdown$$00000000)
    __rt_lib_shutdown_cpp_1                  0x08000127   Thumb Code     0  libshutdown2.o(.ARM.Collect$$libshutdown$$00000002)
    __rt_lib_shutdown_fp_trap_1              0x08000127   Thumb Code     0  libshutdown2.o(.ARM.Collect$$libshutdown$$00000007)
    __rt_lib_shutdown_heap_1                 0x08000127   Thumb Code     0  libshutdown2.o(.ARM.Collect$$libshutdown$$0000000F)
    __rt_lib_shutdown_return                 0x08000127   Thumb Code     0  libshutdown2.o(.ARM.Collect$$libshutdown$$00000010)
    __rt_lib_shutdown_signal_1               0x08000127   Thumb Code     0  libshutdown2.o(.ARM.Collect$$libshutdown$$0000000A)
    __rt_lib_shutdown_stdio_1                0x08000127   Thumb Code     0  libshutdown2.o(.ARM.Collect$$libshutdown$$00000004)
    __rt_lib_shutdown_user_alloc_1           0x08000127   Thumb Code     0  libshutdown2.o(.ARM.Collect$$libshutdown$$0000000C)
    __rt_entry                               0x08000129   Thumb Code     0  __rtentry.o(.ARM.Collect$$rtentry$$00000000)
    __rt_entry_presh_1                       0x08000129   Thumb Code     0  __rtentry2.o(.ARM.Collect$$rtentry$$00000002)
    __rt_entry_sh                            0x08000129   Thumb Code     0  __rtentry4.o(.ARM.Collect$$rtentry$$00000004)
    __rt_entry_li                            0x0800012f   Thumb Code     0  __rtentry2.o(.ARM.Collect$$rtentry$$0000000A)
    __rt_entry_postsh_1                      0x0800012f   Thumb Code     0  __rtentry2.o(.ARM.Collect$$rtentry$$00000009)
    __rt_entry_main                          0x08000133   Thumb Code     0  __rtentry2.o(.ARM.Collect$$rtentry$$0000000D)
    __rt_entry_postli_1                      0x08000133   Thumb Code     0  __rtentry2.o(.ARM.Collect$$rtentry$$0000000C)
    __rt_exit                                0x0800013b   Thumb Code     0  rtexit.o(.ARM.Collect$$rtexit$$00000000)
    __rt_exit_ls                             0x0800013d   Thumb Code     0  rtexit2.o(.ARM.Collect$$rtexit$$00000003)
    __rt_exit_prels_1                        0x0800013d   Thumb Code     0  rtexit2.o(.ARM.Collect$$rtexit$$00000002)
    __rt_exit_exit                           0x08000141   Thumb Code     0  rtexit2.o(.ARM.Collect$$rtexit$$00000004)
    __aeabi_memcpy4                          0x08000149   Thumb Code    56  rt_memcpy.o(.emb_text)
    __aeabi_memcpy8                          0x08000149   Thumb Code     0  rt_memcpy.o(.emb_text)
    Reset_Handler                            0x08000181   Thumb Code     4  startup.o(.text)
    NMI_Handler                              0x08000185   Thumb Code     2  startup.o(.text)
    HardFault_Handler                        0x08000187   Thumb Code     2  startup.o(.text)
    SVC_Handler                              0x08000189   Thumb Code     2  startup.o(.text)
    PendSV_Handler                           0x0800018b   Thumb Code     2  startup.o(.text)
    ADC1_COMP_IRQHandler                     0x0800018f   Thumb Code     0  startup.o(.text)
    DMA1_Channel1_IRQHandler                 0x0800018f   Thumb Code     0  startup.o(.text)
    DMA1_Channel2_3_IRQHandler               0x0800018f   Thumb Code     0  startup.o(.text)
    DMA1_Channel4_5_6_7_IRQHandler           0x0800018f   Thumb Code     0  startup.o(.text)
    EXTI0_1_IRQHandler                       0x0800018f   Thumb Code     0  startup.o(.text)
    EXTI2_3_IRQHandler                       0x0800018f   Thumb Code     0  startup.o(.text)
    EXTI4_15_IRQHandler                      0x0800018f   Thumb Code     0  startup.o(.text)
    FLASH_IRQHandler                         0x0800018f   Thumb Code     0  startup.o(.text)
    I2C1_IRQHandler                          0x0800018f   Thumb Code     0  startup.o(.text)
    I2C2_IRQHandler                          0x0800018f   Thumb Code     0  startup.o(.text)
    LCD_IRQHandler                           0x0800018f   Thumb Code     0  startup.o(.text)
    LPTIM1_IRQHandler                        0x0800018f   Thumb Code     0  startup.o(.text)
    PVD_IRQHandler                           0x0800018f   Thumb Code     0  startup.o(.text)
    RCC_CRS_IRQHandler                       0x0800018f   Thumb Code     0  startup.o(.text)
    RNG_LPUART1_IRQHandler                   0x0800018f   Thumb Code     0  startup.o(.text)
    RTC_IRQHandler                           0x0800018f   Thumb Code     0  startup.o(.text)
    SPI1_IRQHandler                          0x0800018f   Thumb Code     0  startup.o(.text)
    SPI2_IRQHandler                          0x0800018f   Thumb Code     0  startup.o(.text)
    TIM21_IRQHandler                         0x0800018f   Thumb Code     0  startup.o(.text)
    TIM22_IRQHandler                         0x0800018f   Thumb Code     0  startup.o(.text)
    TIM6_DAC_IRQHandler                      0x0800018f   Thumb Code     0  startup.o(.text)
    TSC_IRQHandler                           0x0800018f   Thumb Code     0  startup.o(.text)
    USART1_IRQHandler                        0x0800018f   Thumb Code     0  startup.o(.text)
    USART2_IRQHandler                        0x0800018f   Thumb Code     0  startup.o(.text)
    USB_IRQHandler                           0x0800018f   Thumb Code     0  startup.o(.text)
    WWDG_IRQHandler                          0x0800018f   Thumb Code     0  startup.o(.text)
    __user_initial_stackheap                 0x08000191   Thumb Code     0  startup.o(.text)
    __aeabi_uldivmod                         0x080001b1   Thumb Code   258  lludiv.o(.text)
    _ll_udiv                                 0x080001b1   Thumb Code     0  lludiv.o(.text)
    __aeabi_uidiv                            0x080002b3   Thumb Code     0  aeabi_sdiv.o(.text)
    __aeabi_uidivmod                         0x080002b3   Thumb Code    20  aeabi_sdiv.o(.text)
    __aeabi_idiv                             0x080002c7   Thumb Code     0  aeabi_sdiv.o(.text)
    __aeabi_idivmod                          0x080002c7   Thumb Code   326  aeabi_sdiv.o(.text)
    __use_two_region_memory                  0x0800040d   Thumb Code     2  heapauxi.o(.text)
    __rt_heap_escrow$2region                 0x0800040f   Thumb Code     2  heapauxi.o(.text)
    __rt_heap_expand$2region                 0x08000411   Thumb Code     2  heapauxi.o(.text)
    __user_setup_stackheap                   0x08000413   Thumb Code    62  sys_stackheap_outer.o(.text)
    exit                                     0x08000451   Thumb Code    16  exit.o(.text)
    __user_libspace                          0x08000461   Thumb Code     8  libspace.o(.text)
    __user_perproc_libspace                  0x08000461   Thumb Code     0  libspace.o(.text)
    __user_perthread_libspace                0x08000461   Thumb Code     0  libspace.o(.text)
    _sys_exit                                0x08000469   Thumb Code     8  sys_exit.o(.text)
    __I$use$semihosting                      0x08000475   Thumb Code     0  use_no_semi.o(.text)
    __use_no_semihosting_swi                 0x08000475   Thumb Code     2  use_no_semi.o(.text)
    __decompress                             0x08000477   Thumb Code     0  __dczerorl2.o(.text)
    __decompress1                            0x08000477   Thumb Code    86  __dczerorl2.o(.text)
    __semihosting_library_function           0x08000477   Thumb Code     0  indicate_semi.o(.text)
    HAL_ADC_GetValue                         0x080004cd   Thumb Code     8  stm32l0xx_hal_adc.o(i.HAL_ADC_GetValue)
    HAL_ADC_PollForConversion                0x080004d5   Thumb Code   232  stm32l0xx_hal_adc.o(i.HAL_ADC_PollForConversion)
    HAL_DMA_Init                             0x080005bd   Thumb Code   390  stm32l0xx_hal_dma.o(i.HAL_DMA_Init)
    HAL_GPIO_Init                            0x0800074d   Thumb Code   462  stm32l0xx_hal_gpio.o(i.HAL_GPIO_Init)
    HAL_GPIO_WritePin                        0x08000939   Thumb Code    12  stm32l0xx_hal_gpio.o(i.HAL_GPIO_WritePin)
    HAL_GetTick                              0x08000945   Thumb Code     6  stm32l0xx_hal.o(i.HAL_GetTick)
    HAL_InitTick                             0x08000951   Thumb Code    36  stm32l0xx_hal.o(i.HAL_InitTick)
    HAL_NVIC_ClearPendingIRQ                 0x08000979   Thumb Code    18  stm32l0xx_hal_cortex.o(i.HAL_NVIC_ClearPendingIRQ)
    HAL_NVIC_EnableIRQ                       0x08000991   Thumb Code    18  stm32l0xx_hal_cortex.o(i.HAL_NVIC_EnableIRQ)
    HAL_NVIC_SetPriority                     0x080009a9   Thumb Code    18  stm32l0xx_hal_cortex.o(i.HAL_NVIC_SetPriority)
    HAL_RCCEx_GetPeriphCLKFreq               0x080009bd   Thumb Code   782  stm32l0xx_hal_rcc_ex.o(i.HAL_RCCEx_GetPeriphCLKFreq)
    HAL_RCC_GetHCLKFreq                      0x08000cf5   Thumb Code     6  stm32l0xx_hal_rcc.o(i.HAL_RCC_GetHCLKFreq)
    HAL_RCC_GetPCLK1Freq                     0x08000d01   Thumb Code    26  stm32l0xx_hal_rcc.o(i.HAL_RCC_GetPCLK1Freq)
    HAL_RCC_GetPCLK2Freq                     0x08000d25   Thumb Code    26  stm32l0xx_hal_rcc.o(i.HAL_RCC_GetPCLK2Freq)
    HAL_RCC_GetSysClockFreq                  0x08000d49   Thumb Code   206  stm32l0xx_hal_rcc.o(i.HAL_RCC_GetSysClockFreq)
    HAL_RCC_OscConfig                        0x08000e2d   Thumb Code  1732  stm32l0xx_hal_rcc.o(i.HAL_RCC_OscConfig)
    HAL_SPI_Init                             0x08001501   Thumb Code   142  stm32l0xx_hal_spi.o(i.HAL_SPI_Init)
    HAL_SPI_MspInit                          0x0800158f   Thumb Code     2  stm32l0xx_hal_spi.o(i.HAL_SPI_MspInit)
    HAL_SPI_Transmit                         0x08001591   Thumb Code   474  stm32l0xx_hal_spi.o(i.HAL_SPI_Transmit)
    HAL_SPI_TransmitReceive                  0x0800176b   Thumb Code   894  stm32l0xx_hal_spi.o(i.HAL_SPI_TransmitReceive)
    HAL_SYSTICK_Config                       0x08001ae9   Thumb Code    46  stm32l0xx_hal_cortex.o(i.HAL_SYSTICK_Config)
    HAL_UART_Init                            0x08001b21   Thumb Code   130  stm32l0xx_hal_uart.o(i.HAL_UART_Init)
    HAL_UART_MspInit                         0x08001ba3   Thumb Code     2  stm32l0xx_hal_uart.o(i.HAL_UART_MspInit)
    HAL_UART_Receive                         0x08001ba5   Thumb Code   328  stm32l0xx_hal_uart.o(i.HAL_UART_Receive)
    HAL_UART_Transmit                        0x08001cf1   Thumb Code   240  stm32l0xx_hal_uart.o(i.HAL_UART_Transmit)
    SRAM_CS_HIGH                             0x08002009   Thumb Code    14  mc23a1024.o(i.SRAM_CS_HIGH)
    SRAM_CS_LOW                              0x0800201d   Thumb Code    16  mc23a1024.o(i.SRAM_CS_LOW)
    SysTick_Handler                          0x08002031   Thumb Code     2  timerhal.o(i.SysTick_Handler)
    TIM2_IRQHandler                          0x08002035   Thumb Code    48  timerhal.o(i.TIM2_IRQHandler)
    UART_AdvFeatureConfig                    0x0800206d   Thumb Code   240  stm32l0xx_hal_uart.o(i.UART_AdvFeatureConfig)
    UART_CheckIdleState                      0x0800215d   Thumb Code   112  stm32l0xx_hal_uart.o(i.UART_CheckIdleState)
    UART_SetConfig                           0x080021d1   Thumb Code   930  stm32l0xx_hal_uart.o(i.UART_SetConfig)
    UART_WaitOnFlagUntilTimeout              0x080025a1   Thumb Code   112  stm32l0xx_hal_uart.o(i.UART_WaitOnFlagUntilTimeout)
    ZIGBEE_DOZE                              0x08002611   Thumb Code    16  zigbee.o(i.ZIGBEE_DOZE)
    ZIGBEE_WAKE                              0x08002625   Thumb Code    18  zigbee.o(i.ZIGBEE_WAKE)
    __ARM_common_ll_muluu                    0x0800263d   Thumb Code    48  stm32l0xx_hal_uart.o(i.__ARM_common_ll_muluu)
    adcMenu_f                                0x0800266d   Thumb Code     4  menu.o(i.adcMenu_f)
    blockForInput                            0x08002671   Thumb Code    12  menu.o(i.blockForInput)
    blockToAdressTranslate                   0x0800267d   Thumb Code    16  mc23a1024.o(i.blockToAdressTranslate)
    bufferToZigbee                           0x08002691   Thumb Code    24  sampler.o(i.bufferToZigbee)
    bufferToZigbeeShim                       0x080026ad   Thumb Code    12  sampler.o(i.bufferToZigbeeShim)
    clearScreen                              0x080026b9   Thumb Code    48  menu.o(i.clearScreen)
    coreTask_f                               0x080026f9   Thumb Code    46  menu.o(i.coreTask_f)
    disableSamplingSupply                    0x0800272d   Thumb Code    18  ldo.o(i.disableSamplingSupply)
    enableSamplingSupply                     0x0800273f   Thumb Code    16  ldo.o(i.enableSamplingSupply)
    fillBlock                                0x08002751   Thumb Code    64  sampler.o(i.fillBlock)
    fillBlockMenuShim                        0x08002795   Thumb Code    12  sampler.o(i.fillBlockMenuShim)
    fillSpiSawTooth                          0x080027a1   Thumb Code    68  memoryselftest.o(i.fillSpiSawTooth)
    getAdcSample                             0x08002849   Thumb Code    20  adc.o(i.getAdcSample)
    getByteSram                              0x08002865   Thumb Code    60  mc23a1024.o(i.getByteSram)
    gpioSetReset                             0x080028b5   Thumb Code    34  gpiohal.o(i.gpioSetReset)
    hash                                     0x080028d9   Thumb Code    28  memoryselftest.o(i.hash)
    iniLdoClocksAndPins                      0x080028f9   Thumb Code    76  ldo.o(i.iniLdoClocksAndPins)
    initSpis                                 0x08002a15   Thumb Code    88  spihal.o(i.initSpis)
    initTimerRcc                             0x08002a75   Thumb Code    26  timerhal.o(i.initTimerRcc)
    initUart                                 0x08002a95   Thumb Code   128  uarthal.o(i.initUart)
    initUartClocksAndPins                    0x08002b25   Thumb Code   450  uarthal.o(i.initUartClocksAndPins)
    main                                     0x08002cfd   Thumb Code    34  main_fw.o(i.main)
    mainMenu_f                               0x08002d21   Thumb Code    38  menu.o(i.mainMenu_f)
    memToBuffer                              0x08002d4d   Thumb Code    52  sampler.o(i.memToBuffer)
    multiSectorSpiMemFill                    0x08002dc5   Thumb Code    62  sampler.o(i.multiSectorSpiMemFill)
    multiSectorSpiMemFillShim                0x08002e05   Thumb Code    14  sampler.o(i.multiSectorSpiMemFillShim)
    printMenu                                0x08002e19   Thumb Code    72  menu.o(i.printMenu)
    printNewLine                             0x08002e61   Thumb Code    28  menu.o(i.printNewLine)
    putChar                                  0x08002e9d   Thumb Code    14  mc23a1024.o(i.putChar)
    readByteSpiLld                           0x08002ead   Thumb Code    68  spihal.o(i.readByteSpiLld)
    sampleLoop_f                             0x08002ef9   Thumb Code     4  menu.o(i.sampleLoop_f)
    setMode                                  0x08002efd   Thumb Code    26  mc23a1024.o(i.setMode)
    sleepWFImultiplesOf1000ms                0x08002f19   Thumb Code   112  timerhal.o(i.sleepWFImultiplesOf1000ms)
    spiMemFinalizeSequential                 0x08002f91   Thumb Code     8  mc23a1024.o(i.spiMemFinalizeSequential)
    spiMemPrepSequentialRead                 0x08002f99   Thumb Code    24  mc23a1024.o(i.spiMemPrepSequentialRead)
    spiMemPrepSequentialWrite                0x08002fb1   Thumb Code    24  mc23a1024.o(i.spiMemPrepSequentialWrite)
    spiMem_f                                 0x08002fc9   Thumb Code    42  menu.o(i.spiMem_f)
    spiPut                                   0x08002ff9   Thumb Code    42  spihal.o(i.spiPut)
    spiPutByte                               0x0800302d   Thumb Code    38  spihal.o(i.spiPutByte)
    spiPutGet                                0x0800305d   Thumb Code    52  spihal.o(i.spiPutGet)
    spiReadDMASequentialInit                 0x08003099   Thumb Code    38  mc23a1024.o(i.spiReadDMASequentialInit)
    spiWalkTest                              0x080030c1   Thumb Code   114  memoryselftest.o(i.spiWalkTest)
    spiWalkTestRegisterSequentialMode        0x08003175   Thumb Code   132  memoryselftest.o(i.spiWalkTestRegisterSequentialMode)
    spiWriteDMASequentialFinalize            0x08003239   Thumb Code     8  mc23a1024.o(i.spiWriteDMASequentialFinalize)
    spiWriteDMASequentialInit                0x08003241   Thumb Code    38  mc23a1024.o(i.spiWriteDMASequentialInit)
    streamAllSPiZigbee                       0x08003269   Thumb Code    34  sampler.o(i.streamAllSPiZigbee)
    timerDelayUs                             0x08003295   Thumb Code   120  timerhal.o(i.timerDelayUs)
    timerDelayUsDirty                        0x0800331d   Thumb Code    36  timerhal.o(i.timerDelayUsDirty)
    timerInit                                0x08003345   Thumb Code    40  timerhal.o(i.timerInit)
    timerInitTim21                           0x08003375   Thumb Code    20  timerhal.o(i.timerInitTim21)
    timerMenu_f                              0x08003395   Thumb Code     4  menu.o(i.timerMenu_f)
    uartGetMenu                              0x08003399   Thumb Code    22  uarthal.o(i.uartGetMenu)
    uartPut                                  0x080033b5   Thumb Code    22  uarthal.o(i.uartPut)
    uartPutMenu                              0x080033d1   Thumb Code    22  uarthal.o(i.uartPutMenu)
    uartPutMenuAutoCount                     0x080033ed   Thumb Code    22  menu.o(i.uartPutMenuAutoCount)
    writeByteSpiLld                          0x08003405   Thumb Code    52  spihal.o(i.writeByteSpiLld)
    writeByteSram                            0x08003441   Thumb Code    52  mc23a1024.o(i.writeByteSram)
    zigbeeMenu_f                             0x08003475   Thumb Code    46  menu.o(i.zigbeeMenu_f)
    zigbeeTestSendIncrementing               0x080034a9   Thumb Code    62  zigbee.o(i.zigbeeTestSendIncrementing)
    zigbeeWrite                              0x080034ed   Thumb Code    30  zigbee.o(i.zigbeeWrite)
    AHBPrescTable                            0x08003510   Data          16  system_stm32l0xx.o(.constdata)
    APBPrescTable                            0x08003520   Data           8  system_stm32l0xx.o(.constdata)
    PLLMulTable                              0x08003528   Data           9  system_stm32l0xx.o(.constdata)
    newLine                                  0x08003531   Data           1  menu.o(.constdata)
    RESQUEST_RESPONSE                        0x08003532   Data          37  menu.o(.constdata)
    NUMBER_OFFSET_ANSCII                     0x08003557   Data           1  menu.o(.constdata)
    Region$$Table$$Base                      0x080037c8   Number         0  anon$$obj.o(Region$$Table)
    Region$$Table$$Limit                     0x080037e8   Number         0  anon$$obj.o(Region$$Table)
    uwTick                                   0x20000004   Data           4  stm32l0xx_hal.o(.data)
    SystemCoreClock                          0x20000008   Data           4  system_stm32l0xx.o(.data)
    __libspace_start                         0x20000674   Data          96  libspace.o(.bss)
    __temporary_stack_top$libspace           0x200006d4   Data           0  libspace.o(.bss)



==============================================================================

Memory Map of the image

  Image Entry point : 0x08000181

  Load Region LR_1 (Base: 0x08000000, Size: 0x00003944, Max: 0xffffffff, ABSOLUTE, COMPRESSED[0x00003874])

    Execution Region ER_RO (Base: 0x08000000, Size: 0x000037e8, Max: 0xffffffff, ABSOLUTE)

    Base Addr    Size         Type   Attr      Idx    E Section Name        Object

    0x08000000   0x000000c0   Data   RO            3    RESET               startup.o
    0x080000c0   0x00000008   Code   RO         7262  * !!!main             c_p.l(__main.o)
    0x080000c8   0x0000003c   Code   RO         7437    !!!scatter          c_p.l(__scatter.o)
    0x08000104   0x0000001c   Code   RO         7439    !!handler_zi        c_p.l(__scatter_zi.o)
    0x08000120   0x00000002   Code   RO         7304    .ARM.Collect$$libinit$$00000000  c_p.l(libinit.o)
    0x08000122   0x00000000   Code   RO         7318    .ARM.Collect$$libinit$$00000002  c_p.l(libinit2.o)
    0x08000122   0x00000000   Code   RO         7320    .ARM.Collect$$libinit$$00000004  c_p.l(libinit2.o)
    0x08000122   0x00000000   Code   RO         7323    .ARM.Collect$$libinit$$0000000A  c_p.l(libinit2.o)
    0x08000122   0x00000000   Code   RO         7325    .ARM.Collect$$libinit$$0000000C  c_p.l(libinit2.o)
    0x08000122   0x00000000   Code   RO         7327    .ARM.Collect$$libinit$$0000000E  c_p.l(libinit2.o)
    0x08000122   0x00000000   Code   RO         7330    .ARM.Collect$$libinit$$00000011  c_p.l(libinit2.o)
    0x08000122   0x00000000   Code   RO         7332    .ARM.Collect$$libinit$$00000013  c_p.l(libinit2.o)
    0x08000122   0x00000000   Code   RO         7334    .ARM.Collect$$libinit$$00000015  c_p.l(libinit2.o)
    0x08000122   0x00000000   Code   RO         7336    .ARM.Collect$$libinit$$00000017  c_p.l(libinit2.o)
    0x08000122   0x00000000   Code   RO         7338    .ARM.Collect$$libinit$$00000019  c_p.l(libinit2.o)
    0x08000122   0x00000000   Code   RO         7340    .ARM.Collect$$libinit$$0000001B  c_p.l(libinit2.o)
    0x08000122   0x00000000   Code   RO         7342    .ARM.Collect$$libinit$$0000001D  c_p.l(libinit2.o)
    0x08000122   0x00000000   Code   RO         7344    .ARM.Collect$$libinit$$0000001F  c_p.l(libinit2.o)
    0x08000122   0x00000000   Code   RO         7346    .ARM.Collect$$libinit$$00000021  c_p.l(libinit2.o)
    0x08000122   0x00000000   Code   RO         7348    .ARM.Collect$$libinit$$00000023  c_p.l(libinit2.o)
    0x08000122   0x00000000   Code   RO         7350    .ARM.Collect$$libinit$$00000025  c_p.l(libinit2.o)
    0x08000122   0x00000000   Code   RO         7354    .ARM.Collect$$libinit$$0000002C  c_p.l(libinit2.o)
    0x08000122   0x00000000   Code   RO         7356    .ARM.Collect$$libinit$$0000002E  c_p.l(libinit2.o)
    0x08000122   0x00000000   Code   RO         7358    .ARM.Collect$$libinit$$00000030  c_p.l(libinit2.o)
    0x08000122   0x00000000   Code   RO         7360    .ARM.Collect$$libinit$$00000032  c_p.l(libinit2.o)
    0x08000122   0x00000002   Code   RO         7361    .ARM.Collect$$libinit$$00000033  c_p.l(libinit2.o)
    0x08000124   0x00000002   Code   RO         7392    .ARM.Collect$$libshutdown$$00000000  c_p.l(libshutdown.o)
    0x08000126   0x00000000   Code   RO         7418    .ARM.Collect$$libshutdown$$00000002  c_p.l(libshutdown2.o)
    0x08000126   0x00000000   Code   RO         7420    .ARM.Collect$$libshutdown$$00000004  c_p.l(libshutdown2.o)
    0x08000126   0x00000000   Code   RO         7423    .ARM.Collect$$libshutdown$$00000007  c_p.l(libshutdown2.o)
    0x08000126   0x00000000   Code   RO         7426    .ARM.Collect$$libshutdown$$0000000A  c_p.l(libshutdown2.o)
    0x08000126   0x00000000   Code   RO         7428    .ARM.Collect$$libshutdown$$0000000C  c_p.l(libshutdown2.o)
    0x08000126   0x00000000   Code   RO         7431    .ARM.Collect$$libshutdown$$0000000F  c_p.l(libshutdown2.o)
    0x08000126   0x00000002   Code   RO         7432    .ARM.Collect$$libshutdown$$00000010  c_p.l(libshutdown2.o)
    0x08000128   0x00000000   Code   RO         7264    .ARM.Collect$$rtentry$$00000000  c_p.l(__rtentry.o)
    0x08000128   0x00000000   Code   RO         7274    .ARM.Collect$$rtentry$$00000002  c_p.l(__rtentry2.o)
    0x08000128   0x00000006   Code   RO         7286    .ARM.Collect$$rtentry$$00000004  c_p.l(__rtentry4.o)
    0x0800012e   0x00000000   Code   RO         7276    .ARM.Collect$$rtentry$$00000009  c_p.l(__rtentry2.o)
    0x0800012e   0x00000004   Code   RO         7277    .ARM.Collect$$rtentry$$0000000A  c_p.l(__rtentry2.o)
    0x08000132   0x00000000   Code   RO         7279    .ARM.Collect$$rtentry$$0000000C  c_p.l(__rtentry2.o)
    0x08000132   0x00000008   Code   RO         7280    .ARM.Collect$$rtentry$$0000000D  c_p.l(__rtentry2.o)
    0x0800013a   0x00000002   Code   RO         7309    .ARM.Collect$$rtexit$$00000000  c_p.l(rtexit.o)
    0x0800013c   0x00000000   Code   RO         7365    .ARM.Collect$$rtexit$$00000002  c_p.l(rtexit2.o)
    0x0800013c   0x00000004   Code   RO         7366    .ARM.Collect$$rtexit$$00000003  c_p.l(rtexit2.o)
    0x08000140   0x00000006   Code   RO         7367    .ARM.Collect$$rtexit$$00000004  c_p.l(rtexit2.o)
    0x08000146   0x00000002   PAD
    0x08000148   0x00000038   Code   RO         7250    .emb_text           c_p.l(rt_memcpy.o)
    0x08000180   0x00000030   Code   RO            4  * .text               startup.o
    0x080001b0   0x00000102   Code   RO         7248    .text               c_p.l(lludiv.o)
    0x080002b2   0x0000015a   Code   RO         7256    .text               c_p.l(aeabi_sdiv.o)
    0x0800040c   0x00000006   Code   RO         7260    .text               c_p.l(heapauxi.o)
    0x08000412   0x0000003e   Code   RO         7290    .text               c_p.l(sys_stackheap_outer.o)
    0x08000450   0x00000010   Code   RO         7293    .text               c_p.l(exit.o)
    0x08000460   0x00000008   Code   RO         7305    .text               c_p.l(libspace.o)
    0x08000468   0x0000000c   Code   RO         7362    .text               c_p.l(sys_exit.o)
    0x08000474   0x00000002   Code   RO         7381    .text               c_p.l(use_no_semi.o)
    0x08000476   0x00000000   Code   RO         7383    .text               c_p.l(indicate_semi.o)
    0x08000476   0x00000056   Code   RO         7435    .text               c_p.l(__dczerorl2.o)
    0x080004cc   0x00000008   Code   RO          678    i.HAL_ADC_GetValue  stm32l0xx_hal_adc.o
    0x080004d4   0x000000e8   Code   RO          684    i.HAL_ADC_PollForConversion  stm32l0xx_hal_adc.o
    0x080005bc   0x00000190   Code   RO         1416    i.HAL_DMA_Init      stm32l0xx_hal_dma.o
    0x0800074c   0x000001ec   Code   RO         1833    i.HAL_GPIO_Init     stm32l0xx_hal_gpio.o
    0x08000938   0x0000000c   Code   RO         1837    i.HAL_GPIO_WritePin  stm32l0xx_hal_gpio.o
    0x08000944   0x0000000c   Code   RO          509    i.HAL_GetTick       stm32l0xx_hal.o
    0x08000950   0x00000028   Code   RO          512    i.HAL_InitTick      stm32l0xx_hal.o
    0x08000978   0x00000018   Code   RO         1007    i.HAL_NVIC_ClearPendingIRQ  stm32l0xx_hal_cortex.o
    0x08000990   0x00000018   Code   RO         1009    i.HAL_NVIC_EnableIRQ  stm32l0xx_hal_cortex.o
    0x080009a8   0x00000012   Code   RO         1013    i.HAL_NVIC_SetPriority  stm32l0xx_hal_cortex.o
    0x080009ba   0x00000002   PAD
    0x080009bc   0x00000338   Code   RO         3791    i.HAL_RCCEx_GetPeriphCLKFreq  stm32l0xx_hal_rcc_ex.o
    0x08000cf4   0x0000000c   Code   RO         3684    i.HAL_RCC_GetHCLKFreq  stm32l0xx_hal_rcc.o
    0x08000d00   0x00000024   Code   RO         3686    i.HAL_RCC_GetPCLK1Freq  stm32l0xx_hal_rcc.o
    0x08000d24   0x00000024   Code   RO         3687    i.HAL_RCC_GetPCLK2Freq  stm32l0xx_hal_rcc.o
    0x08000d48   0x000000e4   Code   RO         3688    i.HAL_RCC_GetSysClockFreq  stm32l0xx_hal_rcc.o
    0x08000e2c   0x000006d4   Code   RO         3691    i.HAL_RCC_OscConfig  stm32l0xx_hal_rcc.o
    0x08001500   0x0000008e   Code   RO         4836    i.HAL_SPI_Init      stm32l0xx_hal_spi.o
    0x0800158e   0x00000002   Code   RO         4838    i.HAL_SPI_MspInit   stm32l0xx_hal_spi.o
    0x08001590   0x000001da   Code   RO         4844    i.HAL_SPI_Transmit  stm32l0xx_hal_spi.o
    0x0800176a   0x0000037e   Code   RO         4845    i.HAL_SPI_TransmitReceive  stm32l0xx_hal_spi.o
    0x08001ae8   0x00000038   Code   RO         1017    i.HAL_SYSTICK_Config  stm32l0xx_hal_cortex.o
    0x08001b20   0x00000082   Code   RO         5871    i.HAL_UART_Init     stm32l0xx_hal_uart.o
    0x08001ba2   0x00000002   Code   RO         5873    i.HAL_UART_MspInit  stm32l0xx_hal_uart.o
    0x08001ba4   0x0000014c   Code   RO         5874    i.HAL_UART_Receive  stm32l0xx_hal_uart.o
    0x08001cf0   0x000000f0   Code   RO         5879    i.HAL_UART_Transmit  stm32l0xx_hal_uart.o
    0x08001de0   0x00000078   Code   RO         1019    i.NVIC_SetPriority  stm32l0xx_hal_cortex.o
    0x08001e58   0x00000098   Code   RO         3692    i.RCC_SetFlashLatencyFromMSIRange  stm32l0xx_hal_rcc.o
    0x08001ef0   0x00000118   Code   RO         4866    i.SPI_WaitOnFlagUntilTimeout  stm32l0xx_hal_spi.o
    0x08002008   0x00000014   Code   RO         6879    i.SRAM_CS_HIGH      mc23a1024.o
    0x0800201c   0x00000014   Code   RO         6880    i.SRAM_CS_LOW       mc23a1024.o
    0x08002030   0x00000002   Code   RO          317    i.SysTick_Handler   timerhal.o
    0x08002032   0x00000002   PAD
    0x08002034   0x00000038   Code   RO          318    i.TIM2_IRQHandler   timerhal.o
    0x0800206c   0x000000f0   Code   RO         5884    i.UART_AdvFeatureConfig  stm32l0xx_hal_uart.o
    0x0800215c   0x00000074   Code   RO         5885    i.UART_CheckIdleState  stm32l0xx_hal_uart.o
    0x080021d0   0x000003d0   Code   RO         5900    i.UART_SetConfig    stm32l0xx_hal_uart.o
    0x080025a0   0x00000070   Code   RO         5902    i.UART_WaitOnFlagUntilTimeout  stm32l0xx_hal_uart.o
    0x08002610   0x00000014   Code   RO         7102    i.ZIGBEE_DOZE       zigbee.o
    0x08002624   0x00000018   Code   RO         7103    i.ZIGBEE_WAKE       zigbee.o
    0x0800263c   0x00000030   Code   RO         6187    i.__ARM_common_ll_muluu  stm32l0xx_hal_uart.o
    0x0800266c   0x00000004   Code   RO         6756    i.adcMenu_f         menu.o
    0x08002670   0x0000000c   Code   RO         6757    i.blockForInput     menu.o
    0x0800267c   0x00000014   Code   RO         6881    i.blockToAdressTranslate  mc23a1024.o
    0x08002690   0x0000001c   Code   RO         7143    i.bufferToZigbee    sampler.o
    0x080026ac   0x0000000c   Code   RO         7144    i.bufferToZigbeeShim  sampler.o
    0x080026b8   0x00000040   Code   RO         6758    i.clearScreen       menu.o
    0x080026f8   0x00000034   Code   RO         6759    i.coreTask_f        menu.o
    0x0800272c   0x00000012   Code   RO         7213    i.disableSamplingSupply  ldo.o
    0x0800273e   0x00000010   Code   RO         7214    i.enableSamplingSupply  ldo.o
    0x0800274e   0x00000002   PAD
    0x08002750   0x00000044   Code   RO         7145    i.fillBlock         sampler.o
    0x08002794   0x0000000c   Code   RO         7146    i.fillBlockMenuShim  sampler.o
    0x080027a0   0x000000a8   Code   RO         7013    i.fillSpiSawTooth   memoryselftest.o
    0x08002848   0x0000001c   Code   RO         7070    i.getAdcSample      adc.o
    0x08002864   0x0000003c   Code   RO         6884    i.getByteSram       mc23a1024.o
    0x080028a0   0x00000014   Code   RO         6760    i.getLen            menu.o
    0x080028b4   0x00000022   Code   RO          403    i.gpioSetReset      gpiohal.o
    0x080028d6   0x00000002   PAD
    0x080028d8   0x00000020   Code   RO         7014    i.hash              memoryselftest.o
    0x080028f8   0x00000050   Code   RO         7215    i.iniLdoClocksAndPins  ldo.o
    0x08002948   0x000000cc   Code   RO          242    i.initSpiGpios      spihal.o
    0x08002a14   0x00000060   Code   RO          243    i.initSpis          spihal.o
    0x08002a74   0x00000020   Code   RO          319    i.initTimerRcc      timerhal.o
    0x08002a94   0x00000090   Code   RO          441    i.initUart          uarthal.o
    0x08002b24   0x000001d8   Code   RO          442    i.initUartClocksAndPins  uarthal.o
    0x08002cfc   0x00000022   Code   RO           12    i.main              main_fw.o
    0x08002d1e   0x00000002   PAD
    0x08002d20   0x0000002c   Code   RO         6761    i.mainMenu_f        menu.o
    0x08002d4c   0x0000003c   Code   RO         7147    i.memToBuffer       sampler.o
    0x08002d88   0x0000003c   Code   RO         6762    i.menuSelect        menu.o
    0x08002dc4   0x0000003e   Code   RO         7149    i.multiSectorSpiMemFill  sampler.o
    0x08002e02   0x00000002   PAD
    0x08002e04   0x00000014   Code   RO         7150    i.multiSectorSpiMemFillShim  sampler.o
    0x08002e18   0x00000048   Code   RO         6764    i.printMenu         menu.o
    0x08002e60   0x0000001c   Code   RO         6765    i.printNewLine      menu.o
    0x08002e7c   0x00000020   Code   RO         6766    i.printStars        menu.o
    0x08002e9c   0x0000000e   Code   RO         6888    i.putChar           mc23a1024.o
    0x08002eaa   0x00000002   PAD
    0x08002eac   0x0000004c   Code   RO          244    i.readByteSpiLld    spihal.o
    0x08002ef8   0x00000004   Code   RO         6767    i.sampleLoop_f      menu.o
    0x08002efc   0x0000001a   Code   RO         6890    i.setMode           mc23a1024.o
    0x08002f16   0x00000002   PAD
    0x08002f18   0x00000078   Code   RO          320    i.sleepWFImultiplesOf1000ms  timerhal.o
    0x08002f90   0x00000008   Code   RO         6891    i.spiMemFinalizeSequential  mc23a1024.o
    0x08002f98   0x00000018   Code   RO         6892    i.spiMemPrepSequentialRead  mc23a1024.o
    0x08002fb0   0x00000018   Code   RO         6893    i.spiMemPrepSequentialWrite  mc23a1024.o
    0x08002fc8   0x00000030   Code   RO         6768    i.spiMem_f          menu.o
    0x08002ff8   0x00000034   Code   RO          246    i.spiPut            spihal.o
    0x0800302c   0x00000030   Code   RO          247    i.spiPutByte        spihal.o
    0x0800305c   0x0000003c   Code   RO          248    i.spiPutGet         spihal.o
    0x08003098   0x00000026   Code   RO         6894    i.spiReadDMASequentialInit  mc23a1024.o
    0x080030be   0x00000002   PAD
    0x080030c0   0x000000b4   Code   RO         7018    i.spiWalkTest       memoryselftest.o
    0x08003174   0x000000c4   Code   RO         7019    i.spiWalkTestRegisterSequentialMode  memoryselftest.o
    0x08003238   0x00000008   Code   RO         6895    i.spiWriteDMASequentialFinalize  mc23a1024.o
    0x08003240   0x00000026   Code   RO         6896    i.spiWriteDMASequentialInit  mc23a1024.o
    0x08003266   0x00000002   PAD
    0x08003268   0x0000002c   Code   RO         7151    i.streamAllSPiZigbee  sampler.o
    0x08003294   0x00000088   Code   RO          324    i.timerDelayUs      timerhal.o
    0x0800331c   0x00000028   Code   RO          325    i.timerDelayUsDirty  timerhal.o
    0x08003344   0x00000030   Code   RO          326    i.timerInit         timerhal.o
    0x08003374   0x00000020   Code   RO          327    i.timerInitTim21    timerhal.o
    0x08003394   0x00000004   Code   RO         6769    i.timerMenu_f       menu.o
    0x08003398   0x0000001c   Code   RO          444    i.uartGetMenu       uarthal.o
    0x080033b4   0x0000001c   Code   RO          445    i.uartPut           uarthal.o
    0x080033d0   0x0000001c   Code   RO          446    i.uartPutMenu       uarthal.o
    0x080033ec   0x00000016   Code   RO         6770    i.uartPutMenuAutoCount  menu.o
    0x08003402   0x00000002   PAD
    0x08003404   0x0000003c   Code   RO          250    i.writeByteSpiLld   spihal.o
    0x08003440   0x00000034   Code   RO         6897    i.writeByteSram     mc23a1024.o
    0x08003474   0x00000034   Code   RO         6771    i.zigbeeMenu_f      menu.o
    0x080034a8   0x00000044   Code   RO         7104    i.zigbeeTestSendIncrementing  zigbee.o
    0x080034ec   0x00000024   Code   RO         7105    i.zigbeeWrite       zigbee.o
    0x08003510   0x00000021   Data   RO         6724    .constdata          system_stm32l0xx.o
    0x08003531   0x00000027   Data   RO         6772    .constdata          menu.o
    0x08003558   0x000001dd   Data   RO         6773    .conststring        menu.o
    0x08003735   0x00000003   PAD
    0x08003738   0x00000090   Data   RO         7020    .conststring        memoryselftest.o
    0x080037c8   0x00000020   Data   RO         7433    Region$$Table       anon$$obj.o


    Execution Region ER_RW (Base: 0x20000000, Size: 0x0000015c, Max: 0xffffffff, ABSOLUTE, COMPRESSED[0x0000008c])

    Base Addr    Size         Type   Attr      Idx    E Section Name        Object

    0x20000000   0x00000001   Data   RW          329    .data               timerhal.o
    0x20000001   0x00000003   PAD
    0x20000004   0x00000004   Data   RW          521    .data               stm32l0xx_hal.o
    0x20000008   0x00000004   Data   RW         6725    .data               system_stm32l0xx.o
    0x2000000c   0x00000150   Data   RW         6774    .data               menu.o


    Execution Region ER_ZI (Base: 0x2000015c, Size: 0x00000b7c, Max: 0xffffffff, ABSOLUTE)

    Base Addr    Size         Type   Attr      Idx    E Section Name        Object

    0x2000015c   0x000000b0   Zero   RW          251    .bss                spihal.o
    0x2000020c   0x000000a8   Zero   RW          328    .bss                timerhal.o
    0x200002b4   0x00000160   Zero   RW          447    .bss                uarthal.o
    0x20000414   0x00000060   Zero   RW         7072    .bss                adc.o
    0x20000474   0x00000200   Zero   RW         7152    .bss                sampler.o
    0x20000674   0x00000060   Zero   RW         7306    .bss                c_p.l(libspace.o)
    0x200006d4   0x00000004   PAD
    0x200006d8   0x00000200   Zero   RW            2    HEAP                startup.o
    0x200008d8   0x00000400   Zero   RW            1    STACK               startup.o


==============================================================================

Image component sizes


      Code (inc. data)   RO Data    RW Data    ZI Data      Debug   Object Name

        28          8          0          0         96        595   adc.o
        34          0          0          0          0       1087   gpiohal.o
       114          4          0          0          0       1661   ldo.o
        34          0          0          0          0     350463   main_fw.o
       352         14          0          0          0       7093   mc23a1024.o
       576        234        144          0          0       2639   memoryselftest.o
       518         50        516        336          0       8222   menu.o
       306         32          0          0        512       4689   sampler.o
       596         62          0          0        176       5840   spihal.o
        48         22        192          0       1536        584   startup.o
        52         10          0          4          0       1734   stm32l0xx_hal.o
       240          0          0          0          0       1691   stm32l0xx_hal_adc.o
       242         32          0          0          0      10816   stm32l0xx_hal_cortex.o
       400         10          0          0          0        991   stm32l0xx_hal_dma.o
       504         30          0          0          0       1960   stm32l0xx_hal_gpio.o
      2212         94          0          0          0       5122   stm32l0xx_hal_rcc.o
       824         42          0          0          0       1217   stm32l0xx_hal_rcc_ex.o
      1792          0          0          0          0       4502   stm32l0xx_hal_spi.o
      2196         54          0          0          0       6595   stm32l0xx_hal_uart.o
         0          0         33          4          0        818   system_stm32l0xx.o
       466         62          0          1        168       4363   timerhal.o
       700         56          0          0        352       4993   uarthal.o
       148         22          0          0          0       1975   zigbee.o

    ----------------------------------------------------------------------
     12404        838        920        348       2840     429650   Object Totals
         0          0         32          0          0          0   (incl. Generated)
        22          0          3          3          0          0   (incl. Padding)

    ----------------------------------------------------------------------

      Code (inc. data)   RO Data    RW Data    ZI Data      Debug   Library Member Name

        86          0          0          0          0          0   __dczerorl2.o
         8          0          0          0          0         68   __main.o
         0          0          0          0          0          0   __rtentry.o
        12          0          0          0          0          0   __rtentry2.o
         6          0          0          0          0          0   __rtentry4.o
        60          8          0          0          0          0   __scatter.o
        28          0          0          0          0          0   __scatter_zi.o
       346          0          0          0          0         92   aeabi_sdiv.o
        16          0          0          0          0         68   exit.o
         6          0          0          0          0        136   heapauxi.o
         0          0          0          0          0          0   indicate_semi.o
         2          0          0          0          0          0   libinit.o
         2          0          0          0          0          0   libinit2.o
         2          0          0          0          0          0   libshutdown.o
         2          0          0          0          0          0   libshutdown2.o
         8          4          0          0         96         68   libspace.o
       258          0          0          0          0         88   lludiv.o
        56          0          0          0          0         68   rt_memcpy.o
         2          0          0          0          0          0   rtexit.o
        10          0          0          0          0          0   rtexit2.o
        12          4          0          0          0         60   sys_exit.o
        62          0          0          0          0         80   sys_stackheap_outer.o
         2          0          0          0          0         68   use_no_semi.o

    ----------------------------------------------------------------------
       988         16          0          0        100        796   Library Totals
         2          0          0          0          4          0   (incl. Padding)

    ----------------------------------------------------------------------

      Code (inc. data)   RO Data    RW Data    ZI Data      Debug   Library Name

       986         16          0          0         96        796   c_p.l

    ----------------------------------------------------------------------
       988         16          0          0        100        796   Library Totals

    ----------------------------------------------------------------------

==============================================================================


      Code (inc. data)   RO Data    RW Data    ZI Data      Debug   

     13392        854        920        348       2940     425854   Grand Totals
     13392        854        920        140       2940     425854   ELF Image Totals (compressed)
     13392        854        920        140          0          0   ROM Totals

==============================================================================

    Total RO  Size (Code + RO Data)                14312 (  13.98kB)
    Total RW  Size (RW Data + ZI Data)              3288 (   3.21kB)
    Total ROM Size (Code + RO Data + RW Data)      14452 (  14.11kB)

==============================================================================

